Archive member included to satisfy reference by file (symbol)

/usr/lib/gcc/arm-none-eabi/9.2.1/../../../arm-none-eabi/lib/thumb/v7-m/nofp/libc_nano.a(lib_a-atexit.o)
                              /usr/lib/gcc/arm-none-eabi/9.2.1/../../../arm-none-eabi/lib/thumb/v7-m/nofp/crt0.o (atexit)
/usr/lib/gcc/arm-none-eabi/9.2.1/../../../arm-none-eabi/lib/thumb/v7-m/nofp/libc_nano.a(lib_a-atof.o)
                              build/GcodeConverter_Gcode.o (atof)
/usr/lib/gcc/arm-none-eabi/9.2.1/../../../arm-none-eabi/lib/thumb/v7-m/nofp/libc_nano.a(lib_a-atoi.o)
                              build/GcodeConverter_Gcode.o (atoi)
/usr/lib/gcc/arm-none-eabi/9.2.1/../../../arm-none-eabi/lib/thumb/v7-m/nofp/libc_nano.a(lib_a-exit.o)
                              /usr/lib/gcc/arm-none-eabi/9.2.1/../../../arm-none-eabi/lib/thumb/v7-m/nofp/crt0.o (exit)
/usr/lib/gcc/arm-none-eabi/9.2.1/../../../arm-none-eabi/lib/thumb/v7-m/nofp/libc_nano.a(lib_a-fini.o)
                              /usr/lib/gcc/arm-none-eabi/9.2.1/../../../arm-none-eabi/lib/thumb/v7-m/nofp/crt0.o (__libc_fini_array)
/usr/lib/gcc/arm-none-eabi/9.2.1/../../../arm-none-eabi/lib/thumb/v7-m/nofp/libc_nano.a(lib_a-impure.o)
                              /usr/lib/gcc/arm-none-eabi/9.2.1/../../../arm-none-eabi/lib/thumb/v7-m/nofp/libc_nano.a(lib_a-exit.o) (_global_impure_ptr)
/usr/lib/gcc/arm-none-eabi/9.2.1/../../../arm-none-eabi/lib/thumb/v7-m/nofp/libc_nano.a(lib_a-init.o)
                              /usr/lib/gcc/arm-none-eabi/9.2.1/../../../arm-none-eabi/lib/thumb/v7-m/nofp/crt0.o (__libc_init_array)
/usr/lib/gcc/arm-none-eabi/9.2.1/../../../arm-none-eabi/lib/thumb/v7-m/nofp/libc_nano.a(lib_a-malloc.o)
                              build/usbh_msc.o (malloc)
/usr/lib/gcc/arm-none-eabi/9.2.1/../../../arm-none-eabi/lib/thumb/v7-m/nofp/libc_nano.a(lib_a-memset.o)
                              /usr/lib/gcc/arm-none-eabi/9.2.1/../../../arm-none-eabi/lib/thumb/v7-m/nofp/crt0.o (memset)
/usr/lib/gcc/arm-none-eabi/9.2.1/../../../arm-none-eabi/lib/thumb/v7-m/nofp/libc_nano.a(lib_a-nano-freer.o)
                              /usr/lib/gcc/arm-none-eabi/9.2.1/../../../arm-none-eabi/lib/thumb/v7-m/nofp/libc_nano.a(lib_a-malloc.o) (_free_r)
/usr/lib/gcc/arm-none-eabi/9.2.1/../../../arm-none-eabi/lib/thumb/v7-m/nofp/libc_nano.a(lib_a-nano-mallocr.o)
                              /usr/lib/gcc/arm-none-eabi/9.2.1/../../../arm-none-eabi/lib/thumb/v7-m/nofp/libc_nano.a(lib_a-malloc.o) (_malloc_r)
/usr/lib/gcc/arm-none-eabi/9.2.1/../../../arm-none-eabi/lib/thumb/v7-m/nofp/libc_nano.a(lib_a-printf.o)
                              build/stm32f1xx_it.o (printf)
/usr/lib/gcc/arm-none-eabi/9.2.1/../../../arm-none-eabi/lib/thumb/v7-m/nofp/libc_nano.a(lib_a-sbrkr.o)
                              /usr/lib/gcc/arm-none-eabi/9.2.1/../../../arm-none-eabi/lib/thumb/v7-m/nofp/libc_nano.a(lib_a-nano-mallocr.o) (_sbrk_r)
/usr/lib/gcc/arm-none-eabi/9.2.1/../../../arm-none-eabi/lib/thumb/v7-m/nofp/libc_nano.a(lib_a-sprintf.o)
                              build/FunctionsForButtons.o (sprintf)
/usr/lib/gcc/arm-none-eabi/9.2.1/../../../arm-none-eabi/lib/thumb/v7-m/nofp/libc_nano.a(lib_a-strchr.o)
                              build/GcodeConverter_Gcode.o (strchr)
/usr/lib/gcc/arm-none-eabi/9.2.1/../../../arm-none-eabi/lib/thumb/v7-m/nofp/libc_nano.a(lib_a-strcpy.o)
                              build/Driver_USBdrive.o (strcpy)
/usr/lib/gcc/arm-none-eabi/9.2.1/../../../arm-none-eabi/lib/thumb/v7-m/nofp/libc_nano.a(lib_a-strtod.o)
                              /usr/lib/gcc/arm-none-eabi/9.2.1/../../../arm-none-eabi/lib/thumb/v7-m/nofp/libc_nano.a(lib_a-atof.o) (strtod)
/usr/lib/gcc/arm-none-eabi/9.2.1/../../../arm-none-eabi/lib/thumb/v7-m/nofp/libc_nano.a(lib_a-strtol.o)
                              /usr/lib/gcc/arm-none-eabi/9.2.1/../../../arm-none-eabi/lib/thumb/v7-m/nofp/libc_nano.a(lib_a-atoi.o) (_strtol_r)
/usr/lib/gcc/arm-none-eabi/9.2.1/../../../arm-none-eabi/lib/thumb/v7-m/nofp/libc_nano.a(lib_a-swprintf.o)
                              build/TextConverter_LCD.o (swprintf)
/usr/lib/gcc/arm-none-eabi/9.2.1/../../../arm-none-eabi/lib/thumb/v7-m/nofp/libc_nano.a(lib_a-wcscpy.o)
                              build/TextConverter_LCD.o (wcscpy)
/usr/lib/gcc/arm-none-eabi/9.2.1/../../../arm-none-eabi/lib/thumb/v7-m/nofp/libc_nano.a(lib_a-wcslen.o)
                              build/TextConverter_LCD.o (wcslen)
/usr/lib/gcc/arm-none-eabi/9.2.1/../../../arm-none-eabi/lib/thumb/v7-m/nofp/libc_nano.a(lib_a-wcsstr.o)
                              build/TextConverter_LCD.o (wcsstr)
/usr/lib/gcc/arm-none-eabi/9.2.1/../../../arm-none-eabi/lib/thumb/v7-m/nofp/libc_nano.a(lib_a-wmemcpy.o)
                              build/TextConverter_LCD.o (wmemcpy)
/usr/lib/gcc/arm-none-eabi/9.2.1/../../../arm-none-eabi/lib/thumb/v7-m/nofp/libc_nano.a(lib_a-__atexit.o)
[...]
Memory Configuration

Name             Origin             Length             Attributes
RAM              0x0000000020000000 0x0000000000010000 xrw
FLASH            0x0000000008000000 0x0000000000040000 xr
*default*        0x0000000000000000 0xffffffffffffffff

Linker script and memory map

LOAD /usr/lib/gcc/arm-none-eabi/9.2.1/thumb/v7-m/nofp/crti.o
LOAD /usr/lib/gcc/arm-none-eabi/9.2.1/thumb/v7-m/nofp/crtbegin.o
LOAD /usr/lib/gcc/arm-none-eabi/9.2.1/../../../arm-none-eabi/lib/thumb/v7-m/nofp/crt0.o
LOAD build/main.o
LOAD build/gpio.o
LOAD build/fatfs.o
LOAD build/sys.o
LOAD build/tim.o
LOAD build/usart.o
LOAD build/usb_host.o
LOAD build/usbh_conf.o
LOAD build/usbh_platform.o
LOAD build/stm32f1xx_it.o
LOAD build/stm32f1xx_hal_msp.o
LOAD build/stm32f1xx_hal_gpio_ex.o
LOAD build/stm32f1xx_hal_hcd.o
LOAD build/stm32f1xx_ll_usb.o
LOAD build/stm32f1xx_hal.o
LOAD build/stm32f1xx_hal_rcc.o
LOAD build/stm32f1xx_hal_rcc_ex.o
LOAD build/stm32f1xx_hal_gpio.o
LOAD build/stm32f1xx_hal_dma.o
LOAD build/stm32f1xx_hal_cortex.o
LOAD build/stm32f1xx_hal_pwr.o
LOAD build/stm32f1xx_hal_flash.o
LOAD build/stm32f1xx_hal_flash_ex.o
LOAD build/stm32f1xx_hal_tim.o
LOAD build/stm32f1xx_hal_tim_ex.o
LOAD build/stm32f1xx_hal_uart.o
LOAD build/system_stm32f1xx.o
LOAD build/diskio.o
LOAD build/ff.o
LOAD build/ff_gen_drv.o
LOAD build/syscall.o
LOAD build/ccsbcs.o
LOAD build/usbh_diskio.o
LOAD build/usbh_core.o
LOAD build/usbh_ctlreq.o
LOAD build/usbh_ioreq.o
LOAD build/usbh_pipes.o
LOAD build/usbh_msc.o
LOAD build/usbh_msc_bot.o
LOAD build/usbh_msc_scsi.o
LOAD build/Buffer_Gcode.o
LOAD build/Descritization_Gcode.o
LOAD build/GcodeConverter_Gcode.o
LOAD build/VirtualPrinters_Gcode.o
LOAD build/CharacterConverter_LCD.o
LOAD build/Driver_LCD.o
LOAD build/GPIOandTIM_LCD.o
LOAD build/Interface_LCD.o
LOAD build/TextConverter_LCD.o
LOAD build/Constructor_Menu.o
LOAD build/MainMenu_Menu.o
LOAD build/FunctionsForButtons.o
LOAD build/Driver_Motors.o
LOAD build/GPIO_Motors.o
LOAD build/State_USBdrive.o
LOAD build/Driver_USBdrive.o
LOAD build/coordinates.o
LOAD build/adc.o
LOAD build/stm32f1xx_hal_exti.o
LOAD build/stm32f1xx_hal_adc.o
LOAD build/stm32f1xx_hal_adc_ex.o
LOAD build/startup_stm32f105xc.o
LOAD /usr/lib/gcc/arm-none-eabi/9.2.1/../../../arm-none-eabi/lib/thumb/v7-m/nofp/libc_nano.a
LOAD /usr/lib/gcc/arm-none-eabi/9.2.1/../../../arm-none-eabi/lib/thumb/v7-m/nofp/libm.a
LOAD /usr/lib/gcc/arm-none-eabi/9.2.1/../../../arm-none-eabi/lib/thumb/v7-m/nofp/libnosys.a
START GROUP
LOAD /usr/lib/gcc/arm-none-eabi/9.2.1/thumb/v7-m/nofp/libgcc.a
LOAD /usr/lib/gcc/arm-none-eabi/9.2.1/../../../arm-none-eabi/lib/thumb/v7-m/nofp/libc_nano.a
END GROUP
START GROUP
LOAD /usr/lib/gcc/arm-none-eabi/9.2.1/thumb/v7-m/nofp/libgcc.a
LOAD /usr/lib/gcc/arm-none-eabi/9.2.1/../../../arm-none-eabi/lib/thumb/v7-m/nofp/libc_nano.a
END GROUP
LOAD /usr/lib/gcc/arm-none-eabi/9.2.1/thumb/v7-m/nofp/crtend.o
LOAD /usr/lib/gcc/arm-none-eabi/9.2.1/thumb/v7-m/nofp/crtn.o
                0x0000000020010000                _estack = 0x20010000
                0x0000000000000200                _Min_Heap_Size = 0x200
                0x0000000000000400                _Min_Stack_Size = 0x400

.isr_vector     0x0000000008000000      0x1e4
                0x0000000008000000                . = ALIGN (0x4)
 *(.isr_vector)
 .isr_vector    0x0000000008000000      0x1e4 build/startup_stm32f105xc.o
                0x0000000008000000                g_pfnVectors
                0x00000000080001e4                . = ALIGN (0x4)

.text           0x00000000080001e8    0x15008
                0x00000000080001e8                . = ALIGN (0x4)
 *(.text)
 .text          0x00000000080001e8       0x88 /usr/lib/gcc/arm-none-eabi/9.2.1/thumb/v7-m/nofp/crtbegin.o
 .text          0x0000000008000270        0x8 /usr/lib/gcc/arm-none-eabi/9.2.1/../../../arm-none-eabi/lib/thumb/v7-m/nofp/libc_nano.a(lib_a-atof.o)
                0x0000000008000270                atof
 .text          0x0000000008000278       0x10 /usr/lib/gcc/arm-none-eabi/9.2.1/../../../arm-none-eabi/lib/thumb/v7-m/nofp/libc_nano.a(lib_a-atoi.o)
                0x0000000008000278                atoi
                0x0000000008000280                _atoi_r
 .text          0x0000000008000288       0x20 /usr/lib/gcc/arm-none-eabi/9.2.1/../../../arm-none-eabi/lib/thumb/v7-m/nofp/libc_nano.a(lib_a-malloc.o)
                0x0000000008000288                malloc
                0x0000000008000298                free
 .text          0x00000000080002a8       0xa0 /usr/lib/gcc/arm-none-eabi/9.2.1/../../../arm-none-eabi/lib/thumb/v7-m/nofp/libc_nano.a(lib_a-memset.o)
                0x00000000080002a8                memset
 .text          0x0000000008000348       0xa8 /usr/lib/gcc/arm-none-eabi/9.2.1/../../../arm-none-eabi/lib/thumb/v7-m/nofp/libc_nano.a(lib_a-nano-freer.o)
                0x0000000008000348                _free_r
 .text          0x00000000080003f0       0xc8 /usr/lib/gcc/arm-none-eabi/9.2.1/../../../arm-none-eabi/lib/thumb/v7-m/nofp/libc_nano.a(lib_a-nano-mallocr.o)
                0x00000000080003f0                _malloc_r
 .text          0x00000000080004b8       0x68 /usr/lib/gcc/arm-none-eabi/9.2.1/../../../arm-none-eabi/lib/thumb/v7-m/nofp/libc_nano.a(lib_a-printf.o)
                0x00000000080004b8                _printf_r
                0x00000000080004b8                _iprintf_r
                0x00000000080004e8                printf
                0x00000000080004e8                iprintf
 .text          0x0000000008000520       0x24 /usr/lib/gcc/arm-none-eabi/9.2.1/../../../arm-none-eabi/lib/thumb/v7-m/nofp/libc_nano.a(lib_a-sbrkr.o)
                0x0000000008000520                _sbrk_r
 .text          0x0000000008000544       0x80 /usr/lib/gcc/arm-none-eabi/9.2.1/../../../arm-none-eabi/lib/thumb/v7-m/nofp/libc_nano.a(lib_a-sprintf.o)
                0x0000000008000544                _siprintf_r
                0x0000000008000544                _sprintf_r
                0x0000000008000580                sprintf
                0x0000000008000580                siprintf
 .text          0x00000000080005c4       0xc8 /usr/lib/gcc/arm-none-eabi/9.2.1/../../../arm-none-eabi/lib/thumb/v7-m/nofp/libc_nano.a(lib_a-strchr.o)
                0x00000000080005c4                strchr
 .text          0x000000000800068c       0xbc /usr/lib/gcc/arm-none-eabi/9.2.1/../../../arm-none-eabi/lib/thumb/v7-m/nofp/libc_nano.a(lib_a-strcpy.o)
                0x000000000800068c                strcpy
 .text          0x0000000008000748     0x10a8 /usr/lib/gcc/arm-none-eabi/9.2.1/../../../arm-none-eabi/lib/thumb/v7-m/nofp/libc_nano.a(lib_a-strtod.o)
                0x000000000800078c                _strtod_l
                0x0000000008001674                _strtod_r
                0x0000000008001680                strtod_l
                0x0000000008001698                strtod
                0x00000000080016b4                strtof_l
                0x0000000008001750                strtof
 .text          0x00000000080017f0      0x164 /usr/lib/gcc/arm-none-eabi/9.2.1/../../../arm-none-eabi/lib/thumb/v7-m/nofp/libc_nano.a(lib_a-strtol.o)
                0x0000000008001928                _strtol_r
                0x000000000800192c                strtol_l
                0x0000000008001940                strtol
 .text          0x0000000008001954       0xf4 /usr/lib/gcc/arm-none-eabi/9.2.1/../../../arm-none-eabi/lib/thumb/v7-m/nofp/libc_nano.a(lib_a-swprintf.o)
                0x0000000008001954                _swprintf_r
                0x00000000080019c8                swprintf
 .text          0x0000000008001a48       0x1c /usr/lib/gcc/arm-none-eabi/9.2.1/../../../arm-none-eabi/lib/thumb/v7-m/nofp/libc_nano.a(lib_a-wcscpy.o)
                0x0000000008001a48                wcscpy
 .text          0x0000000008001a64       0x18 /usr/lib/gcc/arm-none-eabi/9.2.1/../../../arm-none-eabi/lib/thumb/v7-m/nofp/libc_nano.a(lib_a-wcslen.o)
                0x0000000008001a64                wcslen
 .text          0x0000000008001a7c       0x58 /usr/lib/gcc/arm-none-eabi/9.2.1/../../../arm-none-eabi/lib/thumb/v7-m/nofp/libc_nano.a(lib_a-wcsstr.o)
                0x0000000008001a7c                wcsstr
 .text          0x0000000008001ad4        0x8 /usr/lib/gcc/arm-none-eabi/9.2.1/../../../arm-none-eabi/lib/thumb/v7-m/nofp/libc_nano.a(lib_a-wmemcpy.o)
                0x0000000008001ad4                wmemcpy
 .text          0x0000000008001adc        0xc /usr/lib/gcc/arm-none-eabi/9.2.1/../../../arm-none-eabi/lib/thumb/v7-m/nofp/libc_nano.a(lib_a-errno.o)
                0x0000000008001adc                __errno
 .text          0x0000000008001ae8      0x210 /usr/lib/gcc/arm-none-eabi/9.2.1/../../../arm-none-eabi/lib/thumb/v7-m/nofp/libc_nano.a(lib_a-findfp.o)
                0x0000000008001aec                _cleanup_r
                0x0000000008001afc                __sfmoreglue
                0x0000000008001b2c                __sfp
                0x0000000008001ca4                _cleanup
                0x0000000008001cb8                __sinit
                0x0000000008001cc0                __sfp_lock_acquire
                0x0000000008001cc4                __sfp_lock_release
                0x0000000008001cc8                __sinit_lock_acquire
                0x0000000008001ccc                __sinit_lock_release
                0x0000000008001cd0                __fp_lock_all
                0x0000000008001ce4                __fp_unlock_all
 .text          0x0000000008001cf8       0x98 /usr/lib/gcc/arm-none-eabi/9.2.1/../../../arm-none-eabi/lib/thumb/v7-m/nofp/libc_nano.a(lib_a-fwalk.o)
                0x0000000008001cf8                _fwalk
                0x0000000008001d40                _fwalk_reent
 .text          0x0000000008001d90      0x60c /usr/lib/gcc/arm-none-eabi/9.2.1/../../../arm-none-eabi/lib/thumb/v7-m/nofp/libc_nano.a(lib_a-gdtoa-gethex.o)
                0x0000000008001e38                __gethex
 .text          0x000000000800239c      0x1c4 /usr/lib/gcc/arm-none-eabi/9.2.1/../../../arm-none-eabi/lib/thumb/v7-m/nofp/libc_nano.a(lib_a-gdtoa-hexnan.o)
                0x000000000800239c                __match
                0x00000000080023cc                __hexnan
 .text          0x0000000008002560       0x40 /usr/lib/gcc/arm-none-eabi/9.2.1/../../../arm-none-eabi/lib/thumb/v7-m/nofp/libc_nano.a(lib_a-mbtowc_r.o)
                0x0000000008002560                _mbtowc_r
                0x0000000008002574                __ascii_mbtowc
 .text          0x00000000080025a0       0xec /usr/lib/gcc/arm-none-eabi/9.2.1/../../../arm-none-eabi/lib/thumb/v7-m/nofp/libc_nano.a(lib_a-memcpy.o)
                0x00000000080025a0                memcpy
 .text          0x000000000800268c        0x8 /usr/lib/gcc/arm-none-eabi/9.2.1/../../../arm-none-eabi/lib/thumb/v7-m/nofp/libc_nano.a(lib_a-mlock.o)
                0x000000000800268c                __malloc_lock
                0x0000000008002690                __malloc_unlock
 .text          0x0000000008002694      0xa08 /usr/lib/gcc/arm-none-eabi/9.2.1/../../../arm-none-eabi/lib/thumb/v7-m/nofp/libc_nano.a(lib_a-mprec.o)
                0x0000000008002694                _Balloc
                0x0000000008002714                _Bfree
                0x0000000008002760                __multadd
                0x0000000008002800                __s2b
                0x00000000080028ac                __hi0bits
                0x00000000080028ec                __lo0bits
                0x000000000800294c                __i2b
                0x0000000008002978                __multiply
                0x0000000008002ac4                __pow5mult
                0x0000000008002b88                __lshift
                0x0000000008002c50                __mcmp
                0x0000000008002c88                __mdiff
                0x0000000008002db0                __ulp
                0x0000000008002df0                __b2d
                0x0000000008002eac                __d2b
                0x0000000008002f70                __ratio
                0x0000000008002fc8                _mprec_log10
                0x0000000008003000                __copybits
                0x0000000008003048                __any_on
 .text          0x000000000800309c       0x1c /usr/lib/gcc/arm-none-eabi/9.2.1/../../../arm-none-eabi/lib/thumb/v7-m/nofp/libc_nano.a(lib_a-nano-callocr.o)
                0x000000000800309c                _calloc_r
 .text          0x00000000080030b8      0x434 /usr/lib/gcc/arm-none-eabi/9.2.1/../../../arm-none-eabi/lib/thumb/v7-m/nofp/libc_nano.a(lib_a-nano-svfprintf.o)
                0x00000000080030b8                __ssputs_r
                0x000000000800317c                __ssprint_r
                0x0000000008003274                _svfprintf_r
                0x0000000008003274                _svfiprintf_r
 .text          0x00000000080034ec      0x364 /usr/lib/gcc/arm-none-eabi/9.2.1/../../../arm-none-eabi/lib/thumb/v7-m/nofp/libc_nano.a(lib_a-nano-vfprintf.o)
                0x0000000008003524                __sfputs_r
                0x0000000008003554                __sprint_r
                0x0000000008003570                _vfiprintf_r
                0x0000000008003570                _vfprintf_r
                0x0000000008003838                vfiprintf
                0x0000000008003838                vfprintf
 .text          0x0000000008003850      0x3bc /usr/lib/gcc/arm-none-eabi/9.2.1/../../../arm-none-eabi/lib/thumb/v7-m/nofp/libc_nano.a(lib_a-nano-vfprintf_i.o)
                0x0000000008003850                _printf_common
                0x0000000008003978                _printf_i
 .text          0x0000000008003c0c        0xc /usr/lib/gcc/arm-none-eabi/9.2.1/../../../arm-none-eabi/lib/thumb/v7-m/nofp/libc_nano.a(lib_a-s_nan.o)
                0x0000000008003c0c                nan
 .text          0x0000000008003c18        0x8 /usr/lib/gcc/arm-none-eabi/9.2.1/../../../arm-none-eabi/lib/thumb/v7-m/nofp/libc_nano.a(lib_a-sf_nan.o)
                0x0000000008003c18                nanf
 .text          0x0000000008003c20       0x90 /usr/lib/gcc/arm-none-eabi/9.2.1/../../../arm-none-eabi/lib/thumb/v7-m/nofp/libc_nano.a(lib_a-stdio.o)
                0x0000000008003c20                __sread
                0x0000000008003c44                __seofread
                0x0000000008003c48                __swrite
                0x0000000008003c88                __sseek
                0x0000000008003ca8                __sclose
 .text          0x0000000008003cb0       0x5c /usr/lib/gcc/arm-none-eabi/9.2.1/../../../arm-none-eabi/lib/thumb/v7-m/nofp/libc_nano.a(lib_a-strlen-stub.o)
                0x0000000008003cb0                strlen
 .text          0x0000000008003d0c       0xa0 /usr/lib/gcc/arm-none-eabi/9.2.1/../../../arm-none-eabi/lib/thumb/v7-m/nofp/libc_nano.a(lib_a-strncmp.o)
                0x0000000008003d0c                strncmp
 .text          0x0000000008003dac      0xff4 /usr/lib/gcc/arm-none-eabi/9.2.1/../../../arm-none-eabi/lib/thumb/v7-m/nofp/libc_nano.a(lib_a-svfwprintf.o)
                0x0000000008003ed8                _svfwprintf_r
 .text          0x0000000008004da0       0xc0 /usr/lib/gcc/arm-none-eabi/9.2.1/../../../arm-none-eabi/lib/thumb/v7-m/nofp/libc_nano.a(lib_a-wbuf.o)
                0x0000000008004da0                __swbuf_r
                0x0000000008004e50                __swbuf
 .text          0x0000000008004e60       0x30 /usr/lib/gcc/arm-none-eabi/9.2.1/../../../arm-none-eabi/lib/thumb/v7-m/nofp/libc_nano.a(lib_a-wctomb_r.o)
                0x0000000008004e60                _wctomb_r
                0x0000000008004e74                __ascii_wctomb
 .text          0x0000000008004e90       0x30 /usr/lib/gcc/arm-none-eabi/9.2.1/../../../arm-none-eabi/lib/thumb/v7-m/nofp/libc_nano.a(lib_a-wmemchr.o)
                0x0000000008004e90                wmemchr
 .text          0x0000000008004ec0       0x2c /usr/lib/gcc/arm-none-eabi/9.2.1/../../../arm-none-eabi/lib/thumb/v7-m/nofp/libc_nano.a(lib_a-writer.o)
                0x0000000008004ec0                _write_r
 .text          0x0000000008004eec      0x100 /usr/lib/gcc/arm-none-eabi/9.2.1/../../../arm-none-eabi/lib/thumb/v7-m/nofp/libc_nano.a(lib_a-wsetup.o)
                0x0000000008004eec                __swsetup_r
 .text          0x0000000008004fec       0x48 /usr/lib/gcc/arm-none-eabi/9.2.1/../../../arm-none-eabi/lib/thumb/v7-m/nofp/libc_nano.a(lib_a-assert.o)
                0x0000000008004fec                __assert_func
                0x0000000008005028                __assert
 .text          0x0000000008005034       0xa0 /usr/lib/gcc/arm-none-eabi/9.2.1/../../../arm-none-eabi/lib/thumb/v7-m/nofp/libc_nano.a(lib_a-btowc.o)
                0x0000000008005034                btowc
 .text          0x00000000080050d4       0x24 /usr/lib/gcc/arm-none-eabi/9.2.1/../../../arm-none-eabi/lib/thumb/v7-m/nofp/libc_nano.a(lib_a-closer.o)
                0x00000000080050d4                _close_r
 .text          0x00000000080050f8     0x1048 /usr/lib/gcc/arm-none-eabi/9.2.1/../../../arm-none-eabi/lib/thumb/v7-m/nofp/libc_nano.a(lib_a-dtoa.o)
                0x0000000008005224                _dtoa_r
 .text          0x0000000008006140      0x1b0 /usr/lib/gcc/arm-none-eabi/9.2.1/../../../arm-none-eabi/lib/thumb/v7-m/nofp/libc_nano.a(lib_a-fflush.o)
                0x0000000008006140                __sflush_r
                0x000000000800626c                _fflush_r
                0x00000000080062cc                fflush
 .text          0x00000000080062f0       0x48 /usr/lib/gcc/arm-none-eabi/9.2.1/../../../arm-none-eabi/lib/thumb/v7-m/nofp/libc_nano.a(lib_a-fprintf.o)
                0x00000000080062f0                _fprintf_r
                0x00000000080062f0                _fiprintf_r
                0x0000000008006310                fprintf
                0x0000000008006310                fiprintf
 .text          0x0000000008006338      0x300 /usr/lib/gcc/arm-none-eabi/9.2.1/../../../arm-none-eabi/lib/thumb/v7-m/nofp/libc_nano.a(lib_a-fvwrite.o)
                0x0000000008006338                __sfvwrite_r
 .text          0x0000000008006638       0x14 /usr/lib/gcc/arm-none-eabi/9.2.1/../../../arm-none-eabi/lib/thumb/v7-m/nofp/libc_nano.a(lib_a-localeconv.o)
                0x0000000008006638                __localeconv_l
                0x000000000800663c                _localeconv_r
                0x0000000008006644                localeconv
 .text          0x000000000800664c       0x2c /usr/lib/gcc/arm-none-eabi/9.2.1/../../../arm-none-eabi/lib/thumb/v7-m/nofp/libc_nano.a(lib_a-lseekr.o)
                0x000000000800664c                _lseek_r
 .text          0x0000000008006678       0xf0 /usr/lib/gcc/arm-none-eabi/9.2.1/../../../arm-none-eabi/lib/thumb/v7-m/nofp/libc_nano.a(lib_a-makebuf.o)
                0x0000000008006678                __swhatbuf_r
                0x00000000080066d4                __smakebuf_r
 .text          0x0000000008006768       0x8c /usr/lib/gcc/arm-none-eabi/9.2.1/../../../arm-none-eabi/lib/thumb/v7-m/nofp/libc_nano.a(lib_a-memchr-stub.o)
                0x0000000008006768                memchr
 .text          0x00000000080067f4       0xcc /usr/lib/gcc/arm-none-eabi/9.2.1/../../../arm-none-eabi/lib/thumb/v7-m/nofp/libc_nano.a(lib_a-memmove.o)
                0x00000000080067f4                memmove
 .text          0x00000000080068c0       0x4c /usr/lib/gcc/arm-none-eabi/9.2.1/../../../arm-none-eabi/lib/thumb/v7-m/nofp/libc_nano.a(lib_a-nano-reallocr.o)
                0x00000000080068c0                _realloc_r
 .text          0x000000000800690c       0x2c /usr/lib/gcc/arm-none-eabi/9.2.1/../../../arm-none-eabi/lib/thumb/v7-m/nofp/libc_nano.a(lib_a-readr.o)
                0x000000000800690c                _read_r
 .text          0x0000000008006938       0x10 /usr/lib/gcc/arm-none-eabi/9.2.1/../../../arm-none-eabi/lib/thumb/v7-m/nofp/libc_nano.a(lib_a-abort.o)
                0x0000000008006938                abort
 .text          0x0000000008006948       0x28 /usr/lib/gcc/arm-none-eabi/9.2.1/../../../arm-none-eabi/lib/thumb/v7-m/nofp/libc_nano.a(lib_a-fstatr.o)
                0x0000000008006948                _fstat_r
 .text          0x0000000008006970       0x24 /usr/lib/gcc/arm-none-eabi/9.2.1/../../../arm-none-eabi/lib/thumb/v7-m/nofp/libc_nano.a(lib_a-isattyr.o)
                0x0000000008006970                _isatty_r
 .text          0x0000000008006994       0x10 /usr/lib/gcc/arm-none-eabi/9.2.1/../../../arm-none-eabi/lib/thumb/v7-m/nofp/libc_nano.a(lib_a-nano-msizer.o)
                0x0000000008006994                _malloc_usable_size_r
 .text          0x00000000080069a4      0x150 /usr/lib/gcc/arm-none-eabi/9.2.1/../../../arm-none-eabi/lib/thumb/v7-m/nofp/libc_nano.a(lib_a-signal.o)
                0x00000000080069cc                _init_signal_r
                0x00000000080069d8                _signal_r
                0x0000000008006a0c                _raise_r
                0x0000000008006a60                __sigtramp_r
                0x0000000008006ab0                raise
                0x0000000008006ac0                signal
                0x0000000008006ad0                _init_signal
                0x0000000008006ae4                __sigtramp
 .text          0x0000000008006af4       0x2c /usr/lib/gcc/arm-none-eabi/9.2.1/../../../arm-none-eabi/lib/thumb/v7-m/nofp/libc_nano.a(lib_a-signalr.o)
                0x0000000008006af4                _kill_r
                0x0000000008006b1c                _getpid_r
 .text          0x0000000008006b20       0x58 /usr/lib/gcc/arm-none-eabi/9.2.1/../../../arm-none-eabi/lib/thumb/v7-m/nofp/libm.a(lib_a-sf_lround.o)
                0x0000000008006b20                lroundf
 .text          0x0000000008006b78      0x17c /usr/lib/gcc/arm-none-eabi/9.2.1/../../../arm-none-eabi/lib/thumb/v7-m/nofp/libm.a(lib_a-w_pow.o)
                0x0000000008006b78                pow
 .text          0x0000000008006cf4       0x5c /usr/lib/gcc/arm-none-eabi/9.2.1/../../../arm-none-eabi/lib/thumb/v7-m/nofp/libm.a(lib_a-w_sqrt.o)
                0x0000000008006cf4                sqrt
 .text          0x0000000008006d50       0x48 /usr/lib/gcc/arm-none-eabi/9.2.1/../../../arm-none-eabi/lib/thumb/v7-m/nofp/libm.a(lib_a-wf_sqrt.o)
                0x0000000008006d50                sqrtf
 .text          0x0000000008006d98      0xaa4 /usr/lib/gcc/arm-none-eabi/9.2.1/../../../arm-none-eabi/lib/thumb/v7-m/nofp/libm.a(lib_a-e_pow.o)
                0x0000000008006d98                __ieee754_pow
 .text          0x000000000800783c      0x17c /usr/lib/gcc/arm-none-eabi/9.2.1/../../../arm-none-eabi/lib/thumb/v7-m/nofp/libm.a(lib_a-e_sqrt.o)
                0x000000000800783c                __ieee754_sqrt
 .text          0x00000000080079b8       0xa8 /usr/lib/gcc/arm-none-eabi/9.2.1/../../../arm-none-eabi/lib/thumb/v7-m/nofp/libm.a(lib_a-ef_sqrt.o)
                0x00000000080079b8                __ieee754_sqrtf
 .text          0x0000000008007a60        0x8 /usr/lib/gcc/arm-none-eabi/9.2.1/../../../arm-none-eabi/lib/thumb/v7-m/nofp/libm.a(lib_a-s_fabs.o)
                0x0000000008007a60                fabs
 .text          0x0000000008007a68        0xc /usr/lib/gcc/arm-none-eabi/9.2.1/../../../arm-none-eabi/lib/thumb/v7-m/nofp/libm.a(lib_a-s_finite.o)
                0x0000000008007a68                finite
 .text          0x0000000008007a74      0x114 /usr/lib/gcc/arm-none-eabi/9.2.1/../../../arm-none-eabi/lib/thumb/v7-m/nofp/libm.a(lib_a-s_rint.o)
                0x0000000008007a74                rint
 .text          0x0000000008007b88       0xf4 /usr/lib/gcc/arm-none-eabi/9.2.1/../../../arm-none-eabi/lib/thumb/v7-m/nofp/libm.a(lib_a-s_scalbn.o)
                0x0000000008007b88                scalbn
 .text          0x0000000008007c7c       0x10 /usr/lib/gcc/arm-none-eabi/9.2.1/../../../arm-none-eabi/lib/thumb/v7-m/nofp/libnosys.a(close.o)
                0x0000000008007c7c                _close
 .text          0x0000000008007c8c       0x10 /usr/lib/gcc/arm-none-eabi/9.2.1/../../../arm-none-eabi/lib/thumb/v7-m/nofp/libnosys.a(fstat.o)
                0x0000000008007c8c                _fstat
 .text          0x0000000008007c9c       0x10 /usr/lib/gcc/arm-none-eabi/9.2.1/../../../arm-none-eabi/lib/thumb/v7-m/nofp/libnosys.a(getpid.o)
                0x0000000008007c9c                _getpid
 .text          0x0000000008007cac       0x10 /usr/lib/gcc/arm-none-eabi/9.2.1/../../../arm-none-eabi/lib/thumb/v7-m/nofp/libnosys.a(isatty.o)
                0x0000000008007cac                _isatty
 .text          0x0000000008007cbc       0x10 /usr/lib/gcc/arm-none-eabi/9.2.1/../../../arm-none-eabi/lib/thumb/v7-m/nofp/libnosys.a(kill.o)
                0x0000000008007cbc                _kill
 .text          0x0000000008007ccc       0x10 /usr/lib/gcc/arm-none-eabi/9.2.1/../../../arm-none-eabi/lib/thumb/v7-m/nofp/libnosys.a(lseek.o)
                0x0000000008007ccc                _lseek
 .text          0x0000000008007cdc       0x10 /usr/lib/gcc/arm-none-eabi/9.2.1/../../../arm-none-eabi/lib/thumb/v7-m/nofp/libnosys.a(read.o)
                0x0000000008007cdc                _read
 .text          0x0000000008007cec       0x1c /usr/lib/gcc/arm-none-eabi/9.2.1/../../../arm-none-eabi/lib/thumb/v7-m/nofp/libnosys.a(sbrk.o)
                0x0000000008007cec                _sbrk
 .text          0x0000000008007d08        0x4 /usr/lib/gcc/arm-none-eabi/9.2.1/../../../arm-none-eabi/lib/thumb/v7-m/nofp/libnosys.a(_exit.o)
                0x0000000008007d08                _exit
 .text          0x0000000008007d0c      0x378 /usr/lib/gcc/arm-none-eabi/9.2.1/thumb/v7-m/nofp/libgcc.a(_arm_addsubdf3.o)
                0x0000000008007d0c                __aeabi_drsub
                0x0000000008007d14                __aeabi_dsub
                0x0000000008007d14                __subdf3
                0x0000000008007d18                __adddf3
                0x0000000008007d18                __aeabi_dadd
                0x0000000008007f90                __aeabi_ui2d
                0x0000000008007f90                __floatunsidf
                0x0000000008007fb0                __floatsidf
                0x0000000008007fb0                __aeabi_i2d
                0x0000000008007fd4                __extendsfdf2
                0x0000000008007fd4                __aeabi_f2d
                0x0000000008008018                __aeabi_ul2d
                0x0000000008008018                __floatundidf
                0x0000000008008028                __floatdidf
                0x0000000008008028                __aeabi_l2d
 .text          0x0000000008008084      0x424 /usr/lib/gcc/arm-none-eabi/9.2.1/thumb/v7-m/nofp/libgcc.a(_arm_muldivdf3.o)
                0x0000000008008084                __aeabi_dmul
                0x0000000008008084                __muldf3
                0x00000000080082d8                __aeabi_ddiv
                0x00000000080082d8                __divdf3
 .text          0x00000000080084a8      0x110 /usr/lib/gcc/arm-none-eabi/9.2.1/thumb/v7-m/nofp/libgcc.a(_arm_cmpdf2.o)
                0x00000000080084a8                __gtdf2
                0x00000000080084a8                __gedf2
                0x00000000080084b0                __ltdf2
                0x00000000080084b0                __ledf2
                0x00000000080084b8                __cmpdf2
                0x00000000080084b8                __eqdf2
                0x00000000080084b8                __nedf2
                0x0000000008008534                __aeabi_cdrcmple
                0x0000000008008544                __aeabi_cdcmple
                0x0000000008008544                __aeabi_cdcmpeq
                0x0000000008008554                __aeabi_dcmpeq
                0x0000000008008568                __aeabi_dcmplt
                0x000000000800857c                __aeabi_dcmple
                0x0000000008008590                __aeabi_dcmpge
                0x00000000080085a4                __aeabi_dcmpgt
 .text          0x00000000080085b8       0x2c /usr/lib/gcc/arm-none-eabi/9.2.1/thumb/v7-m/nofp/libgcc.a(_arm_unorddf2.o)
                0x00000000080085b8                __aeabi_dcmpun
                0x00000000080085b8                __unorddf2
 .text          0x00000000080085e4       0x50 /usr/lib/gcc/arm-none-eabi/9.2.1/thumb/v7-m/nofp/libgcc.a(_arm_fixdfsi.o)
                0x00000000080085e4                __fixdfsi
                0x00000000080085e4                __aeabi_d2iz
 .text          0x0000000008008634       0x40 /usr/lib/gcc/arm-none-eabi/9.2.1/thumb/v7-m/nofp/libgcc.a(_arm_fixunsdfsi.o)
                0x0000000008008634                __fixunsdfsi
                0x0000000008008634                __aeabi_d2uiz
 .text          0x0000000008008674       0xa0 /usr/lib/gcc/arm-none-eabi/9.2.1/thumb/v7-m/nofp/libgcc.a(_arm_truncdfsf2.o)
                0x0000000008008674                __aeabi_d2f
                0x0000000008008674                __truncdfsf2
 .text          0x0000000008008714      0x21c /usr/lib/gcc/arm-none-eabi/9.2.1/thumb/v7-m/nofp/libgcc.a(_arm_addsubsf3.o)
                0x0000000008008714                __aeabi_frsub
                0x000000000800871c                __subsf3
                0x000000000800871c                __aeabi_fsub
                0x0000000008008720                __aeabi_fadd
                0x0000000008008720                __addsf3
                0x0000000008008880                __aeabi_ui2f
                0x0000000008008880                __floatunsisf
                0x0000000008008888                __aeabi_i2f
                0x0000000008008888                __floatsisf
                0x00000000080088a4                __floatundisf
                0x00000000080088a4                __aeabi_ul2f
                0x00000000080088b4                __floatdisf
                0x00000000080088b4                __aeabi_l2f
 .text          0x0000000008008930      0x2a0 /usr/lib/gcc/arm-none-eabi/9.2.1/thumb/v7-m/nofp/libgcc.a(_arm_muldivsf3.o)
                0x0000000008008930                __mulsf3
                0x0000000008008930                __aeabi_fmul
                0x0000000008008a98                __divsf3
                0x0000000008008a98                __aeabi_fdiv
 .text          0x0000000008008bd0       0xec /usr/lib/gcc/arm-none-eabi/9.2.1/thumb/v7-m/nofp/libgcc.a(_arm_cmpsf2.o)
                0x0000000008008bd0                __gtsf2
                0x0000000008008bd0                __gesf2
                0x0000000008008bd8                __lesf2
                0x0000000008008bd8                __ltsf2
                0x0000000008008be0                __nesf2
                0x0000000008008be0                __eqsf2
                0x0000000008008be0                __cmpsf2
                0x0000000008008c40                __aeabi_cfrcmple
                0x0000000008008c48                __aeabi_cfcmple
                0x0000000008008c48                __aeabi_cfcmpeq
                0x0000000008008c58                __aeabi_fcmpeq
                0x0000000008008c6c                __aeabi_fcmplt
                0x0000000008008c80                __aeabi_fcmple
                0x0000000008008c94                __aeabi_fcmpge
                0x0000000008008ca8                __aeabi_fcmpgt
 .text          0x0000000008008cbc       0x2c /usr/lib/gcc/arm-none-eabi/9.2.1/thumb/v7-m/nofp/libgcc.a(_arm_unordsf2.o)
                0x0000000008008cbc                __aeabi_fcmpun
                0x0000000008008cbc                __unordsf2
 .text          0x0000000008008ce8       0x4c /usr/lib/gcc/arm-none-eabi/9.2.1/thumb/v7-m/nofp/libgcc.a(_arm_fixsfsi.o)
                0x0000000008008ce8                __fixsfsi
                0x0000000008008ce8                __aeabi_f2iz
 .text          0x0000000008008d34       0x30 /usr/lib/gcc/arm-none-eabi/9.2.1/thumb/v7-m/nofp/libgcc.a(_aeabi_uldivmod.o)
                0x0000000008008d34                __aeabi_uldivmod
 .text          0x0000000008008d64       0x34 /usr/lib/gcc/arm-none-eabi/9.2.1/thumb/v7-m/nofp/libgcc.a(_fixdfdi.o)
                0x0000000008008d64                __aeabi_d2lz
                0x0000000008008d64                __fixdfdi
 .text          0x0000000008008d98       0x3c /usr/lib/gcc/arm-none-eabi/9.2.1/thumb/v7-m/nofp/libgcc.a(_fixunsdfdi.o)
                0x0000000008008d98                __aeabi_d2ulz
                0x0000000008008d98                __fixunsdfdi
 .text          0x0000000008008dd4      0x2c4 /usr/lib/gcc/arm-none-eabi/9.2.1/thumb/v7-m/nofp/libgcc.a(_udivmoddi4.o)
                0x0000000008008dd4                __udivmoddi4
 .text          0x0000000008009098        0x4 /usr/lib/gcc/arm-none-eabi/9.2.1/thumb/v7-m/nofp/libgcc.a(_dvmd_tls.o)
                0x0000000008009098                __aeabi_ldiv0
                0x0000000008009098                __aeabi_idiv0
 *(.text*)
 .text._write   0x000000000800909c       0x18 build/main.o
                0x000000000800909c                _write
 .text.SystemClock_Config
                0x00000000080090b4       0x80 build/main.o
                0x00000000080090b4                SystemClock_Config
 .text.main     0x0000000008009134      0x178 build/main.o
                0x0000000008009134                main
 .text.Error_Handler
                0x00000000080092ac        0x2 build/main.o
                0x00000000080092ac                Error_Handler
 *fill*         0x00000000080092ae        0x2 
 .text.MX_GPIO_Init
                0x00000000080092b0      0x174 build/gpio.o
                0x00000000080092b0                MX_GPIO_Init
 .text.MX_FATFS_Init
                0x0000000008009424       0x1c build/fatfs.o
                0x0000000008009424                MX_FATFS_Init
 .text.get_fattime
                0x0000000008009440        0x4 build/fatfs.o
                0x0000000008009440                get_fattime
 .text.MX_TIM2_Init
                0x0000000008009444       0x6c build/tim.o
                0x0000000008009444                MX_TIM2_Init
 .text.MX_TIM3_Init
                0x00000000080094b0       0x70 build/tim.o
                0x00000000080094b0                MX_TIM3_Init
 .text.MX_TIM4_Init
                0x0000000008009520       0x6c build/tim.o
                0x0000000008009520                MX_TIM4_Init
 .text.MX_TIM5_Init
                0x000000000800958c       0x70 build/tim.o
                0x000000000800958c                MX_TIM5_Init
 .text.HAL_TIM_Base_MspInit
                0x00000000080095fc       0xd0 build/tim.o
                0x00000000080095fc                HAL_TIM_Base_MspInit
 .text.MX_USART2_UART_Init
                0x00000000080096cc       0x34 build/usart.o
                0x00000000080096cc                MX_USART2_UART_Init
 .text.HAL_UART_MspInit
                0x0000000008009700       0x88 build/usart.o
                0x0000000008009700                HAL_UART_MspInit
 .text.USBH_UserProcess
                0x0000000008009788       0x48 build/usb_host.o
 .text.MX_USB_HOST_Init
                0x00000000080097d0       0x40 build/usb_host.o
                0x00000000080097d0                MX_USB_HOST_Init
 .text.MX_USB_HOST_Process
                0x0000000008009810       0x10 build/usb_host.o
                0x0000000008009810                MX_USB_HOST_Process
 .text.HAL_HCD_MspInit
                0x0000000008009820       0x70 build/usbh_conf.o
                0x0000000008009820                HAL_HCD_MspInit
 .text.HAL_HCD_SOF_Callback
                0x0000000008009890        0xc build/usbh_conf.o
                0x0000000008009890                HAL_HCD_SOF_Callback
 .text.HAL_HCD_Connect_Callback
                0x000000000800989c        0xc build/usbh_conf.o
                0x000000000800989c                HAL_HCD_Connect_Callback
 .text.HAL_HCD_Disconnect_Callback
                0x00000000080098a8        0xc build/usbh_conf.o
                0x00000000080098a8                HAL_HCD_Disconnect_Callback
 .text.HAL_HCD_HC_NotifyURBChange_Callback
                0x00000000080098b4        0x2 build/usbh_conf.o
                0x00000000080098b4                HAL_HCD_HC_NotifyURBChange_Callback
 .text.HAL_HCD_PortEnabled_Callback
                0x00000000080098b6        0xc build/usbh_conf.o
                0x00000000080098b6                HAL_HCD_PortEnabled_Callback
 .text.HAL_HCD_PortDisabled_Callback
                0x00000000080098c2        0xc build/usbh_conf.o
                0x00000000080098c2                HAL_HCD_PortDisabled_Callback
 *fill*         0x00000000080098ce        0x2 
 .text.USBH_LL_Init
                0x00000000080098d0       0x50 build/usbh_conf.o
                0x00000000080098d0                USBH_LL_Init
 .text.USBH_LL_GetSpeed
                0x0000000008009920       0x20 build/usbh_conf.o
                0x0000000008009920                USBH_LL_GetSpeed
 .text.USBH_LL_GetLastXferSize
                0x0000000008009940        0xc build/usbh_conf.o
                0x0000000008009940                USBH_LL_GetLastXferSize
 .text.USBH_LL_GetURBState
                0x000000000800994c        0xc build/usbh_conf.o
                0x000000000800994c                USBH_LL_GetURBState
 .text.USBH_LL_DriverVBUS
                0x0000000008009958       0x1c build/usbh_conf.o
                0x0000000008009958                USBH_LL_DriverVBUS
 .text.USBH_LL_SetToggle
                0x0000000008009974       0x30 build/usbh_conf.o
                0x0000000008009974                USBH_LL_SetToggle
 .text.USBH_LL_GetToggle
                0x00000000080099a4       0x2e build/usbh_conf.o
                0x00000000080099a4                USBH_LL_GetToggle
 .text.USBH_Delay
                0x00000000080099d2        0x8 build/usbh_conf.o
                0x00000000080099d2                USBH_Delay
 .text.USBH_Get_USB_Status
                0x00000000080099da       0x14 build/usbh_conf.o
                0x00000000080099da                USBH_Get_USB_Status
 .text.USBH_LL_Start
                0x00000000080099ee       0x10 build/usbh_conf.o
                0x00000000080099ee                USBH_LL_Start
 .text.USBH_LL_Stop
                0x00000000080099fe       0x10 build/usbh_conf.o
                0x00000000080099fe                USBH_LL_Stop
 .text.USBH_LL_ResetPort
                0x0000000008009a0e       0x10 build/usbh_conf.o
                0x0000000008009a0e                USBH_LL_ResetPort
 .text.USBH_LL_OpenPipe
                0x0000000008009a1e       0x26 build/usbh_conf.o
                0x0000000008009a1e                USBH_LL_OpenPipe
 .text.USBH_LL_ClosePipe
                0x0000000008009a44       0x10 build/usbh_conf.o
                0x0000000008009a44                USBH_LL_ClosePipe
 .text.USBH_LL_SubmitURB
                0x0000000008009a54       0x2a build/usbh_conf.o
                0x0000000008009a54                USBH_LL_SubmitURB
 *fill*         0x0000000008009a7e        0x2 
 .text.MX_DriverVbusFS
                0x0000000008009a80       0x1c build/usbh_platform.o
                0x0000000008009a80                MX_DriverVbusFS
 .text.NMI_Handler
                0x0000000008009a9c        0x2 build/stm32f1xx_it.o
                0x0000000008009a9c                NMI_Handler
 .text.HardFault_Handler
                0x0000000008009a9e        0x2 build/stm32f1xx_it.o
                0x0000000008009a9e                HardFault_Handler
 .text.MemManage_Handler
                0x0000000008009aa0        0x2 build/stm32f1xx_it.o
                0x0000000008009aa0                MemManage_Handler
 .text.BusFault_Handler
                0x0000000008009aa2        0x2 build/stm32f1xx_it.o
                0x0000000008009aa2                BusFault_Handler
 .text.UsageFault_Handler
                0x0000000008009aa4        0x2 build/stm32f1xx_it.o
                0x0000000008009aa4                UsageFault_Handler
 .text.SVC_Handler
                0x0000000008009aa6        0x2 build/stm32f1xx_it.o
                0x0000000008009aa6                SVC_Handler
 .text.DebugMon_Handler
                0x0000000008009aa8        0x2 build/stm32f1xx_it.o
                0x0000000008009aa8                DebugMon_Handler
 .text.PendSV_Handler
                0x0000000008009aaa        0x2 build/stm32f1xx_it.o
                0x0000000008009aaa                PendSV_Handler
 .text.SysTick_Handler
                0x0000000008009aac        0x8 build/stm32f1xx_it.o
                0x0000000008009aac                SysTick_Handler
 .text.TIM2_IRQHandler
                0x0000000008009ab4       0x10 build/stm32f1xx_it.o
                0x0000000008009ab4                TIM2_IRQHandler
 .text.TIM3_IRQHandler
                0x0000000008009ac4       0x44 build/stm32f1xx_it.o
                0x0000000008009ac4                TIM3_IRQHandler
 .text.TIM4_IRQHandler
                0x0000000008009b08       0x14 build/stm32f1xx_it.o
                0x0000000008009b08                TIM4_IRQHandler
 .text.TIM5_IRQHandler
                0x0000000008009b1c       0x3c build/stm32f1xx_it.o
                0x0000000008009b1c                TIM5_IRQHandler
 .text.OTG_FS_IRQHandler
                0x0000000008009b58       0x10 build/stm32f1xx_it.o
                0x0000000008009b58                OTG_FS_IRQHandler
 .text.HAL_MspInit
                0x0000000008009b68       0x44 build/stm32f1xx_hal_msp.o
                0x0000000008009b68                HAL_MspInit
 .text.HCD_RXQLVL_IRQHandler
                0x0000000008009bac       0x84 build/stm32f1xx_hal_hcd.o
 .text.HAL_HCD_HC_Init
                0x0000000008009c30       0x96 build/stm32f1xx_hal_hcd.o
                0x0000000008009c30                HAL_HCD_HC_Init
 .text.HAL_HCD_HC_Halt
                0x0000000008009cc6       0x24 build/stm32f1xx_hal_hcd.o
                0x0000000008009cc6                HAL_HCD_HC_Halt
 .text.HAL_HCD_Init
                0x0000000008009cea       0x94 build/stm32f1xx_hal_hcd.o
                0x0000000008009cea                HAL_HCD_Init
 .text.HAL_HCD_HC_SubmitRequest
                0x0000000008009d7e      0x190 build/stm32f1xx_hal_hcd.o
                0x0000000008009d7e                HAL_HCD_HC_SubmitRequest
 .text.HCD_Port_IRQHandler
                0x0000000008009f0e       0xb0 build/stm32f1xx_hal_hcd.o
 .text.HCD_HC_IN_IRQHandler
                0x0000000008009fbe      0x308 build/stm32f1xx_hal_hcd.o
 .text.HCD_HC_OUT_IRQHandler
                0x000000000800a2c6      0x2aa build/stm32f1xx_hal_hcd.o
 .text.HAL_HCD_IRQHandler
                0x000000000800a570      0x146 build/stm32f1xx_hal_hcd.o
                0x000000000800a570                HAL_HCD_IRQHandler
 .text.HAL_HCD_Start
                0x000000000800a6b6       0x2c build/stm32f1xx_hal_hcd.o
                0x000000000800a6b6                HAL_HCD_Start
 .text.HAL_HCD_Stop
                0x000000000800a6e2       0x24 build/stm32f1xx_hal_hcd.o
                0x000000000800a6e2                HAL_HCD_Stop
 .text.HAL_HCD_ResetPort
                0x000000000800a706        0xa build/stm32f1xx_hal_hcd.o
                0x000000000800a706                HAL_HCD_ResetPort
 .text.HAL_HCD_HC_GetURBState
                0x000000000800a710        0xe build/stm32f1xx_hal_hcd.o
                0x000000000800a710                HAL_HCD_HC_GetURBState
 .text.HAL_HCD_HC_GetXferCount
                0x000000000800a71e        0xc build/stm32f1xx_hal_hcd.o
                0x000000000800a71e                HAL_HCD_HC_GetXferCount
 .text.HAL_HCD_GetCurrentFrame
                0x000000000800a72a        0xa build/stm32f1xx_hal_hcd.o
                0x000000000800a72a                HAL_HCD_GetCurrentFrame
 .text.HAL_HCD_GetCurrentSpeed
                0x000000000800a734        0xa build/stm32f1xx_hal_hcd.o
                0x000000000800a734                HAL_HCD_GetCurrentSpeed
 *fill*         0x000000000800a73e        0x2 
 .text.USB_CoreReset
                0x000000000800a740       0x3c build/stm32f1xx_ll_usb.o
 .text.USB_CoreInit
                0x000000000800a77c       0x64 build/stm32f1xx_ll_usb.o
                0x000000000800a77c                USB_CoreInit
 .text.USB_EnableGlobalInt
                0x000000000800a7e0        0xc build/stm32f1xx_ll_usb.o
                0x000000000800a7e0                USB_EnableGlobalInt
 .text.USB_DisableGlobalInt
                0x000000000800a7ec        0xc build/stm32f1xx_ll_usb.o
                0x000000000800a7ec                USB_DisableGlobalInt
 .text.USB_SetCurrentMode
                0x000000000800a7f8       0x30 build/stm32f1xx_ll_usb.o
                0x000000000800a7f8                USB_SetCurrentMode
 .text.USB_FlushTxFifo
                0x000000000800a828       0x28 build/stm32f1xx_ll_usb.o
                0x000000000800a828                USB_FlushTxFifo
 .text.USB_FlushRxFifo
                0x000000000800a850       0x24 build/stm32f1xx_ll_usb.o
                0x000000000800a850                USB_FlushRxFifo
 .text.USB_WritePacket
                0x000000000800a874       0x24 build/stm32f1xx_ll_usb.o
                0x000000000800a874                USB_WritePacket
 .text.USB_ReadPacket
                0x000000000800a898       0x20 build/stm32f1xx_ll_usb.o
                0x000000000800a898                USB_ReadPacket
 .text.USB_ReadInterrupts
                0x000000000800a8b8        0x8 build/stm32f1xx_ll_usb.o
                0x000000000800a8b8                USB_ReadInterrupts
 .text.USB_GetMode
                0x000000000800a8c0        0x8 build/stm32f1xx_ll_usb.o
                0x000000000800a8c0                USB_GetMode
 .text.USB_InitFSLSPClkSel
                0x000000000800a8c8       0x3e build/stm32f1xx_ll_usb.o
                0x000000000800a8c8                USB_InitFSLSPClkSel
 .text.USB_ResetPort
                0x000000000800a906       0x3e build/stm32f1xx_ll_usb.o
                0x000000000800a906                USB_ResetPort
 .text.USB_DriveVbus
                0x000000000800a944       0x46 build/stm32f1xx_ll_usb.o
                0x000000000800a944                USB_DriveVbus
 *fill*         0x000000000800a98a        0x2 
 .text.USB_HostInit
                0x000000000800a98c       0xa4 build/stm32f1xx_ll_usb.o
                0x000000000800a98c                USB_HostInit
 .text.USB_GetHostSpeed
                0x000000000800aa30       0x16 build/stm32f1xx_ll_usb.o
                0x000000000800aa30                USB_GetHostSpeed
 .text.USB_GetCurrentFrame
                0x000000000800aa46        0xa build/stm32f1xx_ll_usb.o
                0x000000000800aa46                USB_GetCurrentFrame
 .text.USB_HC_Init
                0x000000000800aa50       0xf4 build/stm32f1xx_ll_usb.o
                0x000000000800aa50                USB_HC_Init
 .text.USB_HC_StartXfer
                0x000000000800ab44      0x110 build/stm32f1xx_ll_usb.o
                0x000000000800ab44                USB_HC_StartXfer
 .text.USB_HC_ReadInterrupt
                0x000000000800ac54        0xa build/stm32f1xx_ll_usb.o
                0x000000000800ac54                USB_HC_ReadInterrupt
 .text.USB_HC_Halt
                0x000000000800ac5e       0xce build/stm32f1xx_ll_usb.o
                0x000000000800ac5e                USB_HC_Halt
 .text.USB_StopHost
                0x000000000800ad2c       0x7e build/stm32f1xx_ll_usb.o
                0x000000000800ad2c                USB_StopHost
 *fill*         0x000000000800adaa        0x2 
 .text.HAL_InitTick
                0x000000000800adac       0x4c build/stm32f1xx_hal.o
                0x000000000800adac                HAL_InitTick
 .text.HAL_Init
                0x000000000800adf8       0x24 build/stm32f1xx_hal.o
                0x000000000800adf8                HAL_Init
 .text.HAL_IncTick
                0x000000000800ae1c       0x18 build/stm32f1xx_hal.o
                0x000000000800ae1c                HAL_IncTick
 .text.HAL_GetTick
                0x000000000800ae34        0xc build/stm32f1xx_hal.o
                0x000000000800ae34                HAL_GetTick
 .text.HAL_Delay
                0x000000000800ae40       0x28 build/stm32f1xx_hal.o
                0x000000000800ae40                HAL_Delay
 .text.RCC_Delay
                0x000000000800ae68       0x2c build/stm32f1xx_hal_rcc.o
 .text.HAL_RCC_OscConfig
                0x000000000800ae94      0x4f8 build/stm32f1xx_hal_rcc.o
                0x000000000800ae94                HAL_RCC_OscConfig
 .text.HAL_RCC_GetSysClockFreq
                0x000000000800b38c       0xdc build/stm32f1xx_hal_rcc.o
                0x000000000800b38c                HAL_RCC_GetSysClockFreq
 .text.HAL_RCC_ClockConfig
                0x000000000800b468      0x16c build/stm32f1xx_hal_rcc.o
                0x000000000800b468                HAL_RCC_ClockConfig
 .text.HAL_RCC_GetHCLKFreq
                0x000000000800b5d4        0xc build/stm32f1xx_hal_rcc.o
                0x000000000800b5d4                HAL_RCC_GetHCLKFreq
 .text.HAL_RCC_GetPCLK1Freq
                0x000000000800b5e0       0x20 build/stm32f1xx_hal_rcc.o
                0x000000000800b5e0                HAL_RCC_GetPCLK1Freq
 .text.HAL_RCC_GetPCLK2Freq
                0x000000000800b600       0x20 build/stm32f1xx_hal_rcc.o
                0x000000000800b600                HAL_RCC_GetPCLK2Freq
 .text.HAL_RCCEx_PeriphCLKConfig
                0x000000000800b620      0x1d4 build/stm32f1xx_hal_rcc_ex.o
                0x000000000800b620                HAL_RCCEx_PeriphCLKConfig
 .text.HAL_GPIO_Init
                0x000000000800b7f4      0x220 build/stm32f1xx_hal_gpio.o
                0x000000000800b7f4                HAL_GPIO_Init
 .text.HAL_GPIO_ReadPin
                0x000000000800ba14        0xe build/stm32f1xx_hal_gpio.o
                0x000000000800ba14                HAL_GPIO_ReadPin
 .text.HAL_GPIO_WritePin
                0x000000000800ba22        0xc build/stm32f1xx_hal_gpio.o
                0x000000000800ba22                HAL_GPIO_WritePin
 *fill*         0x000000000800ba2e        0x2 
 .text.HAL_NVIC_SetPriorityGrouping
                0x000000000800ba30       0x24 build/stm32f1xx_hal_cortex.o
                0x000000000800ba30                HAL_NVIC_SetPriorityGrouping
 .text.HAL_NVIC_SetPriority
                0x000000000800ba54       0x68 build/stm32f1xx_hal_cortex.o
                0x000000000800ba54                HAL_NVIC_SetPriority
 .text.HAL_NVIC_EnableIRQ
                0x000000000800babc       0x1c build/stm32f1xx_hal_cortex.o
                0x000000000800babc                HAL_NVIC_EnableIRQ
 .text.HAL_SYSTICK_Config
                0x000000000800bad8       0x2c build/stm32f1xx_hal_cortex.o
                0x000000000800bad8                HAL_SYSTICK_Config
 .text.TIM_TI1_ConfigInputStage
                0x000000000800bb04       0x24 build/stm32f1xx_hal_tim.o
 .text.TIM_TI2_ConfigInputStage
                0x000000000800bb28       0x26 build/stm32f1xx_hal_tim.o
 .text.TIM_ITRx_SetConfig
                0x000000000800bb4e       0x10 build/stm32f1xx_hal_tim.o
 *fill*         0x000000000800bb5e        0x2 
 .text.HAL_TIM_Base_Start_IT
                0x000000000800bb60       0x70 build/stm32f1xx_hal_tim.o
                0x000000000800bb60                HAL_TIM_Base_Start_IT
 .text.HAL_TIM_PeriodElapsedCallback
                0x000000000800bbd0        0x2 build/stm32f1xx_hal_tim.o
                0x000000000800bbd0                HAL_TIM_PeriodElapsedCallback
 .text.HAL_TIM_OC_DelayElapsedCallback
                0x000000000800bbd2        0x2 build/stm32f1xx_hal_tim.o
                0x000000000800bbd2                HAL_TIM_OC_DelayElapsedCallback
 .text.HAL_TIM_IC_CaptureCallback
                0x000000000800bbd4        0x2 build/stm32f1xx_hal_tim.o
                0x000000000800bbd4                HAL_TIM_IC_CaptureCallback
 .text.HAL_TIM_PWM_PulseFinishedCallback
                0x000000000800bbd6        0x2 build/stm32f1xx_hal_tim.o
                0x000000000800bbd6                HAL_TIM_PWM_PulseFinishedCallback
 .text.HAL_TIM_TriggerCallback
                0x000000000800bbd8        0x2 build/stm32f1xx_hal_tim.o
                0x000000000800bbd8                HAL_TIM_TriggerCallback
 .text.HAL_TIM_IRQHandler
                0x000000000800bbda      0x17a build/stm32f1xx_hal_tim.o
                0x000000000800bbda                HAL_TIM_IRQHandler
 .text.TIM_Base_SetConfig
                0x000000000800bd54       0x84 build/stm32f1xx_hal_tim.o
                0x000000000800bd54                TIM_Base_SetConfig
 .text.HAL_TIM_Base_Init
                0x000000000800bdd8       0x58 build/stm32f1xx_hal_tim.o
                0x000000000800bdd8                HAL_TIM_Base_Init
 .text.TIM_ETR_SetConfig
                0x000000000800be30       0x16 build/stm32f1xx_hal_tim.o
                0x000000000800be30                TIM_ETR_SetConfig
 .text.HAL_TIM_ConfigClockSource
                0x000000000800be46       0xda build/stm32f1xx_hal_tim.o
                0x000000000800be46                HAL_TIM_ConfigClockSource
 .text.HAL_TIMEx_MasterConfigSynchronization
                0x000000000800bf20       0x70 build/stm32f1xx_hal_tim_ex.o
                0x000000000800bf20                HAL_TIMEx_MasterConfigSynchronization
 .text.HAL_TIMEx_CommutCallback
                0x000000000800bf90        0x2 build/stm32f1xx_hal_tim_ex.o
                0x000000000800bf90                HAL_TIMEx_CommutCallback
 .text.HAL_TIMEx_BreakCallback
                0x000000000800bf92        0x2 build/stm32f1xx_hal_tim_ex.o
                0x000000000800bf92                HAL_TIMEx_BreakCallback
 .text.UART_SetConfig
                0x000000000800bf94       0x90 build/stm32f1xx_hal_uart.o
 .text.UART_WaitOnFlagUntilTimeout
                0x000000000800c024       0x68 build/stm32f1xx_hal_uart.o
 .text.HAL_UART_Init
                0x000000000800c08c       0x5e build/stm32f1xx_hal_uart.o
                0x000000000800c08c                HAL_UART_Init
 .text.HAL_UART_Transmit
                0x000000000800c0ea       0xd8 build/stm32f1xx_hal_uart.o
                0x000000000800c0ea                HAL_UART_Transmit
 *fill*         0x000000000800c1c2        0x2 
 .text.SystemInit
                0x000000000800c1c4       0x58 build/system_stm32f1xx.o
                0x000000000800c1c4                SystemInit
 .text.disk_status
                0x000000000800c21c       0x18 build/diskio.o
                0x000000000800c21c                disk_status
 .text.disk_initialize
                0x000000000800c234       0x28 build/diskio.o
                0x000000000800c234                disk_initialize
 .text.disk_read
                0x000000000800c25c       0x18 build/diskio.o
                0x000000000800c25c                disk_read
 .text.disk_write
                0x000000000800c274       0x18 build/diskio.o
                0x000000000800c274                disk_write
 .text.disk_ioctl
                0x000000000800c28c       0x18 build/diskio.o
                0x000000000800c28c                disk_ioctl
 .text.mem_cpy  0x000000000800c2a4       0x12 build/ff.o
 .text.mem_set  0x000000000800c2b6        0xe build/ff.o
 .text.mem_cmp  0x000000000800c2c4       0x1c build/ff.o
 .text.chk_chr  0x000000000800c2e0       0x10 build/ff.o
 .text.chk_lock
                0x000000000800c2f0       0x90 build/ff.o
 .text.enq_lock
                0x000000000800c380       0x24 build/ff.o
 .text.inc_lock
                0x000000000800c3a4       0xe0 build/ff.o
 .text.dec_lock
                0x000000000800c484       0x48 build/ff.o
 .text.clear_lock
                0x000000000800c4cc       0x44 build/ff.o
 .text.clmt_clust
                0x000000000800c510       0x36 build/ff.o
 .text.ld_clust
                0x000000000800c546       0x24 build/ff.o
 .text.st_clust
                0x000000000800c56a       0x14 build/ff.o
 *fill*         0x000000000800c57e        0x2 
 .text.pick_lfn
                0x000000000800c580       0x74 build/ff.o
 .text.fit_lfn  0x000000000800c5f4       0x64 build/ff.o
 .text.gen_numname
                0x000000000800c658       0xa6 build/ff.o
 .text.sum_sfn  0x000000000800c6fe       0x20 build/ff.o
 .text.get_ldnumber
                0x000000000800c71e       0x52 build/ff.o
 .text.sync_window
                0x000000000800c770       0x74 build/ff.o
 .text.move_window
                0x000000000800c7e4       0x40 build/ff.o
 .text.check_fs
                0x000000000800c824       0x94 build/ff.o
 .text.validate
                0x000000000800c8b8       0x40 build/ff.o
 .text.find_volume
                0x000000000800c8f8      0x42c build/ff.o
 .text.sync_fs  0x000000000800cd24       0xd6 build/ff.o
 *fill*         0x000000000800cdfa        0x2 
 .text.create_name
                0x000000000800cdfc      0x238 build/ff.o
 .text.get_fileinfo
                0x000000000800d034       0xe6 build/ff.o
 *fill*         0x000000000800d11a        0x2 
 .text.cmp_lfn  0x000000000800d11c       0x88 build/ff.o
 .text.clust2sect
                0x000000000800d1a4       0x24 build/ff.o
                0x000000000800d1a4                clust2sect
 .text.get_fat  0x000000000800d1c8      0x134 build/ff.o
                0x000000000800d1c8                get_fat
 .text.dir_sdi  0x000000000800d2fc       0xf6 build/ff.o
 .text.put_fat  0x000000000800d3f2      0x174 build/ff.o
                0x000000000800d3f2                put_fat
 .text.create_chain
                0x000000000800d566       0xdc build/ff.o
 .text.dir_next
                0x000000000800d642      0x19e build/ff.o
 .text.dir_find
                0x000000000800d7e0       0xfa build/ff.o
 .text.follow_path
                0x000000000800d8da       0x96 build/ff.o
 .text.dir_alloc
                0x000000000800d970       0x5a build/ff.o
 *fill*         0x000000000800d9ca        0x2 
 .text.dir_register
                0x000000000800d9cc      0x174 build/ff.o
 .text.dir_read
                0x000000000800db40       0xde build/ff.o
 .text.remove_chain
                0x000000000800dc1e       0x7c build/ff.o
 *fill*         0x000000000800dc9a        0x2 
 .text.f_mount  0x000000000800dc9c       0x64 build/ff.o
                0x000000000800dc9c                f_mount
 .text.f_open   0x000000000800dd00      0x24c build/ff.o
                0x000000000800dd00                f_open
 .text.f_read   0x000000000800df4c      0x27c build/ff.o
                0x000000000800df4c                f_read
 .text.f_sync   0x000000000800e1c8       0xd2 build/ff.o
                0x000000000800e1c8                f_sync
 .text.f_close  0x000000000800e29a       0x2c build/ff.o
                0x000000000800e29a                f_close
 *fill*         0x000000000800e2c6        0x2 
 .text.f_opendir
                0x000000000800e2c8       0xbc build/ff.o
                0x000000000800e2c8                f_opendir
 .text.f_closedir
                0x000000000800e384       0x26 build/ff.o
                0x000000000800e384                f_closedir
 *fill*         0x000000000800e3aa        0x2 
 .text.f_readdir
                0x000000000800e3ac       0x74 build/ff.o
                0x000000000800e3ac                f_readdir
 .text.f_gets   0x000000000800e420       0x4c build/ff.o
                0x000000000800e420                f_gets
 .text.FATFS_LinkDriverEx
                0x000000000800e46c       0x48 build/ff_gen_drv.o
                0x000000000800e46c                FATFS_LinkDriverEx
 .text.FATFS_LinkDriver
                0x000000000800e4b4        0xa build/ff_gen_drv.o
                0x000000000800e4b4                FATFS_LinkDriver
 *fill*         0x000000000800e4be        0x2 
 .text.ff_convert
                0x000000000800e4c0       0x3c build/ccsbcs.o
                0x000000000800e4c0                ff_convert
 .text.ff_wtoupper
                0x000000000800e4fc       0x24 build/ccsbcs.o
                0x000000000800e4fc                ff_wtoupper
 .text.USBH_initialize
                0x000000000800e520        0x4 build/usbh_diskio.o
                0x000000000800e520                USBH_initialize
 .text.USBH_status
                0x000000000800e524       0x18 build/usbh_diskio.o
                0x000000000800e524                USBH_status
 .text.USBH_read
                0x000000000800e53c       0x50 build/usbh_diskio.o
                0x000000000800e53c                USBH_read
 .text.USBH_ioctl
                0x000000000800e58c       0x68 build/usbh_diskio.o
                0x000000000800e58c                USBH_ioctl
 .text.USBH_write
                0x000000000800e5f4       0x60 build/usbh_diskio.o
                0x000000000800e5f4                USBH_write
 .text.DeInitStateMachine
                0x000000000800e654       0x4e build/usbh_core.o
 .text.USBH_HandleSof
                0x000000000800e6a2       0x1a build/usbh_core.o
 .text.USBH_HandleEnum
                0x000000000800e6bc      0x166 build/usbh_core.o
 .text.USBH_Init
                0x000000000800e822       0x3e build/usbh_core.o
                0x000000000800e822                USBH_Init
 .text.USBH_RegisterClass
                0x000000000800e860       0x24 build/usbh_core.o
                0x000000000800e860                USBH_RegisterClass
 .text.USBH_SelectInterface
                0x000000000800e884       0x14 build/usbh_core.o
                0x000000000800e884                USBH_SelectInterface
 .text.USBH_FindInterface
                0x000000000800e898       0x50 build/usbh_core.o
                0x000000000800e898                USBH_FindInterface
 .text.USBH_Start
                0x000000000800e8e8       0x14 build/usbh_core.o
                0x000000000800e8e8                USBH_Start
 .text.USBH_Process
                0x000000000800e8fc      0x21e build/usbh_core.o
                0x000000000800e8fc                USBH_Process
 .text.USBH_LL_SetTimer
                0x000000000800eb1a        0x6 build/usbh_core.o
                0x000000000800eb1a                USBH_LL_SetTimer
 .text.USBH_LL_IncTimer
                0x000000000800eb20       0x12 build/usbh_core.o
                0x000000000800eb20                USBH_LL_IncTimer
 .text.USBH_LL_PortEnabled
                0x000000000800eb32        0x8 build/usbh_core.o
                0x000000000800eb32                USBH_LL_PortEnabled
 .text.USBH_LL_PortDisabled
                0x000000000800eb3a        0x8 build/usbh_core.o
                0x000000000800eb3a                USBH_LL_PortDisabled
 .text.USBH_LL_Connect
                0x000000000800eb42       0x14 build/usbh_core.o
                0x000000000800eb42                USBH_LL_Connect
 .text.USBH_LL_Disconnect
                0x000000000800eb56       0x2c build/usbh_core.o
                0x000000000800eb56                USBH_LL_Disconnect
 .text.USBH_ParseDevDesc
                0x000000000800eb82       0x5a build/usbh_ctlreq.o
 .text.USBH_ParseInterfaceDesc
                0x000000000800ebdc       0x26 build/usbh_ctlreq.o
 .text.USBH_ParseEPDesc
                0x000000000800ec02       0x20 build/usbh_ctlreq.o
 .text.USBH_ParseStringDesc
                0x000000000800ec22       0x3a build/usbh_ctlreq.o
 .text.USBH_HandleControl
                0x000000000800ec5c      0x1c8 build/usbh_ctlreq.o
 .text.USBH_GetNextDesc
                0x000000000800ee24        0xe build/usbh_ctlreq.o
                0x000000000800ee24                USBH_GetNextDesc
 .text.USBH_ParseCfgDesc
                0x000000000800ee32       0xc2 build/usbh_ctlreq.o
 .text.USBH_CtlReq
                0x000000000800eef4       0x4a build/usbh_ctlreq.o
                0x000000000800eef4                USBH_CtlReq
 .text.USBH_GetDescriptor
                0x000000000800ef3e       0x3e build/usbh_ctlreq.o
                0x000000000800ef3e                USBH_GetDescriptor
 .text.USBH_Get_DevDesc
                0x000000000800ef7c       0x32 build/usbh_ctlreq.o
                0x000000000800ef7c                USBH_Get_DevDesc
 .text.USBH_Get_CfgDesc
                0x000000000800efae       0x32 build/usbh_ctlreq.o
                0x000000000800efae                USBH_Get_CfgDesc
 .text.USBH_Get_StringDesc
                0x000000000800efe0       0x30 build/usbh_ctlreq.o
                0x000000000800efe0                USBH_Get_StringDesc
 .text.USBH_SetAddress
                0x000000000800f010       0x22 build/usbh_ctlreq.o
                0x000000000800f010                USBH_SetAddress
 .text.USBH_SetCfg
                0x000000000800f032       0x22 build/usbh_ctlreq.o
                0x000000000800f032                USBH_SetCfg
 .text.USBH_SetFeature
                0x000000000800f054       0x22 build/usbh_ctlreq.o
                0x000000000800f054                USBH_SetFeature
 .text.USBH_ClrFeature
                0x000000000800f076       0x24 build/usbh_ctlreq.o
                0x000000000800f076                USBH_ClrFeature
 .text.USBH_CtlSendSetup
                0x000000000800f09a       0x22 build/usbh_ioreq.o
                0x000000000800f09a                USBH_CtlSendSetup
 .text.USBH_CtlSendData
                0x000000000800f0bc       0x2c build/usbh_ioreq.o
                0x000000000800f0bc                USBH_CtlSendData
 .text.USBH_CtlReceiveData
                0x000000000800f0e8       0x20 build/usbh_ioreq.o
                0x000000000800f0e8                USBH_CtlReceiveData
 .text.USBH_BulkSendData
                0x000000000800f108       0x2c build/usbh_ioreq.o
                0x000000000800f108                USBH_BulkSendData
 .text.USBH_BulkReceiveData
                0x000000000800f134       0x20 build/usbh_ioreq.o
                0x000000000800f134                USBH_BulkReceiveData
 .text.USBH_GetFreePipe
                0x000000000800f154       0x24 build/usbh_pipes.o
 .text.USBH_OpenPipe
                0x000000000800f178       0x20 build/usbh_pipes.o
                0x000000000800f178                USBH_OpenPipe
 .text.USBH_ClosePipe
                0x000000000800f198        0xa build/usbh_pipes.o
                0x000000000800f198                USBH_ClosePipe
 .text.USBH_AllocPipe
                0x000000000800f1a2       0x24 build/usbh_pipes.o
                0x000000000800f1a2                USBH_AllocPipe
 .text.USBH_FreePipe
                0x000000000800f1c6       0x16 build/usbh_pipes.o
                0x000000000800f1c6                USBH_FreePipe
 .text.USBH_MSC_SOFProcess
                0x000000000800f1dc        0x4 build/usbh_msc.o
 .text.USBH_MSC_Process
                0x000000000800f1e0      0x2a4 build/usbh_msc.o
 .text.USBH_MSC_ClassRequest
                0x000000000800f484       0x6c build/usbh_msc.o
 .text.USBH_MSC_InterfaceDeInit
                0x000000000800f4f0       0x50 build/usbh_msc.o
 .text.USBH_MSC_InterfaceInit
                0x000000000800f540      0x138 build/usbh_msc.o
 .text.USBH_MSC_RdWrProcess
                0x000000000800f678       0xf6 build/usbh_msc.o
 .text.USBH_MSC_UnitIsReady
                0x000000000800f76e       0x26 build/usbh_msc.o
                0x000000000800f76e                USBH_MSC_UnitIsReady
 .text.USBH_MSC_GetLUNInfo
                0x000000000800f794       0x44 build/usbh_msc.o
                0x000000000800f794                USBH_MSC_GetLUNInfo
 .text.USBH_MSC_Read
                0x000000000800f7d8       0x96 build/usbh_msc.o
                0x000000000800f7d8                USBH_MSC_Read
 .text.USBH_MSC_Write
                0x000000000800f86e       0x96 build/usbh_msc.o
                0x000000000800f86e                USBH_MSC_Write
 .text.USBH_MSC_DecodeCSW
                0x000000000800f904       0x48 build/usbh_msc_bot.o
 .text.USBH_MSC_BOT_Abort
                0x000000000800f94c       0x22 build/usbh_msc_bot.o
 .text.USBH_MSC_BOT_REQ_Reset
                0x000000000800f96e       0x1a build/usbh_msc_bot.o
                0x000000000800f96e                USBH_MSC_BOT_REQ_Reset
 .text.USBH_MSC_BOT_REQ_GetMaxLUN
                0x000000000800f988       0x1a build/usbh_msc_bot.o
                0x000000000800f988                USBH_MSC_BOT_REQ_GetMaxLUN
 *fill*         0x000000000800f9a2        0x2 
 .text.USBH_MSC_BOT_Init
                0x000000000800f9a4       0x24 build/usbh_msc_bot.o
                0x000000000800f9a4                USBH_MSC_BOT_Init
 .text.USBH_MSC_BOT_Process
                0x000000000800f9c8      0x256 build/usbh_msc_bot.o
                0x000000000800f9c8                USBH_MSC_BOT_Process
 .text.USBH_MSC_SCSI_TestUnitReady
                0x000000000800fc1e       0x52 build/usbh_msc_scsi.o
                0x000000000800fc1e                USBH_MSC_SCSI_TestUnitReady
 .text.USBH_MSC_SCSI_ReadCapacity
                0x000000000800fc70       0x8e build/usbh_msc_scsi.o
                0x000000000800fc70                USBH_MSC_SCSI_ReadCapacity
 .text.USBH_MSC_SCSI_Inquiry
                0x000000000800fcfe       0xd8 build/usbh_msc_scsi.o
                0x000000000800fcfe                USBH_MSC_SCSI_Inquiry
 .text.USBH_MSC_SCSI_RequestSense
                0x000000000800fdd6       0x94 build/usbh_msc_scsi.o
                0x000000000800fdd6                USBH_MSC_SCSI_RequestSense
 .text.USBH_MSC_SCSI_Write
                0x000000000800fe6a       0x8e build/usbh_msc_scsi.o
                0x000000000800fe6a                USBH_MSC_SCSI_Write
 .text.USBH_MSC_SCSI_Read
                0x000000000800fef8       0x8c build/usbh_msc_scsi.o
                0x000000000800fef8                USBH_MSC_SCSI_Read
 .text.number   0x000000000800ff84        0x4 build/Buffer_Gcode.o
 .text.sign     0x000000000800ff88       0x14 build/Buffer_Gcode.o
 .text.distanceStartFastMove
                0x000000000800ff9c       0x60 build/Buffer_Gcode.o
 .text.speedMaxFastMove
                0x000000000800fffc       0x9e build/Buffer_Gcode.o
 *fill*         0x000000000801009a        0x2 
 .text.createDescreteCommandBuffer_Gcode
                0x000000000801009c       0x50 build/Buffer_Gcode.o
                0x000000000801009c                createDescreteCommandBuffer_Gcode
 .text.addElementToDescreteCommandBuffer_Gcode
                0x00000000080100ec       0x8c build/Buffer_Gcode.o
                0x00000000080100ec                addElementToDescreteCommandBuffer_Gcode
 .text.getDescreteCommandBufferElement_Gcode
                0x0000000008010178       0x3c build/Buffer_Gcode.o
                0x0000000008010178                getDescreteCommandBufferElement_Gcode
 *fill*         0x00000000080101b4        0x4 
 .text.conserveSpeedFinish
                0x00000000080101b8      0x108 build/Buffer_Gcode.o
 .text.createCommandBuffer_Gcode
                0x00000000080102c0       0x48 build/Buffer_Gcode.o
                0x00000000080102c0                createCommandBuffer_Gcode
 .text.getCommandBufferElement_Gcode
                0x0000000008010308       0x40 build/Buffer_Gcode.o
                0x0000000008010308                getCommandBufferElement_Gcode
 .text.lastCommand
                0x0000000008010348       0x1c build/Buffer_Gcode.o
 *fill*         0x0000000008010364        0x4 
 .text.conserveSpeedStart
                0x0000000008010368      0x100 build/Buffer_Gcode.o
 .text.firstInCommandBuffer_Gcode
                0x0000000008010468       0x74 build/Buffer_Gcode.o
                0x0000000008010468                firstInCommandBuffer_Gcode
 .text.MoveZ_Analyser
                0x00000000080104dc      0x338 build/Buffer_Gcode.o
 .text.MoveXY_Analyser
                0x0000000008010814      0x83c build/Buffer_Gcode.o
 .text.MoveE_Analyser
                0x0000000008011050       0x94 build/Buffer_Gcode.o
 .text.HomeX_Analyser
                0x00000000080110e4      0x2d8 build/Buffer_Gcode.o
 .text.HomeY_Analyser
                0x00000000080113bc      0x2d8 build/Buffer_Gcode.o
 .text.HomeZ_Analyser
                0x0000000008011694      0x2f4 build/Buffer_Gcode.o
 .text.HomeXY_Analyser
                0x0000000008011988      0x3fc build/Buffer_Gcode.o
 .text.SetExtrTemp_Analyser
                0x0000000008011d84       0x42 build/Buffer_Gcode.o
 .text.SetBedTemp_Analyser
                0x0000000008011dc6       0x42 build/Buffer_Gcode.o
 .text.WaitExtrTemp_Analyser
                0x0000000008011e08       0x42 build/Buffer_Gcode.o
 .text.WaitBedTemp_Analyser
                0x0000000008011e4a       0x42 build/Buffer_Gcode.o
 .text.firstOutCommandBuffer_Gcode
                0x0000000008011e8c       0x38 build/Buffer_Gcode.o
                0x0000000008011e8c                firstOutCommandBuffer_Gcode
 .text.eraseFirstCommandBuffer_Gcode
                0x0000000008011ec4       0x5c build/Buffer_Gcode.o
                0x0000000008011ec4                eraseFirstCommandBuffer_Gcode
 .text.checkFreeSpaceCommandBuffer_Gcode
                0x0000000008011f20       0x34 build/Buffer_Gcode.o
                0x0000000008011f20                checkFreeSpaceCommandBuffer_Gcode
 .text.enoghSpaceIsReservedCommandBuffer_Gcode
                0x0000000008011f54       0x10 build/Buffer_Gcode.o
                0x0000000008011f54                enoghSpaceIsReservedCommandBuffer_Gcode
 .text.descreteCommandAnalyser_Gcode
                0x0000000008011f64      0x112 build/Buffer_Gcode.o
                0x0000000008011f64                descreteCommandAnalyser_Gcode
 *fill*         0x0000000008012076        0x2 
 .text.setCommand
                0x0000000008012078       0x28 build/Descritization_Gcode.o
 .text.descreteSpeedXY
                0x00000000080120a0       0x18 build/Descritization_Gcode.o
 .text.descreteSpeedZ
                0x00000000080120b8       0x18 build/Descritization_Gcode.o
 .text.descreteSpeedE
                0x00000000080120d0       0x18 build/Descritization_Gcode.o
 .text.descreteXY
                0x00000000080120e8       0x14 build/Descritization_Gcode.o
 .text.descreteZ
                0x00000000080120fc       0x14 build/Descritization_Gcode.o
 .text.descreteE
                0x0000000008012110       0x14 build/Descritization_Gcode.o
 .text.createDescretization_Gcode
                0x0000000008012124       0x48 build/Descritization_Gcode.o
                0x0000000008012124                createDescretization_Gcode
 .text.getDescreteCommand_Gcode
                0x000000000801216c       0x24 build/Descritization_Gcode.o
                0x000000000801216c                getDescreteCommand_Gcode
 .text.setDescreteCommand_Gcode
                0x0000000008012190       0x7c build/Descritization_Gcode.o
                0x0000000008012190                setDescreteCommand_Gcode
 .text.setCommand
                0x000000000801220c       0x64 build/GcodeConverter_Gcode.o
 .text.createGcodeConverter_Gcode
                0x0000000008012270       0x3c build/GcodeConverter_Gcode.o
                0x0000000008012270                createGcodeConverter_Gcode
 .text.getConvertedCommand_Gcode
                0x00000000080122ac       0x20 build/GcodeConverter_Gcode.o
                0x00000000080122ac                getConvertedCommand_Gcode
 .text.convertCommand_Gcode
                0x00000000080122cc      0x498 build/GcodeConverter_Gcode.o
                0x00000000080122cc                convertCommand_Gcode
 .text.sign     0x0000000008012764       0x14 build/VirtualPrinters_Gcode.o
 .text.makeStepX_Gcode
                0x0000000008012778       0x1c build/VirtualPrinters_Gcode.o
 .text.makeStepY_Gcode
                0x0000000008012794       0x1c build/VirtualPrinters_Gcode.o
 .text.makeStepZ_Gcode
                0x00000000080127b0       0x1c build/VirtualPrinters_Gcode.o
 .text.makeStepE_Gcode
                0x00000000080127cc       0x1c build/VirtualPrinters_Gcode.o
 .text.virtualPrintersCreate_Gcode
                0x00000000080127e8       0x44 build/VirtualPrinters_Gcode.o
                0x00000000080127e8                virtualPrintersCreate_Gcode
 .text.sendCommandToPrinter_Gcode
                0x000000000801282c       0xa0 build/VirtualPrinters_Gcode.o
                0x000000000801282c                sendCommandToPrinter_Gcode
 .text.moveComleted
                0x00000000080128cc       0x38 build/VirtualPrinters_Gcode.o
                0x00000000080128cc                moveComleted
 .text.evaluatePrinter_Gcode
                0x0000000008012904      0x1a4 build/VirtualPrinters_Gcode.o
                0x0000000008012904                evaluatePrinter_Gcode
 .text.convertCharacter_LCD
                0x0000000008012aa8      0x6e2 build/CharacterConverter_LCD.o
                0x0000000008012aa8                convertCharacter_LCD
 .text.first_line_DDRAM_address
                0x000000000801318a       0x24 build/Driver_LCD.o
 .text.third_line_DDRAM_address
                0x00000000080131ae       0x24 build/Driver_LCD.o
 .text.second_line_DDRAM_address
                0x00000000080131d2       0x24 build/Driver_LCD.o
 .text.fourth_line_DDRAM_address
                0x00000000080131f6       0x24 build/Driver_LCD.o
 .text.char_2_data_LCD
                0x000000000801321a       0x84 build/Driver_LCD.o
 .text.clear_display_LCD
                0x000000000801329e       0x58 build/Driver_LCD.o
                0x000000000801329e                clear_display_LCD
 .text.return_home_LCD
                0x00000000080132f6       0x58 build/Driver_LCD.o
                0x00000000080132f6                return_home_LCD
 .text.set_dataLenght_numberOfLines_fontType_LCD
                0x000000000801334e       0x58 build/Driver_LCD.o
                0x000000000801334e                set_dataLenght_numberOfLines_fontType_LCD
 .text.set_do_not_display_cursor_LCD
                0x00000000080133a6       0x58 build/Driver_LCD.o
                0x00000000080133a6                set_do_not_display_cursor_LCD
 .text.set_cursor_moving_to_the_right_LCD
                0x00000000080133fe       0x58 build/Driver_LCD.o
                0x00000000080133fe                set_cursor_moving_to_the_right_LCD
 .text.move_to_line_LCD
                0x0000000008013456       0x6a build/Driver_LCD.o
                0x0000000008013456                move_to_line_LCD
 .text.write_character
                0x00000000080134c0       0x40 build/Driver_LCD.o
                0x00000000080134c0                write_character
 .text.RS_high_LCD
                0x0000000008013500       0x14 build/GPIOandTIM_LCD.o
                0x0000000008013500                RS_high_LCD
 .text.RS_low_LCD
                0x0000000008013514       0x14 build/GPIOandTIM_LCD.o
                0x0000000008013514                RS_low_LCD
 .text.RW_low_LCD
                0x0000000008013528       0x14 build/GPIOandTIM_LCD.o
                0x0000000008013528                RW_low_LCD
 .text.E_high_LCD
                0x000000000801353c       0x14 build/GPIOandTIM_LCD.o
                0x000000000801353c                E_high_LCD
 .text.E_low_LCD
                0x0000000008013550       0x14 build/GPIOandTIM_LCD.o
                0x0000000008013550                E_low_LCD
 .text.DB0_high_LCD
                0x0000000008013564       0x14 build/GPIOandTIM_LCD.o
                0x0000000008013564                DB0_high_LCD
 .text.DB0_low_LCD
                0x0000000008013578       0x14 build/GPIOandTIM_LCD.o
                0x0000000008013578                DB0_low_LCD
 .text.DB1_high_LCD
                0x000000000801358c       0x14 build/GPIOandTIM_LCD.o
                0x000000000801358c                DB1_high_LCD
 .text.DB1_low_LCD
                0x00000000080135a0       0x14 build/GPIOandTIM_LCD.o
                0x00000000080135a0                DB1_low_LCD
 .text.DB2_high_LCD
                0x00000000080135b4       0x14 build/GPIOandTIM_LCD.o
                0x00000000080135b4                DB2_high_LCD
 .text.DB2_low_LCD
                0x00000000080135c8       0x14 build/GPIOandTIM_LCD.o
                0x00000000080135c8                DB2_low_LCD
 .text.DB3_high_LCD
                0x00000000080135dc       0x14 build/GPIOandTIM_LCD.o
                0x00000000080135dc                DB3_high_LCD
 .text.DB3_low_LCD
                0x00000000080135f0       0x14 build/GPIOandTIM_LCD.o
                0x00000000080135f0                DB3_low_LCD
 .text.DB4_high_LCD
                0x0000000008013604       0x14 build/GPIOandTIM_LCD.o
                0x0000000008013604                DB4_high_LCD
 .text.DB4_low_LCD
                0x0000000008013618       0x14 build/GPIOandTIM_LCD.o
                0x0000000008013618                DB4_low_LCD
 .text.DB5_high_LCD
                0x000000000801362c       0x14 build/GPIOandTIM_LCD.o
                0x000000000801362c                DB5_high_LCD
 .text.DB5_low_LCD
                0x0000000008013640       0x14 build/GPIOandTIM_LCD.o
                0x0000000008013640                DB5_low_LCD
 .text.DB6_high_LCD
                0x0000000008013654       0x14 build/GPIOandTIM_LCD.o
                0x0000000008013654                DB6_high_LCD
 .text.DB6_low_LCD
                0x0000000008013668       0x14 build/GPIOandTIM_LCD.o
                0x0000000008013668                DB6_low_LCD
 .text.DB7_high_LCD
                0x000000000801367c       0x14 build/GPIOandTIM_LCD.o
                0x000000000801367c                DB7_high_LCD
 .text.DB7_low_LCD
                0x0000000008013690       0x14 build/GPIOandTIM_LCD.o
                0x0000000008013690                DB7_low_LCD
 .text.Ready_LCD
                0x00000000080136a4        0xc build/GPIOandTIM_LCD.o
                0x00000000080136a4                Ready_LCD
 .text.wrongInterfaceLine_LCD
                0x00000000080136b0       0x14 build/Interface_LCD.o
 .text.create_LCD
                0x00000000080136c4       0x18 build/Interface_LCD.o
                0x00000000080136c4                create_LCD
 .text.printLine_LCD
                0x00000000080136dc       0x32 build/Interface_LCD.o
                0x00000000080136dc                printLine_LCD
 .text.lineNumber
                0x000000000801370e        0x4 build/TextConverter_LCD.o
 .text.wrongLine
                0x0000000008013712       0x14 build/TextConverter_LCD.o
 *fill*         0x0000000008013726        0x2 
 .text.create_TextConverter_LCD
                0x0000000008013728       0x34 build/TextConverter_LCD.o
                0x0000000008013728                create_TextConverter_LCD
 .text.putLine_TextConverter_LCD
                0x000000000801375c       0x6c build/TextConverter_LCD.o
                0x000000000801375c                putLine_TextConverter_LCD
 .text.updateLine_TextConverter_LCD
                0x00000000080137c8       0x28 build/TextConverter_LCD.o
                0x00000000080137c8                updateLine_TextConverter_LCD
 .text.createFirstNode_Menu
                0x00000000080137f0       0x50 build/Constructor_Menu.o
                0x00000000080137f0                createFirstNode_Menu
 .text.createRightNode_Menu
                0x0000000008013840       0x78 build/Constructor_Menu.o
                0x0000000008013840                createRightNode_Menu
 .text.createDownNode_Menu
                0x00000000080138b8       0x7c build/Constructor_Menu.o
                0x00000000080138b8                createDownNode_Menu
 .text.destroyRightNode_Menu
                0x0000000008013934       0x1c build/Constructor_Menu.o
                0x0000000008013934                destroyRightNode_Menu
 .text.getCurrentNode_Menu
                0x0000000008013950        0xc build/Constructor_Menu.o
                0x0000000008013950                getCurrentNode_Menu
 .text.getTitle_Menu
                0x000000000801395c        0xc build/Constructor_Menu.o
                0x000000000801395c                getTitle_Menu
 .text.getName_Menu
                0x0000000008013968        0xc build/Constructor_Menu.o
                0x0000000008013968                getName_Menu
 .text.ThereIsNodeBelow_Menu
                0x0000000008013974       0x14 build/Constructor_Menu.o
                0x0000000008013974                ThereIsNodeBelow_Menu
 .text.ThereIsNodeAbove_Menu
                0x0000000008013988       0x14 build/Constructor_Menu.o
                0x0000000008013988                ThereIsNodeAbove_Menu
 .text.moveDown_Menu
                0x000000000801399c       0x14 build/Constructor_Menu.o
                0x000000000801399c                moveDown_Menu
 .text.moveUp_Menu
                0x00000000080139b0       0x14 build/Constructor_Menu.o
                0x00000000080139b0                moveUp_Menu
 .text.moveRight_Menu
                0x00000000080139c4       0x14 build/Constructor_Menu.o
                0x00000000080139c4                moveRight_Menu
 .text.moveLeft_Menu
                0x00000000080139d8       0x14 build/Constructor_Menu.o
                0x00000000080139d8                moveLeft_Menu
 .text.moveToTheFirstNode_Menu
                0x00000000080139ec       0x28 build/Constructor_Menu.o
                0x00000000080139ec                moveToTheFirstNode_Menu
 .text.setFunctionOk
                0x0000000008013a14       0x10 build/Constructor_Menu.o
                0x0000000008013a14                setFunctionOk
 .text.setFunctionBack
                0x0000000008013a24       0x10 build/Constructor_Menu.o
                0x0000000008013a24                setFunctionBack
 .text.setFunctionUp
                0x0000000008013a34       0x10 build/Constructor_Menu.o
                0x0000000008013a34                setFunctionUp
 .text.setFunctionDown
                0x0000000008013a44       0x10 build/Constructor_Menu.o
                0x0000000008013a44                setFunctionDown
 .text.setMainMenu_Menu
                0x0000000008013a54      0x16c build/MainMenu_Menu.o
                0x0000000008013a54                setMainMenu_Menu
 .text.openDirectory_Menu
                0x0000000008013bc0        0x2 build/FunctionsForButtons.o
                0x0000000008013bc0                openDirectory_Menu
 .text.wchar_t2TCHAR
                0x0000000008013bc2      0x390 build/FunctionsForButtons.o
 .text.getFileNameTCHAR
                0x0000000008013f52       0x20 build/FunctionsForButtons.o
 .text.simpleNavigationDown_Menu
                0x0000000008013f72       0xd4 build/FunctionsForButtons.o
                0x0000000008013f72                simpleNavigationDown_Menu
 .text.simpleNavigationUp_Menu
                0x0000000008014046       0x94 build/FunctionsForButtons.o
                0x0000000008014046                simpleNavigationUp_Menu
 .text.returnFirstLine
                0x00000000080140da       0x14 build/FunctionsForButtons.o
 *fill*         0x00000000080140ee        0x2 
 .text.simpleNavigationBack_Menu
                0x00000000080140f0      0x10c build/FunctionsForButtons.o
                0x00000000080140f0                simpleNavigationBack_Menu
 .text.GcodeFormat
                0x00000000080141fc       0x18 build/FunctionsForButtons.o
 .text.wait     0x0000000008014214        0xc build/FunctionsForButtons.o
 .text.runGcode_Menu
                0x0000000008014220       0xf0 build/FunctionsForButtons.o
                0x0000000008014220                runGcode_Menu
 .text.simpleNavigationOk_Menu
                0x0000000008014310       0xa8 build/FunctionsForButtons.o
                0x0000000008014310                simpleNavigationOk_Menu
 .text.printOk_Menu
                0x00000000080143b8      0x194 build/FunctionsForButtons.o
                0x00000000080143b8                printOk_Menu
 .text.changeFilamentOk_Menu
                0x000000000801454c        0x8 build/FunctionsForButtons.o
                0x000000000801454c                changeFilamentOk_Menu
 .text.setTheTemperatureOk_Menu
                0x0000000008014554        0x2 build/FunctionsForButtons.o
                0x0000000008014554                setTheTemperatureOk_Menu
 .text.setTheTemperatureBack_Menu
                0x0000000008014556        0x8 build/FunctionsForButtons.o
                0x0000000008014556                setTheTemperatureBack_Menu
 .text.setTheTemperatureUp_Menu
                0x000000000801455e        0x2 build/FunctionsForButtons.o
                0x000000000801455e                setTheTemperatureUp_Menu
 .text.setTheTemperatureDown_Menu
                0x0000000008014560        0x2 build/FunctionsForButtons.o
                0x0000000008014560                setTheTemperatureDown_Menu
 .text.englishOk_Menu
                0x0000000008014562        0x2 build/FunctionsForButtons.o
                0x0000000008014562                englishOk_Menu
 .text.russianOk_Menu
                0x0000000008014564        0x2 build/FunctionsForButtons.o
                0x0000000008014564                russianOk_Menu
 .text.helpOk_Menu
                0x0000000008014566        0x2 build/FunctionsForButtons.o
                0x0000000008014566                helpOk_Menu
 .text.helpBack_Menu
                0x0000000008014568        0x2 build/FunctionsForButtons.o
                0x0000000008014568                helpBack_Menu
 .text.emptyFunction_Menu
                0x000000000801456a        0x2 build/FunctionsForButtons.o
                0x000000000801456a                emptyFunction_Menu
 .text.doStepX_Motors
                0x000000000801456c       0x28 build/Driver_Motors.o
                0x000000000801456c                doStepX_Motors
 .text.doStepY_Motors
                0x0000000008014594       0x28 build/Driver_Motors.o
                0x0000000008014594                doStepY_Motors
 .text.doStepZ_Motors
                0x00000000080145bc       0x28 build/Driver_Motors.o
                0x00000000080145bc                doStepZ_Motors
 .text.doStepE_Motors
                0x00000000080145e4       0x28 build/Driver_Motors.o
                0x00000000080145e4                doStepE_Motors
 .text.evaluate_Motors
                0x000000000801460c       0xe8 build/Driver_Motors.o
                0x000000000801460c                evaluate_Motors
 .text.ForwardX_Motors
                0x00000000080146f4       0x18 build/GPIO_Motors.o
                0x00000000080146f4                ForwardX_Motors
 .text.BackwardX_Motors
                0x000000000801470c       0x18 build/GPIO_Motors.o
                0x000000000801470c                BackwardX_Motors
 .text.StepOnX_Motors
                0x0000000008014724       0x14 build/GPIO_Motors.o
                0x0000000008014724                StepOnX_Motors
 .text.StepOffX_Motors
                0x0000000008014738       0x14 build/GPIO_Motors.o
                0x0000000008014738                StepOffX_Motors
 .text.ForwardY_Motors
                0x000000000801474c       0x18 build/GPIO_Motors.o
                0x000000000801474c                ForwardY_Motors
 .text.BackwardY_Motors
                0x0000000008014764       0x18 build/GPIO_Motors.o
                0x0000000008014764                BackwardY_Motors
 .text.StepOnY_Motors
                0x000000000801477c       0x14 build/GPIO_Motors.o
                0x000000000801477c                StepOnY_Motors
 .text.StepOffY_Motors
                0x0000000008014790       0x14 build/GPIO_Motors.o
                0x0000000008014790                StepOffY_Motors
 .text.ForwardZ_Motors
                0x00000000080147a4       0x28 build/GPIO_Motors.o
                0x00000000080147a4                ForwardZ_Motors
 .text.BackwardZ_Motors
                0x00000000080147cc       0x28 build/GPIO_Motors.o
                0x00000000080147cc                BackwardZ_Motors
 .text.StepOnZ_Motors
                0x00000000080147f4       0x24 build/GPIO_Motors.o
                0x00000000080147f4                StepOnZ_Motors
 .text.StepOffZ_Motors
                0x0000000008014818       0x24 build/GPIO_Motors.o
                0x0000000008014818                StepOffZ_Motors
 .text.createState_USBdrive
                0x000000000801483c        0xc build/State_USBdrive.o
                0x000000000801483c                createState_USBdrive
 .text.setState_USBdrive
                0x0000000008014848        0xc build/State_USBdrive.o
                0x0000000008014848                setState_USBdrive
 .text.getState_USBdrive
                0x0000000008014854        0xc build/State_USBdrive.o
                0x0000000008014854                getState_USBdrive
 .text.TCHAR2wchar_t
                0x0000000008014860      0x31a build/Driver_USBdrive.o
 .text.convertLongNameToWideLongName
                0x0000000008014b7a       0x32 build/Driver_USBdrive.o
 .text.createDriver_USBdrive
                0x0000000008014bac       0x38 build/Driver_USBdrive.o
                0x0000000008014bac                createDriver_USBdrive
 .text.mount_USBdrive
                0x0000000008014be4       0x40 build/Driver_USBdrive.o
                0x0000000008014be4                mount_USBdrive
 .text.unmount_USBdrive
                0x0000000008014c24       0x48 build/Driver_USBdrive.o
                0x0000000008014c24                unmount_USBdrive
 .text.getMountedStatus
                0x0000000008014c6c        0xc build/Driver_USBdrive.o
                0x0000000008014c6c                getMountedStatus
 .text.getPath_USBdrive
                0x0000000008014c78        0x8 build/Driver_USBdrive.o
                0x0000000008014c78                getPath_USBdrive
 .text.openDirectory_USBdrive
                0x0000000008014c80       0x3c build/Driver_USBdrive.o
                0x0000000008014c80                openDirectory_USBdrive
 .text.readItem_USBdrive
                0x0000000008014cbc       0x20 build/Driver_USBdrive.o
                0x0000000008014cbc                readItem_USBdrive
 .text.getName_USBdrive
                0x0000000008014cdc        0x8 build/Driver_USBdrive.o
                0x0000000008014cdc                getName_USBdrive
 .text.getWideLongName_USBdrive
                0x0000000008014ce4       0x1c build/Driver_USBdrive.o
                0x0000000008014ce4                getWideLongName_USBdrive
 .text.getItemType_USBdrive
                0x0000000008014d00       0x20 build/Driver_USBdrive.o
                0x0000000008014d00                getItemType_USBdrive
 .text.openFile_USBdrive
                0x0000000008014d20       0x28 build/Driver_USBdrive.o
                0x0000000008014d20                openFile_USBdrive
 .text.getStringFromFile_USBdrive
                0x0000000008014d48       0x2c build/Driver_USBdrive.o
                0x0000000008014d48                getStringFromFile_USBdrive
 .text.endOfFile_USBdrive
                0x0000000008014d74       0x20 build/Driver_USBdrive.o
                0x0000000008014d74                endOfFile_USBdrive
 .text.create_coordinates