Archive member included to satisfy reference by file (symbol)

/usr/lib/gcc/arm-none-eabi/6.3.1/../../../arm-none-eabi/lib/thumb/v7-m/libc_nano.a(lib_a-atexit.o)
                              /usr/lib/gcc/arm-none-eabi/6.3.1/../../../arm-none-eabi/lib/thumb/v7-m/crt0.o (atexit)
/usr/lib/gcc/arm-none-eabi/6.3.1/../../../arm-none-eabi/lib/thumb/v7-m/libc_nano.a(lib_a-atof.o)
                              build/GcodeConverter_Gcode.o (atof)
/usr/lib/gcc/arm-none-eabi/6.3.1/../../../arm-none-eabi/lib/thumb/v7-m/libc_nano.a(lib_a-atoi.o)
                              build/GcodeConverter_Gcode.o (atoi)
/usr/lib/gcc/arm-none-eabi/6.3.1/../../../arm-none-eabi/lib/thumb/v7-m/libc_nano.a(lib_a-exit.o)
                              /usr/lib/gcc/arm-none-eabi/6.3.1/../../../arm-none-eabi/lib/thumb/v7-m/crt0.o (exit)
/usr/lib/gcc/arm-none-eabi/6.3.1/../../../arm-none-eabi/lib/thumb/v7-m/libc_nano.a(lib_a-fini.o)
                              /usr/lib/gcc/arm-none-eabi/6.3.1/../../../arm-none-eabi/lib/thumb/v7-m/crt0.o (__libc_fini_array)
/usr/lib/gcc/arm-none-eabi/6.3.1/../../../arm-none-eabi/lib/thumb/v7-m/libc_nano.a(lib_a-impure.o)
                              /usr/lib/gcc/arm-none-eabi/6.3.1/../../../arm-none-eabi/lib/thumb/v7-m/libc_nano.a(lib_a-exit.o) (_global_impure_ptr)
/usr/lib/gcc/arm-none-eabi/6.3.1/../../../arm-none-eabi/lib/thumb/v7-m/libc_nano.a(lib_a-init.o)
                              /usr/lib/gcc/arm-none-eabi/6.3.1/../../../arm-none-eabi/lib/thumb/v7-m/crt0.o (__libc_init_array)
/usr/lib/gcc/arm-none-eabi/6.3.1/../../../arm-none-eabi/lib/thumb/v7-m/libc_nano.a(lib_a-malloc.o)
                              build/usbh_msc.o (malloc)
/usr/lib/gcc/arm-none-eabi/6.3.1/../../../arm-none-eabi/lib/thumb/v7-m/libc_nano.a(lib_a-memset.o)
                              /usr/lib/gcc/arm-none-eabi/6.3.1/../../../arm-none-eabi/lib/thumb/v7-m/crt0.o (memset)
/usr/lib/gcc/arm-none-eabi/6.3.1/../../../arm-none-eabi/lib/thumb/v7-m/libc_nano.a(lib_a-nano-freer.o)
                              /usr/lib/gcc/arm-none-eabi/6.3.1/../../../arm-none-eabi/lib/thumb/v7-m/libc_nano.a(lib_a-malloc.o) (_free_r)
/usr/lib/gcc/arm-none-eabi/6.3.1/../../../arm-none-eabi/lib/thumb/v7-m/libc_nano.a(lib_a-nano-mallocr.o)
                              /usr/lib/gcc/arm-none-eabi/6.3.1/../../../arm-none-eabi/lib/thumb/v7-m/libc_nano.a(lib_a-malloc.o) (_malloc_r)
/usr/lib/gcc/arm-none-eabi/6.3.1/../../../arm-none-eabi/lib/thumb/v7-m/libc_nano.a(lib_a-printf.o)
                              build/stm32f1xx_it.o (printf)
/usr/lib/gcc/arm-none-eabi/6.3.1/../../../arm-none-eabi/lib/thumb/v7-m/libc_nano.a(lib_a-sbrkr.o)
                              /usr/lib/gcc/arm-none-eabi/6.3.1/../../../arm-none-eabi/lib/thumb/v7-m/libc_nano.a(lib_a-nano-mallocr.o) (_sbrk_r)
/usr/lib/gcc/arm-none-eabi/6.3.1/../../../arm-none-eabi/lib/thumb/v7-m/libc_nano.a(lib_a-sprintf.o)
                              build/FunctionsForButtons.o (sprintf)
/usr/lib/gcc/arm-none-eabi/6.3.1/../../../arm-none-eabi/lib/thumb/v7-m/libc_nano.a(lib_a-strchr.o)
                              build/GcodeConverter_Gcode.o (strchr)
/usr/lib/gcc/arm-none-eabi/6.3.1/../../../arm-none-eabi/lib/thumb/v7-m/libc_nano.a(lib_a-strcpy.o)
                              build/Driver_USBdrive.o (strcpy)
/usr/lib/gcc/arm-none-eabi/6.3.1/../../../arm-none-eabi/lib/thumb/v7-m/libc_nano.a(lib_a-strtod.o)
                              /usr/lib/gcc/arm-none-eabi/6.3.1/../../../arm-none-eabi/lib/thumb/v7-m/libc_nano.a(lib_a-atof.o) (strtod)
/usr/lib/gcc/arm-none-eabi/6.3.1/../../../arm-none-eabi/lib/thumb/v7-m/libc_nano.a(lib_a-strtol.o)
                              /usr/lib/gcc/arm-none-eabi/6.3.1/../../../arm-none-eabi/lib/thumb/v7-m/libc_nano.a(lib_a-atoi.o) (_strtol_r)
/usr/lib/gcc/arm-none-eabi/6.3.1/../../../arm-none-eabi/lib/thumb/v7-m/libc_nano.a(lib_a-swprintf.o)
                              build/TextConverter_LCD.o (swprintf)
/usr/lib/gcc/arm-none-eabi/6.3.1/../../../arm-none-eabi/lib/thumb/v7-m/libc_nano.a(lib_a-wcscpy.o)
                              build/TextConverter_LCD.o (wcscpy)
/usr/lib/gcc/arm-none-eabi/6.3.1/../../../arm-none-eabi/lib/thumb/v7-m/libc_nano.a(lib_a-wcslen.o)
                              build/TextConverter_LCD.o (wcslen)
/usr/lib/gcc/arm-none-eabi/6.3.1/../../../arm-none-eabi/lib/thumb/v7-m/libc_nano.a(lib_a-wcsstr.o)
                              build/TextConverter_LCD.o (wcsstr)
/usr/lib/gcc/arm-none-eabi/6.3.1/../../../arm-none-eabi/lib/thumb/v7-m/libc_nano.a(lib_a-wmemcpy.o)
                              build/TextConverter_LCD.o (wmemcpy)
/usr/lib/gcc/arm-none-eabi/6.3.1/../../../arm-none-eabi/lib/thumb/v7-m/libc_nano.a(lib_a-__atexit.o)
                              /usr/lib/gcc/arm-none-eabi/6.3.1/../../../arm-none-eabi/lib/thumb/v7-m/libc_nano.a(lib_a-atexit.o) (__register_exitproc)
/usr/lib/gcc/arm-none-eabi/6.3.1/../../../arm-none-eabi/lib/thumb/v7-m/libc_nano.a(lib_a-__call_atexit.o)
[...]
Memory Configuration

Name             Origin             Length             Attributes
RAM              0x0000000020000000 0x0000000000010000 xrw
FLASH            0x0000000008000000 0x0000000000040000 xr
*default*        0x0000000000000000 0xffffffffffffffff

Linker script and memory map

LOAD /usr/lib/gcc/arm-none-eabi/6.3.1/thumb/v7-m/crti.o
LOAD /usr/lib/gcc/arm-none-eabi/6.3.1/thumb/v7-m/crtbegin.o
LOAD /usr/lib/gcc/arm-none-eabi/6.3.1/../../../arm-none-eabi/lib/thumb/v7-m/crt0.o
LOAD build/main.o
LOAD build/gpio.o
LOAD build/fatfs.o
LOAD build/sys.o
LOAD build/tim.o
LOAD build/usart.o
LOAD build/usb_host.o
LOAD build/usbh_conf.o
LOAD build/usbh_platform.o
LOAD build/stm32f1xx_it.o
LOAD build/stm32f1xx_hal_msp.o
LOAD build/stm32f1xx_hal_gpio_ex.o
LOAD build/stm32f1xx_hal_hcd.o
LOAD build/stm32f1xx_ll_usb.o
LOAD build/stm32f1xx_hal.o
LOAD build/stm32f1xx_hal_rcc.o
LOAD build/stm32f1xx_hal_rcc_ex.o
LOAD build/stm32f1xx_hal_gpio.o
LOAD build/stm32f1xx_hal_dma.o
LOAD build/stm32f1xx_hal_cortex.o
LOAD build/stm32f1xx_hal_pwr.o
LOAD build/stm32f1xx_hal_flash.o
LOAD build/stm32f1xx_hal_flash_ex.o
LOAD build/stm32f1xx_hal_tim.o
LOAD build/stm32f1xx_hal_tim_ex.o
LOAD build/stm32f1xx_hal_uart.o
LOAD build/system_stm32f1xx.o
LOAD build/diskio.o
LOAD build/ff.o
LOAD build/ff_gen_drv.o
LOAD build/syscall.o
LOAD build/ccsbcs.o
LOAD build/usbh_diskio.o
LOAD build/usbh_core.o
LOAD build/usbh_ctlreq.o
LOAD build/usbh_ioreq.o
LOAD build/usbh_pipes.o
LOAD build/usbh_msc.o
LOAD build/usbh_msc_bot.o
LOAD build/usbh_msc_scsi.o
LOAD build/Buffer_Gcode.o
LOAD build/Descritization_Gcode.o
LOAD build/GcodeConverter_Gcode.o
LOAD build/VirtualPrinters_Gcode.o
LOAD build/CharacterConverter_LCD.o
LOAD build/Driver_LCD.o
LOAD build/GPIOandTIM_LCD.o
LOAD build/Interface_LCD.o
LOAD build/TextConverter_LCD.o
LOAD build/Constructor_Menu.o
LOAD build/MainMenu_Menu.o
LOAD build/FunctionsForButtons.o
LOAD build/Driver_Motors.o
LOAD build/GPIO_Motors.o
LOAD build/State_USBdrive.o
LOAD build/Driver_USBdrive.o
LOAD build/coordinates.o
LOAD build/startup_stm32f105xc.o
LOAD /usr/lib/gcc/arm-none-eabi/6.3.1/../../../arm-none-eabi/lib/thumb/v7-m/libc_nano.a
LOAD /usr/lib/gcc/arm-none-eabi/6.3.1/../../../arm-none-eabi/lib/thumb/v7-m/libm.a
LOAD /usr/lib/gcc/arm-none-eabi/6.3.1/../../../arm-none-eabi/lib/thumb/v7-m/libnosys.a
START GROUP
LOAD /usr/lib/gcc/arm-none-eabi/6.3.1/thumb/v7-m/libgcc.a
LOAD /usr/lib/gcc/arm-none-eabi/6.3.1/../../../arm-none-eabi/lib/thumb/v7-m/libc_nano.a
END GROUP
START GROUP
LOAD /usr/lib/gcc/arm-none-eabi/6.3.1/thumb/v7-m/libgcc.a
LOAD /usr/lib/gcc/arm-none-eabi/6.3.1/../../../arm-none-eabi/lib/thumb/v7-m/libc_nano.a
END GROUP
LOAD /usr/lib/gcc/arm-none-eabi/6.3.1/thumb/v7-m/crtend.o
LOAD /usr/lib/gcc/arm-none-eabi/6.3.1/thumb/v7-m/crtn.o
                0x0000000020010000                _estack = 0x20010000
                0x0000000000000200                _Min_Heap_Size = 0x200
                0x0000000000000400                _Min_Stack_Size = 0x400

.isr_vector     0x0000000008000000      0x1e4
                0x0000000008000000                . = ALIGN (0x4)
 *(.isr_vector)
 .isr_vector    0x0000000008000000      0x1e4 build/startup_stm32f105xc.o
                0x0000000008000000                g_pfnVectors
                0x00000000080001e4                . = ALIGN (0x4)

.text           0x00000000080001e8    0x154ac
                0x00000000080001e8                . = ALIGN (0x4)
 *(.text)
 .text          0x00000000080001e8       0xa4 /usr/lib/gcc/arm-none-eabi/6.3.1/thumb/v7-m/crtbegin.o
 .text          0x000000000800028c        0x8 /usr/lib/gcc/arm-none-eabi/6.3.1/../../../arm-none-eabi/lib/thumb/v7-m/libc_nano.a(lib_a-atof.o)
                0x000000000800028c                atof
 .text          0x0000000008000294       0x10 /usr/lib/gcc/arm-none-eabi/6.3.1/../../../arm-none-eabi/lib/thumb/v7-m/libc_nano.a(lib_a-atoi.o)
                0x0000000008000294                atoi
                0x000000000800029c                _atoi_r
 .text          0x00000000080002a4       0x20 /usr/lib/gcc/arm-none-eabi/6.3.1/../../../arm-none-eabi/lib/thumb/v7-m/libc_nano.a(lib_a-malloc.o)
                0x00000000080002a4                malloc
                0x00000000080002b4                free
 .text          0x00000000080002c4       0x94 /usr/lib/gcc/arm-none-eabi/6.3.1/../../../arm-none-eabi/lib/thumb/v7-m/libc_nano.a(lib_a-memset.o)
                0x00000000080002c4                memset
 .text          0x0000000008000358       0xa8 /usr/lib/gcc/arm-none-eabi/6.3.1/../../../arm-none-eabi/lib/thumb/v7-m/libc_nano.a(lib_a-nano-freer.o)
                0x0000000008000358                _free_r
 .text          0x0000000008000400       0xc8 /usr/lib/gcc/arm-none-eabi/6.3.1/../../../arm-none-eabi/lib/thumb/v7-m/libc_nano.a(lib_a-nano-mallocr.o)
                0x0000000008000400                _malloc_r
 .text          0x00000000080004c8       0x68 /usr/lib/gcc/arm-none-eabi/6.3.1/../../../arm-none-eabi/lib/thumb/v7-m/libc_nano.a(lib_a-printf.o)
                0x00000000080004c8                _printf_r
                0x00000000080004c8                _iprintf_r
                0x00000000080004f8                printf
                0x00000000080004f8                iprintf
 .text          0x0000000008000530       0x24 /usr/lib/gcc/arm-none-eabi/6.3.1/../../../arm-none-eabi/lib/thumb/v7-m/libc_nano.a(lib_a-sbrkr.o)
                0x0000000008000530                _sbrk_r
 .text          0x0000000008000554       0x80 /usr/lib/gcc/arm-none-eabi/6.3.1/../../../arm-none-eabi/lib/thumb/v7-m/libc_nano.a(lib_a-sprintf.o)
                0x0000000008000554                _siprintf_r
                0x0000000008000554                _sprintf_r
                0x0000000008000590                sprintf
                0x0000000008000590                siprintf
 .text          0x00000000080005d4       0xe8 /usr/lib/gcc/arm-none-eabi/6.3.1/../../../arm-none-eabi/lib/thumb/v7-m/libc_nano.a(lib_a-strchr.o)
                0x00000000080005d4                strchr
 .text          0x00000000080006bc       0xbc /usr/lib/gcc/arm-none-eabi/6.3.1/../../../arm-none-eabi/lib/thumb/v7-m/libc_nano.a(lib_a-strcpy.o)
                0x00000000080006bc                strcpy
 .text          0x0000000008000778     0x10a8 /usr/lib/gcc/arm-none-eabi/6.3.1/../../../arm-none-eabi/lib/thumb/v7-m/libc_nano.a(lib_a-strtod.o)
                0x0000000008000778                _strtod_l
                0x000000000800169c                _strtod_r
                0x00000000080016bc                strtod_l
                0x00000000080016d4                strtod
                0x00000000080016f8                strtof_l
                0x0000000008001784                strtof
 .text          0x0000000008001820      0x194 /usr/lib/gcc/arm-none-eabi/6.3.1/../../../arm-none-eabi/lib/thumb/v7-m/libc_nano.a(lib_a-strtol.o)
                0x0000000008001944                _strtol_r
                0x0000000008001968                strtol_l
                0x0000000008001988                strtol
 .text          0x00000000080019b4       0xf4 /usr/lib/gcc/arm-none-eabi/6.3.1/../../../arm-none-eabi/lib/thumb/v7-m/libc_nano.a(lib_a-swprintf.o)
                0x00000000080019b4                _swprintf_r
                0x0000000008001a28                swprintf
 .text          0x0000000008001aa8       0x1c /usr/lib/gcc/arm-none-eabi/6.3.1/../../../arm-none-eabi/lib/thumb/v7-m/libc_nano.a(lib_a-wcscpy.o)
                0x0000000008001aa8                wcscpy
 .text          0x0000000008001ac4       0x18 /usr/lib/gcc/arm-none-eabi/6.3.1/../../../arm-none-eabi/lib/thumb/v7-m/libc_nano.a(lib_a-wcslen.o)
                0x0000000008001ac4                wcslen
 .text          0x0000000008001adc       0x54 /usr/lib/gcc/arm-none-eabi/6.3.1/../../../arm-none-eabi/lib/thumb/v7-m/libc_nano.a(lib_a-wcsstr.o)
                0x0000000008001adc                wcsstr
 .text          0x0000000008001b30        0x8 /usr/lib/gcc/arm-none-eabi/6.3.1/../../../arm-none-eabi/lib/thumb/v7-m/libc_nano.a(lib_a-wmemcpy.o)
                0x0000000008001b30                wmemcpy
 .text          0x0000000008001b38      0x210 /usr/lib/gcc/arm-none-eabi/6.3.1/../../../arm-none-eabi/lib/thumb/v7-m/libc_nano.a(lib_a-findfp.o)
                0x0000000008001b3c                _cleanup_r
                0x0000000008001b4c                __sfmoreglue
                0x0000000008001b7c                __sfp
                0x0000000008001cf4                _cleanup
                0x0000000008001d08                __sinit
                0x0000000008001d10                __sfp_lock_acquire
                0x0000000008001d14                __sfp_lock_release
                0x0000000008001d18                __sinit_lock_acquire
                0x0000000008001d1c                __sinit_lock_release
                0x0000000008001d20                __fp_lock_all
                0x0000000008001d34                __fp_unlock_all
 .text          0x0000000008001d48       0x98 /usr/lib/gcc/arm-none-eabi/6.3.1/../../../arm-none-eabi/lib/thumb/v7-m/libc_nano.a(lib_a-fwalk.o)
                0x0000000008001d48                _fwalk
                0x0000000008001d90                _fwalk_reent
 .text          0x0000000008001de0      0x5d0 /usr/lib/gcc/arm-none-eabi/6.3.1/../../../arm-none-eabi/lib/thumb/v7-m/libc_nano.a(lib_a-gdtoa-gethex.o)
                0x0000000008001e90                __gethex
 .text          0x00000000080023b0      0x1d0 /usr/lib/gcc/arm-none-eabi/6.3.1/../../../arm-none-eabi/lib/thumb/v7-m/libc_nano.a(lib_a-gdtoa-hexnan.o)
                0x00000000080023b0                __match
                0x00000000080023e0                __hexnan
 .text          0x0000000008002580       0x90 /usr/lib/gcc/arm-none-eabi/6.3.1/../../../arm-none-eabi/lib/thumb/v7-m/libc_nano.a(lib_a-locale.o)
                0x0000000008002580                _setlocale_r
                0x00000000080025c0                __locale_mb_cur_max
                0x00000000080025dc                __locale_ctype_ptr_l
                0x00000000080025e4                __locale_ctype_ptr
                0x0000000008002600                setlocale
 .text          0x0000000008002610       0x3c /usr/lib/gcc/arm-none-eabi/6.3.1/../../../arm-none-eabi/lib/thumb/v7-m/libc_nano.a(lib_a-localeconv.o)
                0x0000000008002610                __localeconv_l
                0x0000000008002614                _localeconv_r
                0x0000000008002630                localeconv
 .text          0x000000000800264c       0x50 /usr/lib/gcc/arm-none-eabi/6.3.1/../../../arm-none-eabi/lib/thumb/v7-m/libc_nano.a(lib_a-mbtowc_r.o)
                0x000000000800264c                _mbtowc_r
                0x0000000008002670                __ascii_mbtowc
 .text          0x000000000800269c       0xec /usr/lib/gcc/arm-none-eabi/6.3.1/../../../arm-none-eabi/lib/thumb/v7-m/libc_nano.a(lib_a-memcpy.o)
                0x000000000800269c                memcpy
 .text          0x0000000008002788        0x8 /usr/lib/gcc/arm-none-eabi/6.3.1/../../../arm-none-eabi/lib/thumb/v7-m/libc_nano.a(lib_a-mlock.o)
                0x0000000008002788                __malloc_lock
                0x000000000800278c                __malloc_unlock
 .text          0x0000000008002790      0x93c /usr/lib/gcc/arm-none-eabi/6.3.1/../../../arm-none-eabi/lib/thumb/v7-m/libc_nano.a(lib_a-mprec.o)
                0x0000000008002790                _Balloc
                0x00000000080027f8                _Bfree
                0x0000000008002830                __multadd
                0x00000000080028ac                __s2b
                0x0000000008002944                __hi0bits
                0x0000000008002984                __lo0bits
                0x00000000080029e4                __i2b
                0x00000000080029f8                __multiply
                0x0000000008002b44                __pow5mult
                0x0000000008002bfc                __lshift
                0x0000000008002cb4                __mcmp
                0x0000000008002cec                __mdiff
                0x0000000008002dec                __ulp
                0x0000000008002e30                __b2d
                0x0000000008002ef0                __d2b
                0x0000000008002fa0                __ratio
                0x0000000008002ff8                _mprec_log10
                0x0000000008003030                __copybits
                0x0000000008003078                __any_on
 .text          0x00000000080030cc       0x1c /usr/lib/gcc/arm-none-eabi/6.3.1/../../../arm-none-eabi/lib/thumb/v7-m/libc_nano.a(lib_a-nano-callocr.o)
                0x00000000080030cc                _calloc_r
 .text          0x00000000080030e8      0x440 /usr/lib/gcc/arm-none-eabi/6.3.1/../../../arm-none-eabi/lib/thumb/v7-m/libc_nano.a(lib_a-nano-svfprintf.o)
                0x00000000080030e8                __ssputs_r
                0x00000000080031ac                __ssprint_r
                0x00000000080032a0                _svfprintf_r
                0x00000000080032a0                _svfiprintf_r
 .text          0x0000000008003528      0x368 /usr/lib/gcc/arm-none-eabi/6.3.1/../../../arm-none-eabi/lib/thumb/v7-m/libc_nano.a(lib_a-nano-vfprintf.o)
                0x0000000008003560                __sfputs_r
                0x0000000008003590                __sprint_r
                0x00000000080035ac                _vfiprintf_r
                0x00000000080035ac                _vfprintf_r
                0x0000000008003878                vfiprintf
                0x0000000008003878                vfprintf
 .text          0x0000000008003890      0x3a0 /usr/lib/gcc/arm-none-eabi/6.3.1/../../../arm-none-eabi/lib/thumb/v7-m/libc_nano.a(lib_a-nano-vfprintf_i.o)
                0x0000000008003890                _printf_common
                0x00000000080039ac                _printf_i
 .text          0x0000000008003c30        0x8 /usr/lib/gcc/arm-none-eabi/6.3.1/../../../arm-none-eabi/lib/thumb/v7-m/libc_nano.a(lib_a-sf_nan.o)
                0x0000000008003c30                nanf
 .text          0x0000000008003c38       0x8c /usr/lib/gcc/arm-none-eabi/6.3.1/../../../arm-none-eabi/lib/thumb/v7-m/libc_nano.a(lib_a-stdio.o)
                0x0000000008003c38                __sread
                0x0000000008003c5c                __seofread
                0x0000000008003c60                __swrite
                0x0000000008003c9c                __sseek
                0x0000000008003cbc                __sclose
 .text          0x0000000008003cc4      0x1bc /usr/lib/gcc/arm-none-eabi/6.3.1/../../../arm-none-eabi/lib/thumb/v7-m/libc_nano.a(lib_a-strcmp.o)
                0x0000000008003cc4                strcmp
 .text          0x0000000008003e80       0x5c /usr/lib/gcc/arm-none-eabi/6.3.1/../../../arm-none-eabi/lib/thumb/v7-m/libc_nano.a(lib_a-strlen-stub.o)
                0x0000000008003e80                strlen
 .text          0x0000000008003edc       0x94 /usr/lib/gcc/arm-none-eabi/6.3.1/../../../arm-none-eabi/lib/thumb/v7-m/libc_nano.a(lib_a-strncmp.o)
                0x0000000008003edc                strncmp
 .text          0x0000000008003f70      0xf64 /usr/lib/gcc/arm-none-eabi/6.3.1/../../../arm-none-eabi/lib/thumb/v7-m/libc_nano.a(lib_a-svfwprintf.o)
                0x0000000008004094                _svfwprintf_r
 .text          0x0000000008004ed4       0xc0 /usr/lib/gcc/arm-none-eabi/6.3.1/../../../arm-none-eabi/lib/thumb/v7-m/libc_nano.a(lib_a-wbuf.o)
                0x0000000008004ed4                __swbuf_r
                0x0000000008004f84                __swbuf
 .text          0x0000000008004f94       0x3c /usr/lib/gcc/arm-none-eabi/6.3.1/../../../arm-none-eabi/lib/thumb/v7-m/libc_nano.a(lib_a-wctomb_r.o)
                0x0000000008004f94                _wctomb_r
                0x0000000008004fb8                __ascii_wctomb
 .text          0x0000000008004fd0       0x30 /usr/lib/gcc/arm-none-eabi/6.3.1/../../../arm-none-eabi/lib/thumb/v7-m/libc_nano.a(lib_a-wmemchr.o)
                0x0000000008004fd0                wmemchr
 .text          0x0000000008005000       0x2c /usr/lib/gcc/arm-none-eabi/6.3.1/../../../arm-none-eabi/lib/thumb/v7-m/libc_nano.a(lib_a-writer.o)
                0x0000000008005000                _write_r
 .text          0x000000000800502c      0x100 /usr/lib/gcc/arm-none-eabi/6.3.1/../../../arm-none-eabi/lib/thumb/v7-m/libc_nano.a(lib_a-wsetup.o)
                0x000000000800502c                __swsetup_r
 .text          0x000000000800512c       0x94 /usr/lib/gcc/arm-none-eabi/6.3.1/../../../arm-none-eabi/lib/thumb/v7-m/libc_nano.a(lib_a-btowc.o)
                0x000000000800512c                btowc
 .text          0x00000000080051c0       0x24 /usr/lib/gcc/arm-none-eabi/6.3.1/../../../arm-none-eabi/lib/thumb/v7-m/libc_nano.a(lib_a-closer.o)
                0x00000000080051c0                _close_r
 *fill*         0x00000000080051e4        0x4 
 .text          0x00000000080051e8      0xf7c /usr/lib/gcc/arm-none-eabi/6.3.1/../../../arm-none-eabi/lib/thumb/v7-m/libc_nano.a(lib_a-dtoa.o)
                0x000000000800530c                _dtoa_r
 .text          0x0000000008006164      0x1bc /usr/lib/gcc/arm-none-eabi/6.3.1/../../../arm-none-eabi/lib/thumb/v7-m/libc_nano.a(lib_a-fflush.o)
                0x0000000008006164                __sflush_r
                0x000000000800629c                _fflush_r
                0x00000000080062fc                fflush
 .text          0x0000000008006320      0x2f4 /usr/lib/gcc/arm-none-eabi/6.3.1/../../../arm-none-eabi/lib/thumb/v7-m/libc_nano.a(lib_a-fvwrite.o)
                0x0000000008006320                __sfvwrite_r
 .text          0x0000000008006614       0x2c /usr/lib/gcc/arm-none-eabi/6.3.1/../../../arm-none-eabi/lib/thumb/v7-m/libc_nano.a(lib_a-lseekr.o)
                0x0000000008006614                _lseek_r
 .text          0x0000000008006640       0xf0 /usr/lib/gcc/arm-none-eabi/6.3.1/../../../arm-none-eabi/lib/thumb/v7-m/libc_nano.a(lib_a-makebuf.o)
                0x0000000008006640                __swhatbuf_r
                0x000000000800669c                __smakebuf_r
 .text          0x0000000008006730       0x8c /usr/lib/gcc/arm-none-eabi/6.3.1/../../../arm-none-eabi/lib/thumb/v7-m/libc_nano.a(lib_a-memchr-stub.o)
                0x0000000008006730                memchr
 .text          0x00000000080067bc       0xc4 /usr/lib/gcc/arm-none-eabi/6.3.1/../../../arm-none-eabi/lib/thumb/v7-m/libc_nano.a(lib_a-memmove.o)
                0x00000000080067bc                memmove
 .text          0x0000000008006880       0x4c /usr/lib/gcc/arm-none-eabi/6.3.1/../../../arm-none-eabi/lib/thumb/v7-m/libc_nano.a(lib_a-nano-reallocr.o)
                0x0000000008006880                _realloc_r
 .text          0x00000000080068cc       0x2c /usr/lib/gcc/arm-none-eabi/6.3.1/../../../arm-none-eabi/lib/thumb/v7-m/libc_nano.a(lib_a-readr.o)
                0x00000000080068cc                _read_r
 .text          0x00000000080068f8       0x28 /usr/lib/gcc/arm-none-eabi/6.3.1/../../../arm-none-eabi/lib/thumb/v7-m/libc_nano.a(lib_a-fstatr.o)
                0x00000000080068f8                _fstat_r
 .text          0x0000000008006920       0x24 /usr/lib/gcc/arm-none-eabi/6.3.1/../../../arm-none-eabi/lib/thumb/v7-m/libc_nano.a(lib_a-isattyr.o)
                0x0000000008006920                _isatty_r
 .text          0x0000000008006944       0x10 /usr/lib/gcc/arm-none-eabi/6.3.1/../../../arm-none-eabi/lib/thumb/v7-m/libc_nano.a(lib_a-nano-msizer.o)
                0x0000000008006944                _malloc_usable_size_r
 .text          0x0000000008006954       0x58 /usr/lib/gcc/arm-none-eabi/6.3.1/../../../arm-none-eabi/lib/thumb/v7-m/libm.a(lib_a-sf_lround.o)
                0x0000000008006954                lroundf
 .text          0x00000000080069ac      0x334 /usr/lib/gcc/arm-none-eabi/6.3.1/../../../arm-none-eabi/lib/thumb/v7-m/libm.a(lib_a-w_pow.o)
                0x00000000080069ac                pow
 .text          0x0000000008006ce0       0xbc /usr/lib/gcc/arm-none-eabi/6.3.1/../../../arm-none-eabi/lib/thumb/v7-m/libm.a(lib_a-w_sqrt.o)
                0x0000000008006ce0                sqrt
 .text          0x0000000008006d9c       0xa0 /usr/lib/gcc/arm-none-eabi/6.3.1/../../../arm-none-eabi/lib/thumb/v7-m/libm.a(lib_a-wf_sqrt.o)
                0x0000000008006d9c                sqrtf
 *fill*         0x0000000008006e3c        0x4 
 .text          0x0000000008006e40      0xae4 /usr/lib/gcc/arm-none-eabi/6.3.1/../../../arm-none-eabi/lib/thumb/v7-m/libm.a(lib_a-e_pow.o)
                0x0000000008006e40                __ieee754_pow
 .text          0x0000000008007924      0x184 /usr/lib/gcc/arm-none-eabi/6.3.1/../../../arm-none-eabi/lib/thumb/v7-m/libm.a(lib_a-e_sqrt.o)
                0x0000000008007924                __ieee754_sqrt
 .text          0x0000000008007aa8       0xa8 /usr/lib/gcc/arm-none-eabi/6.3.1/../../../arm-none-eabi/lib/thumb/v7-m/libm.a(lib_a-ef_sqrt.o)
                0x0000000008007aa8                __ieee754_sqrtf
 .text          0x0000000008007b50        0x8 /usr/lib/gcc/arm-none-eabi/6.3.1/../../../arm-none-eabi/lib/thumb/v7-m/libm.a(lib_a-s_fabs.o)
                0x0000000008007b50                fabs
 .text          0x0000000008007b58        0xc /usr/lib/gcc/arm-none-eabi/6.3.1/../../../arm-none-eabi/lib/thumb/v7-m/libm.a(lib_a-s_finite.o)
                0x0000000008007b58                finite
 .text          0x0000000008007b64        0x4 /usr/lib/gcc/arm-none-eabi/6.3.1/../../../arm-none-eabi/lib/thumb/v7-m/libm.a(lib_a-s_matherr.o)
                0x0000000008007b64                matherr
 .text          0x0000000008007b68        0xc /usr/lib/gcc/arm-none-eabi/6.3.1/../../../arm-none-eabi/lib/thumb/v7-m/libm.a(lib_a-s_nan.o)
                0x0000000008007b68                nan
 .text          0x0000000008007b74      0x118 /usr/lib/gcc/arm-none-eabi/6.3.1/../../../arm-none-eabi/lib/thumb/v7-m/libm.a(lib_a-s_rint.o)
                0x0000000008007b74                rint
 *fill*         0x0000000008007c8c        0x4 
 .text          0x0000000008007c90       0xf4 /usr/lib/gcc/arm-none-eabi/6.3.1/../../../arm-none-eabi/lib/thumb/v7-m/libm.a(lib_a-s_scalbn.o)
                0x0000000008007c90                scalbn
 .text          0x0000000008007d84       0x10 /usr/lib/gcc/arm-none-eabi/6.3.1/../../../arm-none-eabi/lib/thumb/v7-m/libnosys.a(close.o)
                0x0000000008007d84                _close
 .text          0x0000000008007d94       0x10 /usr/lib/gcc/arm-none-eabi/6.3.1/../../../arm-none-eabi/lib/thumb/v7-m/libnosys.a(fstat.o)
                0x0000000008007d94                _fstat
 .text          0x0000000008007da4       0x10 /usr/lib/gcc/arm-none-eabi/6.3.1/../../../arm-none-eabi/lib/thumb/v7-m/libnosys.a(isatty.o)
                0x0000000008007da4                _isatty
 .text          0x0000000008007db4       0x10 /usr/lib/gcc/arm-none-eabi/6.3.1/../../../arm-none-eabi/lib/thumb/v7-m/libnosys.a(lseek.o)
                0x0000000008007db4                _lseek
 .text          0x0000000008007dc4       0x10 /usr/lib/gcc/arm-none-eabi/6.3.1/../../../arm-none-eabi/lib/thumb/v7-m/libnosys.a(read.o)
                0x0000000008007dc4                _read
 .text          0x0000000008007dd4       0x1c /usr/lib/gcc/arm-none-eabi/6.3.1/../../../arm-none-eabi/lib/thumb/v7-m/libnosys.a(sbrk.o)
                0x0000000008007dd4                _sbrk
 .text          0x0000000008007df0      0x370 /usr/lib/gcc/arm-none-eabi/6.3.1/thumb/v7-m/libgcc.a(_arm_addsubdf3.o)
                0x0000000008007df0                __aeabi_drsub
                0x0000000008007df8                __aeabi_dsub
                0x0000000008007df8                __subdf3
                0x0000000008007dfc                __adddf3
                0x0000000008007dfc                __aeabi_dadd
                0x0000000008008074                __aeabi_ui2d
                0x0000000008008074                __floatunsidf
                0x0000000008008094                __floatsidf
                0x0000000008008094                __aeabi_i2d
                0x00000000080080b8                __extendsfdf2
                0x00000000080080b8                __aeabi_f2d
                0x00000000080080f4                __aeabi_ul2d
                0x00000000080080f4                __floatundidf
                0x0000000008008104                __floatdidf
                0x0000000008008104                __aeabi_l2d
 .text          0x0000000008008160      0x424 /usr/lib/gcc/arm-none-eabi/6.3.1/thumb/v7-m/libgcc.a(_arm_muldivdf3.o)
                0x0000000008008160                __aeabi_dmul
                0x0000000008008160                __muldf3
                0x00000000080083b4                __aeabi_ddiv
                0x00000000080083b4                __divdf3
 .text          0x0000000008008584      0x110 /usr/lib/gcc/arm-none-eabi/6.3.1/thumb/v7-m/libgcc.a(_arm_cmpdf2.o)
                0x0000000008008584                __gtdf2
                0x0000000008008584                __gedf2
                0x000000000800858c                __ltdf2
                0x000000000800858c                __ledf2
                0x0000000008008594                __cmpdf2
                0x0000000008008594                __eqdf2
                0x0000000008008594                __nedf2
                0x0000000008008610                __aeabi_cdrcmple
                0x0000000008008620                __aeabi_cdcmple
                0x0000000008008620                __aeabi_cdcmpeq
                0x0000000008008630                __aeabi_dcmpeq
                0x0000000008008644                __aeabi_dcmplt
                0x0000000008008658                __aeabi_dcmple
                0x000000000800866c                __aeabi_dcmpge
                0x0000000008008680                __aeabi_dcmpgt
 .text          0x0000000008008694       0x2c /usr/lib/gcc/arm-none-eabi/6.3.1/thumb/v7-m/libgcc.a(_arm_unorddf2.o)
                0x0000000008008694                __aeabi_dcmpun
                0x0000000008008694                __unorddf2
 .text          0x00000000080086c0       0x50 /usr/lib/gcc/arm-none-eabi/6.3.1/thumb/v7-m/libgcc.a(_arm_fixdfsi.o)
                0x00000000080086c0                __fixdfsi
                0x00000000080086c0                __aeabi_d2iz
 .text          0x0000000008008710       0x40 /usr/lib/gcc/arm-none-eabi/6.3.1/thumb/v7-m/libgcc.a(_arm_fixunsdfsi.o)
                0x0000000008008710                __fixunsdfsi
                0x0000000008008710                __aeabi_d2uiz
 .text          0x0000000008008750       0xa0 /usr/lib/gcc/arm-none-eabi/6.3.1/thumb/v7-m/libgcc.a(_arm_truncdfsf2.o)
                0x0000000008008750                __aeabi_d2f
                0x0000000008008750                __truncdfsf2
 .text          0x00000000080087f0      0x21c /usr/lib/gcc/arm-none-eabi/6.3.1/thumb/v7-m/libgcc.a(_arm_addsubsf3.o)
                0x00000000080087f0                __aeabi_frsub
                0x00000000080087f8                __subsf3
                0x00000000080087f8                __aeabi_fsub
                0x00000000080087fc                __aeabi_fadd
                0x00000000080087fc                __addsf3
                0x000000000800895c                __aeabi_ui2f
                0x000000000800895c                __floatunsisf
                0x0000000008008964                __aeabi_i2f
                0x0000000008008964                __floatsisf
                0x0000000008008980                __floatundisf
                0x0000000008008980                __aeabi_ul2f
                0x0000000008008990                __floatdisf
                0x0000000008008990                __aeabi_l2f
 .text          0x0000000008008a0c      0x2a0 /usr/lib/gcc/arm-none-eabi/6.3.1/thumb/v7-m/libgcc.a(_arm_muldivsf3.o)
                0x0000000008008a0c                __mulsf3
                0x0000000008008a0c                __aeabi_fmul
                0x0000000008008b74                __divsf3
                0x0000000008008b74                __aeabi_fdiv
 .text          0x0000000008008cac       0xec /usr/lib/gcc/arm-none-eabi/6.3.1/thumb/v7-m/libgcc.a(_arm_cmpsf2.o)
                0x0000000008008cac                __gtsf2
                0x0000000008008cac                __gesf2
                0x0000000008008cb4                __lesf2
                0x0000000008008cb4                __ltsf2
                0x0000000008008cbc                __nesf2
                0x0000000008008cbc                __eqsf2
                0x0000000008008cbc                __cmpsf2
                0x0000000008008d1c                __aeabi_cfrcmple
                0x0000000008008d24                __aeabi_cfcmple
                0x0000000008008d24                __aeabi_cfcmpeq
                0x0000000008008d34                __aeabi_fcmpeq
                0x0000000008008d48                __aeabi_fcmplt
                0x0000000008008d5c                __aeabi_fcmple
                0x0000000008008d70                __aeabi_fcmpge
                0x0000000008008d84                __aeabi_fcmpgt
 .text          0x0000000008008d98       0x2c /usr/lib/gcc/arm-none-eabi/6.3.1/thumb/v7-m/libgcc.a(_arm_unordsf2.o)
                0x0000000008008d98                __aeabi_fcmpun
                0x0000000008008d98                __unordsf2
 .text          0x0000000008008dc4       0x4c /usr/lib/gcc/arm-none-eabi/6.3.1/thumb/v7-m/libgcc.a(_arm_fixsfsi.o)
                0x0000000008008dc4                __fixsfsi
                0x0000000008008dc4                __aeabi_f2iz
 .text          0x0000000008008e10       0x30 /usr/lib/gcc/arm-none-eabi/6.3.1/thumb/v7-m/libgcc.a(_aeabi_uldivmod.o)
                0x0000000008008e10                __aeabi_uldivmod
 .text          0x0000000008008e40       0x30 /usr/lib/gcc/arm-none-eabi/6.3.1/thumb/v7-m/libgcc.a(_fixdfdi.o)
                0x0000000008008e40                __aeabi_d2lz
                0x0000000008008e40                __fixdfdi
 .text          0x0000000008008e70       0x48 /usr/lib/gcc/arm-none-eabi/6.3.1/thumb/v7-m/libgcc.a(_fixunsdfdi.o)
                0x0000000008008e70                __aeabi_d2ulz
                0x0000000008008e70                __fixunsdfdi
 .text          0x0000000008008eb8      0x2dc /usr/lib/gcc/arm-none-eabi/6.3.1/thumb/v7-m/libgcc.a(_udivmoddi4.o)
                0x0000000008008eb8                __udivmoddi4
 .text          0x0000000008009194        0x4 /usr/lib/gcc/arm-none-eabi/6.3.1/thumb/v7-m/libgcc.a(_dvmd_tls.o)
                0x0000000008009194                __aeabi_ldiv0
                0x0000000008009194                __aeabi_idiv0
 .text          0x0000000008009198        0xc /usr/lib/gcc/arm-none-eabi/6.3.1/../../../arm-none-eabi/lib/thumb/v7-m/libc_nano.a(lib_a-errno.o)
                0x0000000008009198                __errno
 *(.text*)
 .text._write   0x00000000080091a4       0x18 build/main.o
                0x00000000080091a4                _write
 .text.SystemClock_Config
                0x00000000080091bc       0x74 build/main.o
                0x00000000080091bc                SystemClock_Config
 .text.main     0x0000000008009230      0x180 build/main.o
                0x0000000008009230                main
 .text.Error_Handler
                0x00000000080093b0        0x2 build/main.o
                0x00000000080093b0                Error_Handler
 *fill*         0x00000000080093b2        0x2 
 .text.MX_GPIO_Init
                0x00000000080093b4      0x174 build/gpio.o
                0x00000000080093b4                MX_GPIO_Init
 .text.MX_FATFS_Init
                0x0000000008009528       0x1c build/fatfs.o
                0x0000000008009528                MX_FATFS_Init
 .text.get_fattime
                0x0000000008009544        0x4 build/fatfs.o
                0x0000000008009544                get_fattime
 .text.MX_TIM2_Init
                0x0000000008009548       0x6c build/tim.o
                0x0000000008009548                MX_TIM2_Init
 .text.MX_TIM3_Init
                0x00000000080095b4       0x70 build/tim.o
                0x00000000080095b4                MX_TIM3_Init
 .text.MX_TIM4_Init
                0x0000000008009624       0x70 build/tim.o
                0x0000000008009624                MX_TIM4_Init
 .text.MX_TIM5_Init
                0x0000000008009694       0x74 build/tim.o
                0x0000000008009694                MX_TIM5_Init
 .text.HAL_TIM_Base_MspInit
                0x0000000008009708       0xd0 build/tim.o
                0x0000000008009708                HAL_TIM_Base_MspInit
 .text.MX_USART2_UART_Init
                0x00000000080097d8       0x34 build/usart.o
                0x00000000080097d8                MX_USART2_UART_Init
 .text.HAL_UART_MspInit
                0x000000000800980c       0x88 build/usart.o
                0x000000000800980c                HAL_UART_MspInit
 .text.USBH_UserProcess
                0x0000000008009894       0x44 build/usb_host.o
 .text.MX_USB_HOST_Init
                0x00000000080098d8       0x40 build/usb_host.o
                0x00000000080098d8                MX_USB_HOST_Init
 .text.MX_USB_HOST_Process
                0x0000000008009918       0x10 build/usb_host.o
                0x0000000008009918                MX_USB_HOST_Process
 .text.HAL_HCD_MspInit
                0x0000000008009928       0x6c build/usbh_conf.o
                0x0000000008009928                HAL_HCD_MspInit
 .text.HAL_HCD_SOF_Callback
                0x0000000008009994        0xc build/usbh_conf.o
                0x0000000008009994                HAL_HCD_SOF_Callback
 .text.HAL_HCD_Connect_Callback
                0x00000000080099a0        0xc build/usbh_conf.o
                0x00000000080099a0                HAL_HCD_Connect_Callback
 .text.HAL_HCD_Disconnect_Callback
                0x00000000080099ac        0xc build/usbh_conf.o
                0x00000000080099ac                HAL_HCD_Disconnect_Callback
 .text.HAL_HCD_HC_NotifyURBChange_Callback
                0x00000000080099b8        0x2 build/usbh_conf.o
                0x00000000080099b8                HAL_HCD_HC_NotifyURBChange_Callback
 *fill*         0x00000000080099ba        0x2 
 .text.USBH_LL_Init
                0x00000000080099bc       0x50 build/usbh_conf.o
                0x00000000080099bc                USBH_LL_Init
 .text.USBH_LL_GetSpeed
                0x0000000008009a0c       0x1c build/usbh_conf.o
                0x0000000008009a0c                USBH_LL_GetSpeed
 .text.USBH_LL_GetLastXferSize
                0x0000000008009a28        0xc build/usbh_conf.o
                0x0000000008009a28                USBH_LL_GetLastXferSize
 .text.USBH_LL_GetURBState
                0x0000000008009a34        0xc build/usbh_conf.o
                0x0000000008009a34                USBH_LL_GetURBState
 .text.USBH_LL_DriverVBUS
                0x0000000008009a40       0x1c build/usbh_conf.o
                0x0000000008009a40                USBH_LL_DriverVBUS
 .text.USBH_LL_SetToggle
                0x0000000008009a5c       0x30 build/usbh_conf.o
                0x0000000008009a5c                USBH_LL_SetToggle
 .text.USBH_LL_GetToggle
                0x0000000008009a8c       0x2a build/usbh_conf.o
                0x0000000008009a8c                USBH_LL_GetToggle
 .text.USBH_Delay
                0x0000000008009ab6        0x8 build/usbh_conf.o
                0x0000000008009ab6                USBH_Delay
 .text.USBH_Get_USB_Status
                0x0000000008009abe       0x12 build/usbh_conf.o
                0x0000000008009abe                USBH_Get_USB_Status
 .text.USBH_LL_Start
                0x0000000008009ad0       0x10 build/usbh_conf.o
                0x0000000008009ad0                USBH_LL_Start
 .text.USBH_LL_Stop
                0x0000000008009ae0       0x10 build/usbh_conf.o
                0x0000000008009ae0                USBH_LL_Stop
 .text.USBH_LL_ResetPort
                0x0000000008009af0       0x10 build/usbh_conf.o
                0x0000000008009af0                USBH_LL_ResetPort
 .text.USBH_LL_OpenPipe
                0x0000000008009b00       0x26 build/usbh_conf.o
                0x0000000008009b00                USBH_LL_OpenPipe
 .text.USBH_LL_ClosePipe
                0x0000000008009b26       0x10 build/usbh_conf.o
                0x0000000008009b26                USBH_LL_ClosePipe
 .text.USBH_LL_SubmitURB
                0x0000000008009b36       0x2a build/usbh_conf.o
                0x0000000008009b36                USBH_LL_SubmitURB
 .text.MX_DriverVbusFS
                0x0000000008009b60       0x1c build/usbh_platform.o
                0x0000000008009b60                MX_DriverVbusFS
 .text.NMI_Handler
                0x0000000008009b7c        0x2 build/stm32f1xx_it.o
                0x0000000008009b7c                NMI_Handler
 .text.HardFault_Handler
                0x0000000008009b7e        0x2 build/stm32f1xx_it.o
                0x0000000008009b7e                HardFault_Handler
 .text.MemManage_Handler
                0x0000000008009b80        0x2 build/stm32f1xx_it.o
                0x0000000008009b80                MemManage_Handler
 .text.BusFault_Handler
                0x0000000008009b82        0x2 build/stm32f1xx_it.o
                0x0000000008009b82                BusFault_Handler
 .text.UsageFault_Handler
                0x0000000008009b84        0x2 build/stm32f1xx_it.o
                0x0000000008009b84                UsageFault_Handler
 .text.SVC_Handler
                0x0000000008009b86        0x2 build/stm32f1xx_it.o
                0x0000000008009b86                SVC_Handler
 .text.DebugMon_Handler
                0x0000000008009b88        0x2 build/stm32f1xx_it.o
                0x0000000008009b88                DebugMon_Handler
 .text.PendSV_Handler
                0x0000000008009b8a        0x2 build/stm32f1xx_it.o
                0x0000000008009b8a                PendSV_Handler
 .text.SysTick_Handler
                0x0000000008009b8c        0x8 build/stm32f1xx_it.o
                0x0000000008009b8c                SysTick_Handler
 .text.TIM2_IRQHandler
                0x0000000008009b94       0x10 build/stm32f1xx_it.o
                0x0000000008009b94                TIM2_IRQHandler
 .text.TIM3_IRQHandler
                0x0000000008009ba4       0x44 build/stm32f1xx_it.o
                0x0000000008009ba4                TIM3_IRQHandler
 .text.TIM4_IRQHandler
                0x0000000008009be8       0x14 build/stm32f1xx_it.o
                0x0000000008009be8                TIM4_IRQHandler
 .text.TIM5_IRQHandler
                0x0000000008009bfc       0x3c build/stm32f1xx_it.o
                0x0000000008009bfc                TIM5_IRQHandler
 .text.OTG_FS_IRQHandler
                0x0000000008009c38       0x10 build/stm32f1xx_it.o
                0x0000000008009c38                OTG_FS_IRQHandler
 .text.HAL_MspInit
                0x0000000008009c48       0x44 build/stm32f1xx_hal_msp.o
                0x0000000008009c48                HAL_MspInit
 .text.HCD_RXQLVL_IRQHandler
                0x0000000008009c8c       0x88 build/stm32f1xx_hal_hcd.o
 .text.HAL_HCD_HC_Init
                0x0000000008009d14       0x82 build/stm32f1xx_hal_hcd.o
                0x0000000008009d14                HAL_HCD_HC_Init
 .text.HAL_HCD_HC_Halt
                0x0000000008009d96       0x24 build/stm32f1xx_hal_hcd.o
                0x0000000008009d96                HAL_HCD_HC_Halt
 .text.HAL_HCD_Init
                0x0000000008009dba       0x74 build/stm32f1xx_hal_hcd.o
                0x0000000008009dba                HAL_HCD_Init
 .text.HAL_HCD_HC_SubmitRequest
                0x0000000008009e2e      0x1d6 build/stm32f1xx_hal_hcd.o
                0x0000000008009e2e                HAL_HCD_HC_SubmitRequest
 .text.HCD_Port_IRQHandler
                0x000000000800a004       0xb6 build/stm32f1xx_hal_hcd.o
 .text.HCD_HC_IN_IRQHandler
                0x000000000800a0ba      0x260 build/stm32f1xx_hal_hcd.o
 .text.HCD_HC_OUT_IRQHandler
                0x000000000800a31a      0x2aa build/stm32f1xx_hal_hcd.o
 .text.HAL_HCD_IRQHandler
                0x000000000800a5c4      0x142 build/stm32f1xx_hal_hcd.o
                0x000000000800a5c4                HAL_HCD_IRQHandler
 .text.HAL_HCD_Start
                0x000000000800a706       0x2c build/stm32f1xx_hal_hcd.o
                0x000000000800a706                HAL_HCD_Start
 .text.HAL_HCD_Stop
                0x000000000800a732       0x24 build/stm32f1xx_hal_hcd.o
                0x000000000800a732                HAL_HCD_Stop
 .text.HAL_HCD_ResetPort
                0x000000000800a756        0xa build/stm32f1xx_hal_hcd.o
                0x000000000800a756                HAL_HCD_ResetPort
 .text.HAL_HCD_HC_GetURBState
                0x000000000800a760        0xe build/stm32f1xx_hal_hcd.o
                0x000000000800a760                HAL_HCD_HC_GetURBState
 .text.HAL_HCD_HC_GetXferCount
                0x000000000800a76e        0xc build/stm32f1xx_hal_hcd.o
                0x000000000800a76e                HAL_HCD_HC_GetXferCount
 .text.HAL_HCD_GetCurrentFrame
                0x000000000800a77a        0xa build/stm32f1xx_hal_hcd.o
                0x000000000800a77a                HAL_HCD_GetCurrentFrame
 .text.HAL_HCD_GetCurrentSpeed
                0x000000000800a784        0xa build/stm32f1xx_hal_hcd.o
                0x000000000800a784                HAL_HCD_GetCurrentSpeed
 .text.USB_CoreInit
                0x000000000800a78e       0x28 build/stm32f1xx_ll_usb.o
                0x000000000800a78e                USB_CoreInit
 .text.USB_EnableGlobalInt
                0x000000000800a7b6        0xc build/stm32f1xx_ll_usb.o
                0x000000000800a7b6                USB_EnableGlobalInt
 .text.USB_DisableGlobalInt
                0x000000000800a7c2        0xc build/stm32f1xx_ll_usb.o
                0x000000000800a7c2                USB_DisableGlobalInt
 .text.USB_SetCurrentMode
                0x000000000800a7ce       0x2c build/stm32f1xx_ll_usb.o
                0x000000000800a7ce                USB_SetCurrentMode
 *fill*         0x000000000800a7fa        0x2 
 .text.USB_FlushTxFifo
                0x000000000800a7fc       0x28 build/stm32f1xx_ll_usb.o
                0x000000000800a7fc                USB_FlushTxFifo
 .text.USB_FlushRxFifo
                0x000000000800a824       0x24 build/stm32f1xx_ll_usb.o
                0x000000000800a824                USB_FlushRxFifo
 .text.USB_WritePacket
                0x000000000800a848       0x24 build/stm32f1xx_ll_usb.o
                0x000000000800a848                USB_WritePacket
 .text.USB_ReadPacket
                0x000000000800a86c       0x26 build/stm32f1xx_ll_usb.o
                0x000000000800a86c                USB_ReadPacket
 .text.USB_ReadInterrupts
                0x000000000800a892        0x8 build/stm32f1xx_ll_usb.o
                0x000000000800a892                USB_ReadInterrupts
 .text.USB_GetMode
                0x000000000800a89a        0x8 build/stm32f1xx_ll_usb.o
                0x000000000800a89a                USB_GetMode
 *fill*         0x000000000800a8a2        0x2 
 .text.USB_HostInit
                0x000000000800a8a4       0xc8 build/stm32f1xx_ll_usb.o
                0x000000000800a8a4                USB_HostInit
 .text.USB_InitFSLSPClkSel
                0x000000000800a96c       0x3e build/stm32f1xx_ll_usb.o
                0x000000000800a96c                USB_InitFSLSPClkSel
 .text.USB_ResetPort
                0x000000000800a9aa       0x38 build/stm32f1xx_ll_usb.o
                0x000000000800a9aa                USB_ResetPort
 .text.USB_DriveVbus
                0x000000000800a9e2       0x46 build/stm32f1xx_ll_usb.o
                0x000000000800a9e2                USB_DriveVbus
 .text.USB_GetHostSpeed
                0x000000000800aa28       0x16 build/stm32f1xx_ll_usb.o
                0x000000000800aa28                USB_GetHostSpeed
 .text.USB_GetCurrentFrame
                0x000000000800aa3e        0xa build/stm32f1xx_ll_usb.o
                0x000000000800aa3e                USB_GetCurrentFrame
 .text.USB_HC_Init
                0x000000000800aa48       0xd0 build/stm32f1xx_ll_usb.o
                0x000000000800aa48                USB_HC_Init
 .text.USB_HC_StartXfer
                0x000000000800ab18      0x1e8 build/stm32f1xx_ll_usb.o
                0x000000000800ab18                USB_HC_StartXfer
 .text.USB_HC_ReadInterrupt
                0x000000000800ad00       0x1c build/stm32f1xx_ll_usb.o
                0x000000000800ad00                USB_HC_ReadInterrupt
 .text.USB_HC_Halt
                0x000000000800ad1c      0x1fe build/stm32f1xx_ll_usb.o
                0x000000000800ad1c                USB_HC_Halt
 .text.USB_StopHost
                0x000000000800af1a      0x10c build/stm32f1xx_ll_usb.o
                0x000000000800af1a                USB_StopHost
 *fill*         0x000000000800b026        0x2 
 .text.USB_CoreReset
                0x000000000800b028       0x64 build/stm32f1xx_ll_usb.o
 .text.HAL_InitTick
                0x000000000800b08c       0x4c build/stm32f1xx_hal.o
                0x000000000800b08c                HAL_InitTick
 .text.HAL_Init
                0x000000000800b0d8       0x24 build/stm32f1xx_hal.o
                0x000000000800b0d8                HAL_Init
 .text.HAL_IncTick
                0x000000000800b0fc       0x18 build/stm32f1xx_hal.o
                0x000000000800b0fc                HAL_IncTick
 .text.HAL_GetTick
                0x000000000800b114        0xc build/stm32f1xx_hal.o
                0x000000000800b114                HAL_GetTick
 .text.HAL_Delay
                0x000000000800b120       0x28 build/stm32f1xx_hal.o
                0x000000000800b120                HAL_Delay
 .text.RCC_Delay
                0x000000000800b148       0x2c build/stm32f1xx_hal_rcc.o
 .text.HAL_RCC_OscConfig
                0x000000000800b174      0x4c0 build/stm32f1xx_hal_rcc.o
                0x000000000800b174                HAL_RCC_OscConfig
 .text.HAL_RCC_GetSysClockFreq
                0x000000000800b634       0xe4 build/stm32f1xx_hal_rcc.o
                0x000000000800b634                HAL_RCC_GetSysClockFreq
 .text.HAL_RCC_ClockConfig
                0x000000000800b718      0x19c build/stm32f1xx_hal_rcc.o
                0x000000000800b718                HAL_RCC_ClockConfig
 .text.HAL_RCC_GetHCLKFreq
                0x000000000800b8b4        0xc build/stm32f1xx_hal_rcc.o
                0x000000000800b8b4                HAL_RCC_GetHCLKFreq
 .text.HAL_RCC_GetPCLK1Freq
                0x000000000800b8c0       0x20 build/stm32f1xx_hal_rcc.o
                0x000000000800b8c0                HAL_RCC_GetPCLK1Freq
 .text.HAL_RCC_GetPCLK2Freq
                0x000000000800b8e0       0x20 build/stm32f1xx_hal_rcc.o
                0x000000000800b8e0                HAL_RCC_GetPCLK2Freq
 .text.HAL_RCCEx_PeriphCLKConfig
                0x000000000800b900      0x1cc build/stm32f1xx_hal_rcc_ex.o
                0x000000000800b900                HAL_RCCEx_PeriphCLKConfig
 .text.HAL_GPIO_Init
                0x000000000800bacc      0x1d4 build/stm32f1xx_hal_gpio.o
                0x000000000800bacc                HAL_GPIO_Init
 .text.HAL_GPIO_ReadPin
                0x000000000800bca0        0xe build/stm32f1xx_hal_gpio.o
                0x000000000800bca0                HAL_GPIO_ReadPin
 .text.HAL_GPIO_WritePin
                0x000000000800bcae        0xc build/stm32f1xx_hal_gpio.o
                0x000000000800bcae                HAL_GPIO_WritePin
 *fill*         0x000000000800bcba        0x2 
 .text.HAL_NVIC_SetPriorityGrouping
                0x000000000800bcbc       0x24 build/stm32f1xx_hal_cortex.o
                0x000000000800bcbc                HAL_NVIC_SetPriorityGrouping
 .text.HAL_NVIC_SetPriority
                0x000000000800bce0       0x68 build/stm32f1xx_hal_cortex.o
                0x000000000800bce0                HAL_NVIC_SetPriority
 .text.HAL_NVIC_EnableIRQ
                0x000000000800bd48       0x18 build/stm32f1xx_hal_cortex.o
                0x000000000800bd48                HAL_NVIC_EnableIRQ
 .text.HAL_SYSTICK_Config
                0x000000000800bd60       0x2c build/stm32f1xx_hal_cortex.o
                0x000000000800bd60                HAL_SYSTICK_Config
 .text.TIM_TI1_ConfigInputStage
                0x000000000800bd8c       0x24 build/stm32f1xx_hal_tim.o
 .text.TIM_TI2_ConfigInputStage
                0x000000000800bdb0       0x26 build/stm32f1xx_hal_tim.o
 .text.TIM_ITRx_SetConfig
                0x000000000800bdd6       0x10 build/stm32f1xx_hal_tim.o
 .text.TIM_ETR_SetConfig
                0x000000000800bde6       0x16 build/stm32f1xx_hal_tim.o
 .text.HAL_TIM_Base_Start_IT
                0x000000000800bdfc       0x18 build/stm32f1xx_hal_tim.o
                0x000000000800bdfc                HAL_TIM_Base_Start_IT
 .text.HAL_TIM_ConfigClockSource
                0x000000000800be14      0x108 build/stm32f1xx_hal_tim.o
                0x000000000800be14                HAL_TIM_ConfigClockSource
 .text.HAL_TIM_PeriodElapsedCallback
                0x000000000800bf1c        0x2 build/stm32f1xx_hal_tim.o
                0x000000000800bf1c                HAL_TIM_PeriodElapsedCallback
 .text.HAL_TIM_OC_DelayElapsedCallback
                0x000000000800bf1e        0x2 build/stm32f1xx_hal_tim.o
                0x000000000800bf1e                HAL_TIM_OC_DelayElapsedCallback
 .text.HAL_TIM_IC_CaptureCallback
                0x000000000800bf20        0x2 build/stm32f1xx_hal_tim.o
                0x000000000800bf20                HAL_TIM_IC_CaptureCallback
 .text.HAL_TIM_PWM_PulseFinishedCallback
                0x000000000800bf22        0x2 build/stm32f1xx_hal_tim.o
                0x000000000800bf22                HAL_TIM_PWM_PulseFinishedCallback
 .text.HAL_TIM_TriggerCallback
                0x000000000800bf24        0x2 build/stm32f1xx_hal_tim.o
                0x000000000800bf24                HAL_TIM_TriggerCallback
 .text.HAL_TIM_IRQHandler
                0x000000000800bf26      0x17a build/stm32f1xx_hal_tim.o
                0x000000000800bf26                HAL_TIM_IRQHandler
 .text.TIM_Base_SetConfig
                0x000000000800c0a0       0x84 build/stm32f1xx_hal_tim.o
                0x000000000800c0a0                TIM_Base_SetConfig
 .text.HAL_TIM_Base_Init
                0x000000000800c124       0x32 build/stm32f1xx_hal_tim.o
                0x000000000800c124                HAL_TIM_Base_Init
 .text.HAL_TIMEx_MasterConfigSynchronization
                0x000000000800c156       0x52 build/stm32f1xx_hal_tim_ex.o
                0x000000000800c156                HAL_TIMEx_MasterConfigSynchronization
 .text.HAL_TIMEx_CommutationCallback
                0x000000000800c1a8        0x2 build/stm32f1xx_hal_tim_ex.o
                0x000000000800c1a8                HAL_TIMEx_CommutationCallback
 .text.HAL_TIMEx_BreakCallback
                0x000000000800c1aa        0x2 build/stm32f1xx_hal_tim_ex.o
                0x000000000800c1aa                HAL_TIMEx_BreakCallback
 .text.UART_SetConfig
                0x000000000800c1ac      0x1ac build/stm32f1xx_hal_uart.o
 .text.UART_WaitOnFlagUntilTimeout
                0x000000000800c358       0x62 build/stm32f1xx_hal_uart.o
 .text.HAL_UART_Init
                0x000000000800c3ba       0x5e build/stm32f1xx_hal_uart.o
                0x000000000800c3ba                HAL_UART_Init
 .text.HAL_UART_Transmit
                0x000000000800c418       0xe0 build/stm32f1xx_hal_uart.o
                0x000000000800c418                HAL_UART_Transmit
 .text.SystemInit
                0x000000000800c4f8       0x58 build/system_stm32f1xx.o
                0x000000000800c4f8                SystemInit
 .text.disk_status
                0x000000000800c550       0x18 build/diskio.o
                0x000000000800c550                disk_status
 .text.disk_initialize
                0x000000000800c568       0x28 build/diskio.o
                0x000000000800c568                disk_initialize
 .text.disk_read
                0x000000000800c590       0x18 build/diskio.o
                0x000000000800c590                disk_read
 .text.disk_write
                0x000000000800c5a8       0x18 build/diskio.o
                0x000000000800c5a8                disk_write
 .text.disk_ioctl
                0x000000000800c5c0       0x18 build/diskio.o
                0x000000000800c5c0                disk_ioctl
 .text.mem_cpy  0x000000000800c5d8       0x14 build/ff.o
 .text.mem_set  0x000000000800c5ec       0x10 build/ff.o
 .text.mem_cmp  0x000000000800c5fc       0x22 build/ff.o
 .text.chk_chr  0x000000000800c61e       0x10 build/ff.o
 *fill*         0x000000000800c62e        0x2 
 .text.chk_lock
                0x000000000800c630       0x90 build/ff.o
 .text.enq_lock
                0x000000000800c6c0       0x24 build/ff.o
 .text.inc_lock
                0x000000000800c6e4       0xe0 build/ff.o
 .text.dec_lock
                0x000000000800c7c4       0x44 build/ff.o
 .text.clear_lock
                0x000000000800c808       0x34 build/ff.o
 .text.clmt_clust
                0x000000000800c83c       0x36 build/ff.o
 .text.ld_clust
                0x000000000800c872       0x24 build/ff.o
 .text.st_clust
                0x000000000800c896       0x12 build/ff.o
 .text.pick_lfn
                0x000000000800c8a8       0x74 build/ff.o
 .text.fit_lfn  0x000000000800c91c       0x64 build/ff.o
 .text.gen_numname
                0x000000000800c980       0xa0 build/ff.o
 .text.sum_sfn  0x000000000800ca20       0x1c build/ff.o
 .text.get_ldnumber
                0x000000000800ca3c       0x52 build/ff.o
 .text.sync_window
                0x000000000800ca8e       0x76 build/ff.o
 .text.move_window
                0x000000000800cb04       0x3e build/ff.o
 *fill*         0x000000000800cb42        0x2 
 .text.check_fs
                0x000000000800cb44       0x94 build/ff.o
 .text.validate
                0x000000000800cbd8       0x4e build/ff.o
 *fill*         0x000000000800cc26        0x2 
 .text.find_volume
                0x000000000800cc28      0x418 build/ff.o
 .text.sync_fs  0x000000000800d040       0xd6 build/ff.o
 *fill*         0x000000000800d116        0x2 
 .text.create_name
                0x000000000800d118      0x234 build/ff.o
 .text.get_fileinfo
                0x000000000800d34c       0xf2 build/ff.o
 *fill*         0x000000000800d43e        0x2 
 .text.cmp_lfn  0x000000000800d440       0x8c build/ff.o
 .text.clust2sect
                0x000000000800d4cc       0x24 build/ff.o
                0x000000000800d4cc                clust2sect
 .text.get_fat  0x000000000800d4f0      0x136 build/ff.o
                0x000000000800d4f0                get_fat
 .text.dir_sdi  0x000000000800d626       0xf6 build/ff.o
 .text.put_fat  0x000000000800d71c      0x182 build/ff.o
                0x000000000800d71c                put_fat
 .text.create_chain
                0x000000000800d89e       0xdc build/ff.o
 .text.dir_next
                0x000000000800d97a      0x19e build/ff.o
 .text.dir_find
                0x000000000800db18       0xfa build/ff.o
 .text.follow_path
                0x000000000800dc12       0x94 build/ff.o
 .text.dir_alloc
                0x000000000800dca6       0x5a build/ff.o
 .text.dir_register
                0x000000000800dd00      0x174 build/ff.o
 .text.dir_read
                0x000000000800de74       0xde build/ff.o
 .text.remove_chain
                0x000000000800df52       0x7c build/ff.o
 *fill*         0x000000000800dfce        0x2 
 .text.f_mount  0x000000000800dfd0       0x64 build/ff.o
                0x000000000800dfd0                f_mount
 .text.f_open   0x000000000800e034      0x22c build/ff.o
                0x000000000800e034                f_open
 .text.f_read   0x000000000800e260      0x25e build/ff.o
                0x000000000800e260                f_read
 .text.f_sync   0x000000000800e4be       0xda build/ff.o
                0x000000000800e4be                f_sync
 .text.f_close  0x000000000800e598       0x36 build/ff.o
                0x000000000800e598                f_close
 *fill*         0x000000000800e5ce        0x2 
 .text.f_opendir
                0x000000000800e5d0       0xbc build/ff.o
                0x000000000800e5d0                f_opendir
 .text.f_closedir
                0x000000000800e68c       0x2a build/ff.o
                0x000000000800e68c                f_closedir
 *fill*         0x000000000800e6b6        0x2 
 .text.f_readdir
                0x000000000800e6b8       0x74 build/ff.o
                0x000000000800e6b8                f_readdir
 .text.f_gets   0x000000000800e72c       0x54 build/ff.o
                0x000000000800e72c                f_gets
 .text.FATFS_LinkDriverEx
                0x000000000800e780       0x4c build/ff_gen_drv.o
                0x000000000800e780                FATFS_LinkDriverEx
 .text.FATFS_LinkDriver
                0x000000000800e7cc        0xa build/ff_gen_drv.o
                0x000000000800e7cc                FATFS_LinkDriver
 *fill*         0x000000000800e7d6        0x2 
 .text.ff_convert
                0x000000000800e7d8       0x38 build/ccsbcs.o
                0x000000000800e7d8                ff_convert
 .text.ff_wtoupper
                0x000000000800e810       0x24 build/ccsbcs.o
                0x000000000800e810                ff_wtoupper
 .text.USBH_initialize
                0x000000000800e834        0x4 build/usbh_diskio.o
                0x000000000800e834                USBH_initialize
 .text.USBH_status
                0x000000000800e838       0x18 build/usbh_diskio.o
                0x000000000800e838                USBH_status
 .text.USBH_read
                0x000000000800e850       0x4c build/usbh_diskio.o
                0x000000000800e850                USBH_read
 .text.USBH_ioctl
                0x000000000800e89c       0x68 build/usbh_diskio.o
                0x000000000800e89c                USBH_ioctl
 .text.USBH_write
                0x000000000800e904       0x58 build/usbh_diskio.o
                0x000000000800e904                USBH_write
 .text.DeInitStateMachine
                0x000000000800e95c       0x4c build/usbh_core.o
 .text.USBH_HandleSof
                0x000000000800e9a8       0x1a build/usbh_core.o
 .text.USBH_HandleEnum
                0x000000000800e9c2      0x16e build/usbh_core.o
 .text.USBH_Init
                0x000000000800eb30       0x2e build/usbh_core.o
                0x000000000800eb30                USBH_Init
 .text.USBH_RegisterClass
                0x000000000800eb5e       0x22 build/usbh_core.o
                0x000000000800eb5e                USBH_RegisterClass
 .text.USBH_SelectInterface
                0x000000000800eb80       0x14 build/usbh_core.o
                0x000000000800eb80                USBH_SelectInterface
 .text.USBH_FindInterface
                0x000000000800eb94       0x52 build/usbh_core.o
                0x000000000800eb94                USBH_FindInterface
 .text.USBH_Start
                0x000000000800ebe6       0x14 build/usbh_core.o
                0x000000000800ebe6                USBH_Start
 .text.USBH_Process
                0x000000000800ebfa      0x192 build/usbh_core.o
                0x000000000800ebfa                USBH_Process
 .text.USBH_LL_SetTimer
                0x000000000800ed8c        0x6 build/usbh_core.o
                0x000000000800ed8c                USBH_LL_SetTimer
 .text.USBH_LL_IncTimer
                0x000000000800ed92       0x12 build/usbh_core.o
                0x000000000800ed92                USBH_LL_IncTimer
 .text.USBH_LL_Connect
                0x000000000800eda4       0x28 build/usbh_core.o
                0x000000000800eda4                USBH_LL_Connect
 .text.USBH_LL_Disconnect
                0x000000000800edcc       0x38 build/usbh_core.o
                0x000000000800edcc                USBH_LL_Disconnect
 .text.USBH_ParseDevDesc
                0x000000000800ee04       0x5a build/usbh_ctlreq.o
 .text.USBH_ParseInterfaceDesc
                0x000000000800ee5e       0x26 build/usbh_ctlreq.o
 .text.USBH_ParseEPDesc
                0x000000000800ee84       0x20 build/usbh_ctlreq.o
 .text.USBH_ParseStringDesc
                0x000000000800eea4       0x3a build/usbh_ctlreq.o
 .text.USBH_HandleControl
                0x000000000800eede      0x1cc build/usbh_ctlreq.o
 .text.USBH_GetNextDesc
                0x000000000800f0aa        0xe build/usbh_ctlreq.o
                0x000000000800f0aa                USBH_GetNextDesc
 .text.USBH_ParseCfgDesc
                0x000000000800f0b8       0xca build/usbh_ctlreq.o
 .text.USBH_CtlReq
                0x000000000800f182       0x40 build/usbh_ctlreq.o
                0x000000000800f182                USBH_CtlReq
 .text.USBH_GetDescriptor
                0x000000000800f1c2       0x3c build/usbh_ctlreq.o
                0x000000000800f1c2                USBH_GetDescriptor
 .text.USBH_Get_DevDesc
                0x000000000800f1fe       0x32 build/usbh_ctlreq.o
                0x000000000800f1fe                USBH_Get_DevDesc
 .text.USBH_Get_CfgDesc
                0x000000000800f230       0x32 build/usbh_ctlreq.o
                0x000000000800f230                USBH_Get_CfgDesc
 .text.USBH_Get_StringDesc
                0x000000000800f262       0x30 build/usbh_ctlreq.o
                0x000000000800f262                USBH_Get_StringDesc
 .text.USBH_SetAddress
                0x000000000800f292       0x22 build/usbh_ctlreq.o
                0x000000000800f292                USBH_SetAddress
 .text.USBH_SetCfg
                0x000000000800f2b4       0x22 build/usbh_ctlreq.o
                0x000000000800f2b4                USBH_SetCfg
 .text.USBH_ClrFeature
                0x000000000800f2d6       0x24 build/usbh_ctlreq.o
                0x000000000800f2d6                USBH_ClrFeature
 .text.USBH_CtlSendSetup
                0x000000000800f2fa       0x22 build/usbh_ioreq.o
                0x000000000800f2fa                USBH_CtlSendSetup
 .text.USBH_CtlSendData
                0x000000000800f31c       0x2c build/usbh_ioreq.o
                0x000000000800f31c                USBH_CtlSendData
 .text.USBH_CtlReceiveData
                0x000000000800f348       0x20 build/usbh_ioreq.o
                0x000000000800f348                USBH_CtlReceiveData
 .text.USBH_BulkSendData
                0x000000000800f368       0x2c build/usbh_ioreq.o
                0x000000000800f368                USBH_BulkSendData
 .text.USBH_BulkReceiveData
                0x000000000800f394       0x20 build/usbh_ioreq.o
                0x000000000800f394                USBH_BulkReceiveData
 .text.USBH_GetFreePipe
                0x000000000800f3b4       0x26 build/usbh_pipes.o
 .text.USBH_OpenPipe
                0x000000000800f3da       0x20 build/usbh_pipes.o
                0x000000000800f3da                USBH_OpenPipe
 .text.USBH_ClosePipe
                0x000000000800f3fa        0xa build/usbh_pipes.o
                0x000000000800f3fa                USBH_ClosePipe
 .text.USBH_AllocPipe
                0x000000000800f404       0x24 build/usbh_pipes.o
                0x000000000800f404                USBH_AllocPipe
 .text.USBH_FreePipe
                0x000000000800f428       0x16 build/usbh_pipes.o
                0x000000000800f428                USBH_FreePipe
 .text.USBH_MSC_SOFProcess
                0x000000000800f43e        0x4 build/usbh_msc.o
 .text.USBH_MSC_Process
                0x000000000800f442      0x2a0 build/usbh_msc.o
 .text.USBH_MSC_ClassRequest
                0x000000000800f6e2       0x66 build/usbh_msc.o
 .text.USBH_MSC_InterfaceDeInit
                0x000000000800f748       0x50 build/usbh_msc.o
 .text.USBH_MSC_InterfaceInit
                0x000000000800f798      0x130 build/usbh_msc.o
 .text.USBH_MSC_RdWrProcess
                0x000000000800f8c8       0xfc build/usbh_msc.o
 .text.USBH_MSC_UnitIsReady
                0x000000000800f9c4       0x24 build/usbh_msc.o
                0x000000000800f9c4                USBH_MSC_UnitIsReady
 .text.USBH_MSC_GetLUNInfo
                0x000000000800f9e8       0x44 build/usbh_msc.o
                0x000000000800f9e8                USBH_MSC_GetLUNInfo
 .text.USBH_MSC_Read
                0x000000000800fa2c       0x94 build/usbh_msc.o
                0x000000000800fa2c                USBH_MSC_Read
 .text.USBH_MSC_Write
                0x000000000800fac0       0x94 build/usbh_msc.o
                0x000000000800fac0                USBH_MSC_Write
 .text.USBH_MSC_DecodeCSW
                0x000000000800fb54       0x50 build/usbh_msc_bot.o
 .text.USBH_MSC_BOT_Abort
                0x000000000800fba4       0x22 build/usbh_msc_bot.o
 .text.USBH_MSC_BOT_REQ_Reset
                0x000000000800fbc6       0x1a build/usbh_msc_bot.o
                0x000000000800fbc6                USBH_MSC_BOT_REQ_Reset
 .text.USBH_MSC_BOT_REQ_GetMaxLUN
                0x000000000800fbe0       0x1a build/usbh_msc_bot.o
                0x000000000800fbe0                USBH_MSC_BOT_REQ_GetMaxLUN
 *fill*         0x000000000800fbfa        0x2 
 .text.USBH_MSC_BOT_Init
                0x000000000800fbfc       0x24 build/usbh_msc_bot.o
                0x000000000800fbfc                USBH_MSC_BOT_Init
 .text.USBH_MSC_BOT_Process
                0x000000000800fc20      0x262 build/usbh_msc_bot.o
                0x000000000800fc20                USBH_MSC_BOT_Process
 .text.USBH_MSC_SCSI_TestUnitReady
                0x000000000800fe82       0x4e build/usbh_msc_scsi.o
                0x000000000800fe82                USBH_MSC_SCSI_TestUnitReady
 .text.USBH_MSC_SCSI_ReadCapacity
                0x000000000800fed0       0x8e build/usbh_msc_scsi.o
                0x000000000800fed0                USBH_MSC_SCSI_ReadCapacity
 .text.USBH_MSC_SCSI_Inquiry
                0x000000000800ff5e       0xcc build/usbh_msc_scsi.o
                0x000000000800ff5e                USBH_MSC_SCSI_Inquiry
 .text.USBH_MSC_SCSI_RequestSense
                0x000000000801002a       0x94 build/usbh_msc_scsi.o
                0x000000000801002a                USBH_MSC_SCSI_RequestSense
 .text.USBH_MSC_SCSI_Write
                0x00000000080100be       0x84 build/usbh_msc_scsi.o
                0x00000000080100be                USBH_MSC_SCSI_Write
 .text.USBH_MSC_SCSI_Read
                0x0000000008010142       0x86 build/usbh_msc_scsi.o
                0x0000000008010142                USBH_MSC_SCSI_Read
 .text.number   0x00000000080101c8        0x4 build/Buffer_Gcode.o
 .text.sign     0x00000000080101cc       0x14 build/Buffer_Gcode.o
 .text.distanceStartFastMove
                0x00000000080101e0       0x58 build/Buffer_Gcode.o
 .text.speedMaxFastMove
                0x0000000008010238       0x96 build/Buffer_Gcode.o
 *fill*         0x00000000080102ce        0x2 
 .text.createDescreteCommandBuffer_Gcode
                0x00000000080102d0       0x50 build/Buffer_Gcode.o
                0x00000000080102d0                createDescreteCommandBuffer_Gcode
 .text.addElementToDescreteCommandBuffer_Gcode
                0x0000000008010320       0x8c build/Buffer_Gcode.o
                0x0000000008010320                addElementToDescreteCommandBuffer_Gcode
 .text.getDescreteCommandBufferElement_Gcode
                0x00000000080103ac       0x3c build/Buffer_Gcode.o
                0x00000000080103ac                getDescreteCommandBufferElement_Gcode
 .text.conserveSpeedFinish
                0x00000000080103e8      0x108 build/Buffer_Gcode.o
 .text.createCommandBuffer_Gcode
                0x00000000080104f0       0x48 build/Buffer_Gcode.o
                0x00000000080104f0                createCommandBuffer_Gcode
 .text.getCommandBufferElement_Gcode
                0x0000000008010538       0x40 build/Buffer_Gcode.o
                0x0000000008010538                getCommandBufferElement_Gcode
 .text.lastCommand
                0x0000000008010578       0x1c build/Buffer_Gcode.o
 *fill*         0x0000000008010594        0x4 
 .text.conserveSpeedStart
                0x0000000008010598      0x100 build/Buffer_Gcode.o
 .text.firstInCommandBuffer_Gcode
                0x0000000008010698       0x74 build/Buffer_Gcode.o
                0x0000000008010698                firstInCommandBuffer_Gcode
 .text.MoveZ_Analyser
                0x000000000801070c      0x338 build/Buffer_Gcode.o
 .text.MoveXY_Analyser
                0x0000000008010a44      0x840 build/Buffer_Gcode.o
 .text.MoveE_Analyser
                0x0000000008011284       0x94 build/Buffer_Gcode.o
 .text.HomeX_Analyser
                0x0000000008011318      0x2d0 build/Buffer_Gcode.o
 .text.HomeY_Analyser
                0x00000000080115e8      0x2d0 build/Buffer_Gcode.o
 .text.HomeZ_Analyser
                0x00000000080118b8      0x2e8 build/Buffer_Gcode.o
 .text.HomeXY_Analyser
                0x0000000008011ba0      0x3f0 build/Buffer_Gcode.o
 .text.SetExtrTemp_Analyser
                0x0000000008011f90       0x42 build/Buffer_Gcode.o
 .text.SetBedTemp_Analyser
                0x0000000008011fd2       0x42 build/Buffer_Gcode.o
 .text.WaitExtrTemp_Analyser
                0x0000000008012014       0x42 build/Buffer_Gcode.o
 .text.WaitBedTemp_Analyser
                0x0000000008012056       0x42 build/Buffer_Gcode.o
 .text.firstOutCommandBuffer_Gcode
                0x0000000008012098       0x38 build/Buffer_Gcode.o
                0x0000000008012098                firstOutCommandBuffer_Gcode
 .text.eraseFirstCommandBuffer_Gcode
                0x00000000080120d0       0x5c build/Buffer_Gcode.o
                0x00000000080120d0                eraseFirstCommandBuffer_Gcode
 .text.checkFreeSpaceCommandBuffer_Gcode
                0x000000000801212c       0x34 build/Buffer_Gcode.o
                0x000000000801212c                checkFreeSpaceCommandBuffer_Gcode
 .text.enoghSpaceIsReservedCommandBuffer_Gcode
                0x0000000008012160       0x10 build/Buffer_Gcode.o
                0x0000000008012160                enoghSpaceIsReservedCommandBuffer_Gcode
 .text.descreteCommandAnalyser_Gcode
                0x0000000008012170      0x112 build/Buffer_Gcode.o
                0x0000000008012170                descreteCommandAnalyser_Gcode
 *fill*         0x0000000008012282        0x2 
 .text.setCommand
                0x0000000008012284       0x28 build/Descritization_Gcode.o
 .text.descreteSpeedXY
                0x00000000080122ac       0x18 build/Descritization_Gcode.o
 .text.descreteSpeedZ
                0x00000000080122c4       0x18 build/Descritization_Gcode.o
 .text.descreteSpeedE
                0x00000000080122dc       0x18 build/Descritization_Gcode.o
 .text.descreteXY
                0x00000000080122f4       0x14 build/Descritization_Gcode.o
 .text.descreteZ
                0x0000000008012308       0x14 build/Descritization_Gcode.o
 .text.descreteE
                0x000000000801231c       0x14 build/Descritization_Gcode.o
 .text.createDescretization_Gcode
                0x0000000008012330       0x48 build/Descritization_Gcode.o
                0x0000000008012330                createDescretization_Gcode
 .text.getDescreteCommand_Gcode
                0x0000000008012378       0x24 build/Descritization_Gcode.o
                0x0000000008012378                getDescreteCommand_Gcode
 .text.setDescreteCommand_Gcode
                0x000000000801239c       0x7c build/Descritization_Gcode.o
                0x000000000801239c                setDescreteCommand_Gcode
 .text.setCommand
                0x0000000008012418       0x68 build/GcodeConverter_Gcode.o
 .text.createGcodeConverter_Gcode
                0x0000000008012480       0x3c build/GcodeConverter_Gcode.o
                0x0000000008012480                createGcodeConverter_Gcode
 .text.getConvertedCommand_Gcode
                0x00000000080124bc       0x20 build/GcodeConverter_Gcode.o
                0x00000000080124bc                getConvertedCommand_Gcode
 .text.convertCommand_Gcode
                0x00000000080124dc      0x474 build/GcodeConverter_Gcode.o
                0x00000000080124dc                convertCommand_Gcode
 .text.sign     0x0000000008012950       0x14 build/VirtualPrinters_Gcode.o
 .text.makeStepX_Gcode
                0x0000000008012964       0x1c build/VirtualPrinters_Gcode.o
 .text.makeStepY_Gcode
                0x0000000008012980       0x1c build/VirtualPrinters_Gcode.o
 .text.makeStepZ_Gcode
                0x000000000801299c       0x1c build/VirtualPrinters_Gcode.o
 .text.makeStepE_Gcode
                0x00000000080129b8       0x1c build/VirtualPrinters_Gcode.o
 .text.virtualPrintersCreate_Gcode
                0x00000000080129d4       0x44 build/VirtualPrinters_Gcode.o
                0x00000000080129d4                virtualPrintersCreate_Gcode
 .text.sendCommandToPrinter_Gcode
                0x0000000008012a18       0xa0 build/VirtualPrinters_Gcode.o
                0x0000000008012a18                sendCommandToPrinter_Gcode
 .text.moveComleted
                0x0000000008012ab8       0x38 build/VirtualPrinters_Gcode.o
                0x0000000008012ab8                moveComleted
 .text.evaluatePrinter_Gcode
                0x0000000008012af0      0x1a4 build/VirtualPrinters_Gcode.o
                0x0000000008012af0                evaluatePrinter_Gcode
 .text.convertCharacter_LCD
                0x0000000008012c94      0xaa8 build/CharacterConverter_LCD.o
                0x0000000008012c94                convertCharacter_LCD
 .text.first_line_DDRAM_address
                0x000000000801373c       0x24 build/Driver_LCD.o
 .text.third_line_DDRAM_address
                0x0000000008013760       0x24 build/Driver_LCD.o
 .text.second_line_DDRAM_address
                0x0000000008013784       0x24 build/Driver_LCD.o
 .text.fourth_line_DDRAM_address
                0x00000000080137a8       0x24 build/Driver_LCD.o
 .text.char_2_data_LCD
                0x00000000080137cc       0x84 build/Driver_LCD.o
 .text.clear_display_LCD
                0x0000000008013850       0x58 build/Driver_LCD.o
                0x0000000008013850                clear_display_LCD
 .text.return_home_LCD
                0x00000000080138a8       0x58 build/Driver_LCD.o
                0x00000000080138a8                return_home_LCD
 .text.set_dataLenght_numberOfLines_fontType_LCD
                0x0000000008013900       0x58 build/Driver_LCD.o
                0x0000000008013900                set_dataLenght_numberOfLines_fontType_LCD
 .text.set_do_not_display_cursor_LCD
                0x0000000008013958       0x58 build/Driver_LCD.o
                0x0000000008013958                set_do_not_display_cursor_LCD
 .text.set_cursor_moving_to_the_right_LCD
                0x00000000080139b0       0x58 build/Driver_LCD.o
                0x00000000080139b0                set_cursor_moving_to_the_right_LCD
 .text.move_to_line_LCD
                0x0000000008013a08       0x6a build/Driver_LCD.o
                0x0000000008013a08                move_to_line_LCD
 .text.write_character
                0x0000000008013a72       0x40 build/Driver_LCD.o
                0x0000000008013a72                write_character
 *fill*         0x0000000008013ab2        0x2 
 .text.RS_high_LCD
                0x0000000008013ab4       0x14 build/GPIOandTIM_LCD.o
                0x0000000008013ab4                RS_high_LCD
 .text.RS_low_LCD
                0x0000000008013ac8       0x14 build/GPIOandTIM_LCD.o
                0x0000000008013ac8                RS_low_LCD
 .text.RW_low_LCD
                0x0000000008013adc       0x14 build/GPIOandTIM_LCD.o
                0x0000000008013adc                RW_low_LCD
 .text.E_high_LCD
                0x0000000008013af0       0x14 build/GPIOandTIM_LCD.o
                0x0000000008013af0                E_high_LCD
 .text.E_low_LCD
                0x0000000008013b04       0x14 build/GPIOandTIM_LCD.o
                0x0000000008013b04                E_low_LCD
 .text.DB0_high_LCD
                0x0000000008013b18       0x14 build/GPIOandTIM_LCD.o
                0x0000000008013b18                DB0_high_LCD
 .text.DB0_low_LCD
                0x0000000008013b2c       0x14 build/GPIOandTIM_LCD.o
                0x0000000008013b2c                DB0_low_LCD
 .text.DB1_high_LCD
                0x0000000008013b40       0x14 build/GPIOandTIM_LCD.o
                0x0000000008013b40                DB1_high_LCD
 .text.DB1_low_LCD
                0x0000000008013b54       0x14 build/GPIOandTIM_LCD.o
                0x0000000008013b54                DB1_low_LCD
 .text.DB2_high_LCD
                0x0000000008013b68       0x14 build/GPIOandTIM_LCD.o
                0x0000000008013b68                DB2_high_LCD
 .text.DB2_low_LCD
                0x0000000008013b7c       0x14 build/GPIOandTIM_LCD.o
                0x0000000008013b7c                DB2_low_LCD
 .text.DB3_high_LCD
                0x0000000008013b90       0x14 build/GPIOandTIM_LCD.o
                0x0000000008013b90                DB3_high_LCD
 .text.DB3_low_LCD
                0x0000000008013ba4       0x14 build/GPIOandTIM_LCD.o
                0x0000000008013ba4                DB3_low_LCD
 .text.DB4_high_LCD
                0x0000000008013bb8       0x14 build/GPIOandTIM_LCD.o
                0x0000000008013bb8                DB4_high_LCD
 .text.DB4_low_LCD
                0x0000000008013bcc       0x14 build/GPIOandTIM_LCD.o
                0x0000000008013bcc                DB4_low_LCD
 .text.DB5_high_LCD
                0x0000000008013be0       0x14 build/GPIOandTIM_LCD.o
                0x0000000008013be0                DB5_high_LCD
 .text.DB5_low_LCD
                0x0000000008013bf4       0x14 build/GPIOandTIM_LCD.o
                0x0000000008013bf4                DB5_low_LCD
 .text.DB6_high_LCD
                0x0000000008013c08       0x14 build/GPIOandTIM_LCD.o
                0x0000000008013c08                DB6_high_LCD
 .text.DB6_low_LCD
                0x0000000008013c1c       0x14 build/GPIOandTIM_LCD.o
                0x0000000008013c1c                DB6_low_LCD
 .text.DB7_high_LCD
                0x0000000008013c30       0x14 build/GPIOandTIM_LCD.o
                0x0000000008013c30                DB7_high_LCD
 .text.DB7_low_LCD
                0x0000000008013c44       0x14 build/GPIOandTIM_LCD.o
                0x0000000008013c44                DB7_low_LCD
 .text.Ready_LCD
                0x0000000008013c58        0xc build/GPIOandTIM_LCD.o
                0x0000000008013c58                Ready_LCD
 .text.wrongInterfaceLine_LCD
                0x0000000008013c64       0x14 build/Interface_LCD.o
 .text.create_LCD
                0x0000000008013c78       0x18 build/Interface_LCD.o
                0x0000000008013c78                create_LCD
 .text.printLine_LCD
                0x0000000008013c90       0x32 build/Interface_LCD.o
                0x0000000008013c90                printLine_LCD
 .text.lineNumber
                0x0000000008013cc2        0x4 build/TextConverter_LCD.o
 .text.wrongLine
                0x0000000008013cc6       0x14 build/TextConverter_LCD.o
 *fill*         0x0000000008013cda        0x2 
 .text.create_TextConverter_LCD
                0x0000000008013cdc       0x34 build/TextConverter_LCD.o
                0x0000000008013cdc                create_TextConverter_LCD
 .text.putLine_TextConverter_LCD
                0x0000000008013d10       0x6c build/TextConverter_LCD.o
                0x0000000008013d10                putLine_TextConverter_LCD
 .text.updateLine_TextConverter_LCD
                0x0000000008013d7c       0x28 build/TextConverter_LCD.o
                0x0000000008013d7c                updateLine_TextConverter_LCD
 .text.createFirstNode_Menu
                0x0000000008013da4       0x50 build/Constructor_Menu.o
                0x0000000008013da4                createFirstNode_Menu
 .text.createRightNode_Menu
                0x0000000008013df4       0x78 build/Constructor_Menu.o
                0x0000000008013df4                createRightNode_Menu
 .text.createDownNode_Menu
                0x0000000008013e6c       0x7c build/Constructor_Menu.o
                0x0000000008013e6c                createDownNode_Menu
 .text.destroyRightNode_Menu
                0x0000000008013ee8       0x1c build/Constructor_Menu.o
                0x0000000008013ee8                destroyRightNode_Menu
 .text.getCurrentNode_Menu
                0x0000000008013f04        0xc build/Constructor_Menu.o
                0x0000000008013f04                getCurrentNode_Menu
 .text.getTitle_Menu
                0x0000000008013f10        0xc build/Constructor_Menu.o
                0x0000000008013f10                getTitle_Menu
 .text.getName_Menu
                0x0000000008013f1c        0xc build/Constructor_Menu.o
                0x0000000008013f1c                getName_Menu
 .text.ThereIsNodeBelow_Menu
                0x0000000008013f28       0x14 build/Constructor_Menu.o
                0x0000000008013f28                ThereIsNodeBelow_Menu
 .text.ThereIsNodeAbove_Menu
                0x0000000008013f3c       0x14 build/Constructor_Menu.o
                0x0000000008013f3c                ThereIsNodeAbove_Menu
 .text.moveDown_Menu
                0x0000000008013f50       0x14 build/Constructor_Menu.o
                0x0000000008013f50                moveDown_Menu
 .text.moveUp_Menu
                0x0000000008013f64       0x14 build/Constructor_Menu.o
                0x0000000008013f64                moveUp_Menu
 .text.moveRight_Menu
                0x0000000008013f78       0x14 build/Constructor_Menu.o
                0x0000000008013f78                moveRight_Menu
 .text.moveLeft_Menu
                0x0000000008013f8c       0x14 build/Constructor_Menu.o
                0x0000000008013f8c                moveLeft_Menu
 .text.moveToTheFirstNode_Menu
                0x0000000008013fa0       0x2c build/Constructor_Menu.o
                0x0000000008013fa0                moveToTheFirstNode_Menu
 .text.setFunctionOk
                0x0000000008013fcc       0x10 build/Constructor_Menu.o
                0x0000000008013fcc                setFunctionOk
 .text.setFunctionBack
                0x0000000008013fdc       0x10 build/Constructor_Menu.o
                0x0000000008013fdc                setFunctionBack
 .text.setFunctionUp
                0x0000000008013fec       0x10 build/Constructor_Menu.o
                0x0000000008013fec                setFunctionUp
 .text.setFunctionDown
                0x0000000008013ffc       0x10 build/Constructor_Menu.o
                0x0000000008013ffc                setFunctionDown
 .text.setMainMenu_Menu
                0x000000000801400c      0x16c build/MainMenu_Menu.o
                0x000000000801400c                setMainMenu_Menu
 .text.openDirectory_Menu
                0x0000000008014178        0x2 build/FunctionsForButtons.o
                0x0000000008014178                openDirectory_Menu
 *fill*         0x000000000801417a        0x2 
 .text.wchar_t2TCHAR
                0x000000000801417c      0x4a8 build/FunctionsForButtons.o
 .text.getFileNameTCHAR
                0x0000000008014624       0x20 build/FunctionsForButtons.o
 .text.simpleNavigationDown_Menu
                0x0000000008014644       0xe8 build/FunctionsForButtons.o
                0x0000000008014644                simpleNavigationDown_Menu
 .text.simpleNavigationUp_Menu
                0x000000000801472c       0xa4 build/FunctionsForButtons.o
                0x000000000801472c                simpleNavigationUp_Menu
 .text.returnFirstLine
                0x00000000080147d0       0x14 build/FunctionsForButtons.o
 .text.simpleNavigationBack_Menu
                0x00000000080147e4      0x11c build/FunctionsForButtons.o
                0x00000000080147e4                simpleNavigationBack_Menu
 .text.GcodeFormat
                0x0000000008014900       0x1c build/FunctionsForButtons.o
 .text.wait     0x000000000801491c        0xc build/FunctionsForButtons.o
 .text.runGcode_Menu
                0x0000000008014928       0xf0 build/FunctionsForButtons.o
                0x0000000008014928                runGcode_Menu
 .text.simpleNavigationOk_Menu
                0x0000000008014a18       0xb4 build/FunctionsForButtons.o
                0x0000000008014a18                simpleNavigationOk_Menu
 .text.printOk_Menu
                0x0000000008014acc      0x1a0 build/FunctionsForButtons.o
                0x0000000008014acc                printOk_Menu
 .text.changeFilamentOk_Menu
                0x0000000008014c6c        0x8 build/FunctionsForButtons.o
                0x0000000008014c6c                changeFilamentOk_Menu
 .text.setTheTemperatureOk_Menu
                0x0000000008014c74        0x2 build/FunctionsForButtons.o
                0x0000000008014c74                setTheTemperatureOk_Menu
 .text.setTheTemperatureBack_Menu
                0x0000000008014c76        0x8 build/FunctionsForButtons.o
                0x0000000008014c76                setTheTemperatureBack_Menu
 .text.setTheTemperatureUp_Menu
                0x0000000008014c7e        0x2 build/FunctionsForButtons.o
                0x0000000008014c7e                setTheTemperatureUp_Menu
 .text.setTheTemperatureDown_Menu
                0x0000000008014c80        0x2 build/FunctionsForButtons.o
                0x0000000008014c80                setTheTemperatureDown_Menu
 .text.englishOk_Menu
                0x0000000008014c82        0x2 build/FunctionsForButtons.o
                0x0000000008014c82                englishOk_Menu
 .text.russianOk_Menu
                0x0000000008014c84        0x2 build/FunctionsForButtons.o
                0x0000000008014c84                russianOk_Menu
 .text.helpOk_Menu
                0x0000000008014c86        0x2 build/FunctionsForButtons.o
                0x0000000008014c86                helpOk_Menu
 .text.helpBack_Menu
                0x0000000008014c88        0x2 build/FunctionsForButtons.o
                0x0000000008014c88                helpBack_Menu
 .text.emptyFunction_Menu
                0x0000000008014c8a        0x2 build/FunctionsForButtons.o
                0x0000000008014c8a                emptyFunction_Menu
 .text.doStepX_Motors
                0x0000000008014c8c       0x28 build/Driver_Motors.o
                0x0000000008014c8c                doStepX_Motors
 .text.doStepY_Motors
                0x0000000008014cb4       0x28 build/Driver_Motors.o
                0x0000000008014cb4                doStepY_Motors
 .text.doStepZ_Motors
                0x0000000008014cdc       0x28 build/Driver_Motors.o
                0x0000000008014cdc                doStepZ_Motors
 .text.doStepE_Motors
                0x0000000008014d04       0x28 build/Driver_Motors.o
                0x0000000008014d04                doStepE_Motors
 .text.evaluate_Motors
                0x0000000008014d2c       0xe8 build/Driver_Motors.o
                0x0000000008014d2c                evaluate_Motors
 .text.ForwardX_Motors
                0x0000000008014e14       0x18 build/GPIO_Motors.o
                0x0000000008014e14                ForwardX_Motors
 .text.BackwardX_Motors
                0x0000000008014e2c       0x18 build/GPIO_Motors.o
                0x0000000008014e2c                BackwardX_Motors
 .text.StepOnX_Motors
                0x0000000008014e44       0x14 build/GPIO_Motors.o
                0x0000000008014e44                StepOnX_Motors
 .text.StepOffX_Motors
                0x0000000008014e58       0x14 build/GPIO_Motors.o
                0x0000000008014e58                StepOffX_Motors
 .text.ForwardY_Motors
                0x0000000008014e6c       0x18 build/GPIO_Motors.o
                0x0000000008014e6c                ForwardY_Motors
 .text.BackwardY_Motors
                0x0000000008014e84       0x18 build/GPIO_Motors.o
                0x0000000008014e84                BackwardY_Motors
 .text.StepOnY_Motors
                0x0000000008014e9c       0x14 build/GPIO_Motors.o
                0x0000000008014e9c                StepOnY_Motors
 .text.StepOffY_Motors
                0x0000000008014eb0       0x14 build/GPIO_Motors.o
                0x0000000008014eb0                StepOffY_Motors
 .text.ForwardZ_Motors
                0x0000000008014ec4       0x28 build/GPIO_Motors.o
                0x0000000008014ec4                ForwardZ_Motors
 .text.BackwardZ_Motors
                0x0000000008014eec       0x28 build/GPIO_Motors.o
                0x0000000008014eec                BackwardZ_Motors
 .text.StepOnZ_Motors
                0x0000000008014f14       0x24 build/GPIO_Motors.o
                0x0000000008014f14                StepOnZ_Motors
 .text.StepOffZ_Motors
                0x0000000008014f38       0x24 build/GPIO_Motors.o
                0x0000000008014f38                StepOffZ_Motors
 .text.createState_USBdrive
                0x0000000008014f5c        0xc build/State_USBdrive.o
                0x0000000008014f5c                createState_USBdrive
 .text.setState_USBdrive
                0x0000000008014f68        0xc build/State_USBdrive.o
                0x0000000008014f68                setState_USBdrive
 .text.getState_USBdrive
                0x0000000008014f74        0xc build/State_USBdrive.o
                0x0000000008014f74                getState_USBdrive
 .text.TCHAR2wchar_t
                0x0000000008014f80      0x3a0 build/Driver_USBdrive.o
 .text.convertLongNameToWideLongName
                0x0000000008015320       0x40 build/Driver_USBdrive.o
 .text.createDriver_USBdrive
                0x0000000008015360       0x30 build/Driver_USBdrive.o
                0x0000000008015360                createDriver_USBdrive
 .text.mount_USBdrive
                0x0000000008015390       0x40 build/Driver_USBdrive.o
                0x0000000008015390                mount_USBdrive
 .text.unmount_USBdrive
                0x00000000080153d0       0x48 build/Driver_USBdrive.o
                0x00000000080153d0                unmount_USBdrive
 .text.getMountedStatus
                0x0000000008015418        0xc build/Driver_USBdrive.o
                0x0000000008015418                getMountedStatus
 .text.getPath_USBdrive
                0x0000000008015424        0x8 build/Driver_USBdrive.o
                0x0000000008015424                getPath_USBdrive
 .text.openDirectory_USBdrive
                0x000000000801542c       0x3c build/Driver_USBdrive.o
                0x000000000801542c                openDirectory_USBdrive
 .text.readItem_USBdrive
                0x0000000008015468       0x20 build/Driver_USBdrive.o
                0x0000000008015468                readItem_USBdrive
 .text.getName_USBdrive
                0x0000000008015488        0x8 build/Driver_USBdrive.o
                0x0000000008015488                getName_USBdrive
 .text.getWideLongName_USBdrive
                0x0000000008015490       0x18 build/Driver_USBdrive.o
                0x0000000008015490                getWideLongName_USBdrive
 .text.getItemType_USBdrive
                0x00000000080154a8       0x24 build/Driver_USBdrive.o
                0x00000000080154a8                getItemType_USBdrive
 .text.openFile_USBdrive
                0x00000000080154cc       0x28 build/Driver_USBdrive.o
                0x00000000080154cc                openFile_USBdrive
 .text.getStringFromFile_USBdrive
                0x00000000080154f4       0x2c build/Driver_USBdrive.o
                0x00000000080154f4                getStringFromFile_USBdrive
 .text.endOfFile_USBdrive
                0x0000000008015520       0x20 build/Driver_USBdrive.o
                0x0000000008015520                endOfFile_USBdrive
 .text.create_coordinates
                0x0000000008015540       0x24 build/coordinates.o
                0x0000000008015540                create_coordinates
 .text.getX_coordinates
                0x0000000008015564        0xc build/coordinates.o
                0x0000000008015564                getX_coordinates
 .text.getY_coordinates
                0x0000000008015570        0xc build/coordinates.o
                0x0000000008015570                getY_coordinates
 .text.getZ_coordinates
                0x000000000801557c        0xc build/coordinates.o
                0x000000000801557c                getZ_coordinates
 .text.getE_coordinates
                0x0000000008015588        0xc build/coordinates.o
                0x0000000008015588                getE_coordinates
 .text.incX_coordinates
                0x0000000008015594       0x10 build/coordinates.o
                0x0000000008015594                incX_coordinates
 .text.incY_coordinates
                0x00000000080155a4       0x10 build/coordinates.o
                0x00000000080155a4                incY_coordinates
 .text.incZ_coordinates
                0x00000000080155b4       0x10 build/coordinates.o
                0x00000000080155b4                incZ_coordinates
 .text.decX_coordinates
                0x00000000080155c4       0x10 build/coordinates.o
                0x00000000080155c4                decX_coordinates
 .text.decY_coordinates
                0x00000000080155d4       0x10 build/coordinates.o
                0x00000000080155d4                decY_coordinates
 .text.decZ_coordinates
                0x00000000080155e4       0x10 build/coordinates.o
                0x00000000080155e4                decZ_coordinates
 .text.Reset_Handler
                0x00000000080155f4       0x44 build/startup_stm32f105xc.o
                0x00000000080155f4                Reset_Handler
 .text.Default_Handler
                0x0000000008015638        0x2 build/startup_stm32f105xc.o
                0x0000000008015638                RTC_Alarm_IRQHandler
                0x0000000008015638                EXTI2_IRQHandler
                0x0000000008015638                TIM1_CC_IRQHandler
                0x0000000008015638                TIM6_IRQHandler
                0x0000000008015638                PVD_IRQHandler
                0x0000000008015638                CAN2_RX1_IRQHandler
                0x0000000008015638                EXTI3_IRQHandler
                0x0000000008015638                EXTI0_IRQHandler
                0x0000000008015638                I2C2_EV_IRQHandler
                0x0000000008015638                CAN1_RX0_IRQHandler
                0x0000000008015638                CAN2_SCE_IRQHandler
                0x0000000008015638                ADC1_2_IRQHandler
                0x0000000008015638                SPI1_IRQHandler
                0x0000000008015638                TAMPER_IRQHandler
                0x0000000008015638                CAN2_RX0_IRQHandler