Archive member included to satisfy reference by file (symbol)

/usr/bin/../lib/gcc/arm-none-eabi/7.3.1/../../../../arm-none-eabi/lib/thumb/v7-m/libc_nano.a(lib_a-atof.o)
                              build/GcodeConverter_Gcode.o (atof)
/usr/bin/../lib/gcc/arm-none-eabi/7.3.1/../../../../arm-none-eabi/lib/thumb/v7-m/libc_nano.a(lib_a-atoi.o)
                              build/GcodeConverter_Gcode.o (atoi)
/usr/bin/../lib/gcc/arm-none-eabi/7.3.1/../../../../arm-none-eabi/lib/thumb/v7-m/libc_nano.a(lib_a-exit.o)
                              /usr/bin/../lib/gcc/arm-none-eabi/7.3.1/../../../../arm-none-eabi/lib/thumb/v7-m/crt0.o (exit)
/usr/bin/../lib/gcc/arm-none-eabi/7.3.1/../../../../arm-none-eabi/lib/thumb/v7-m/libc_nano.a(lib_a-impure.o)
                              /usr/bin/../lib/gcc/arm-none-eabi/7.3.1/../../../../arm-none-eabi/lib/thumb/v7-m/libc_nano.a(lib_a-exit.o) (_global_impure_ptr)
/usr/bin/../lib/gcc/arm-none-eabi/7.3.1/../../../../arm-none-eabi/lib/thumb/v7-m/libc_nano.a(lib_a-init.o)
                              /usr/bin/../lib/gcc/arm-none-eabi/7.3.1/../../../../arm-none-eabi/lib/thumb/v7-m/crt0.o (__libc_init_array)
/usr/bin/../lib/gcc/arm-none-eabi/7.3.1/../../../../arm-none-eabi/lib/thumb/v7-m/libc_nano.a(lib_a-malloc.o)
                              build/usbh_msc.o (malloc)
/usr/bin/../lib/gcc/arm-none-eabi/7.3.1/../../../../arm-none-eabi/lib/thumb/v7-m/libc_nano.a(lib_a-memset.o)
                              /usr/bin/../lib/gcc/arm-none-eabi/7.3.1/../../../../arm-none-eabi/lib/thumb/v7-m/crt0.o (memset)
/usr/bin/../lib/gcc/arm-none-eabi/7.3.1/../../../../arm-none-eabi/lib/thumb/v7-m/libc_nano.a(lib_a-nano-freer.o)
                              /usr/bin/../lib/gcc/arm-none-eabi/7.3.1/../../../../arm-none-eabi/lib/thumb/v7-m/libc_nano.a(lib_a-malloc.o) (_free_r)
/usr/bin/../lib/gcc/arm-none-eabi/7.3.1/../../../../arm-none-eabi/lib/thumb/v7-m/libc_nano.a(lib_a-nano-mallocr.o)
                              /usr/bin/../lib/gcc/arm-none-eabi/7.3.1/../../../../arm-none-eabi/lib/thumb/v7-m/libc_nano.a(lib_a-malloc.o) (_malloc_r)
/usr/bin/../lib/gcc/arm-none-eabi/7.3.1/../../../../arm-none-eabi/lib/thumb/v7-m/libc_nano.a(lib_a-printf.o)
                              build/stm32f1xx_it.o (printf)
/usr/bin/../lib/gcc/arm-none-eabi/7.3.1/../../../../arm-none-eabi/lib/thumb/v7-m/libc_nano.a(lib_a-sbrkr.o)
                              /usr/bin/../lib/gcc/arm-none-eabi/7.3.1/../../../../arm-none-eabi/lib/thumb/v7-m/libc_nano.a(lib_a-nano-mallocr.o) (_sbrk_r)
/usr/bin/../lib/gcc/arm-none-eabi/7.3.1/../../../../arm-none-eabi/lib/thumb/v7-m/libc_nano.a(lib_a-sprintf.o)
                              build/FunctionsForButtons.o (sprintf)
/usr/bin/../lib/gcc/arm-none-eabi/7.3.1/../../../../arm-none-eabi/lib/thumb/v7-m/libc_nano.a(lib_a-strchr.o)
                              build/GcodeConverter_Gcode.o (strchr)
/usr/bin/../lib/gcc/arm-none-eabi/7.3.1/../../../../arm-none-eabi/lib/thumb/v7-m/libc_nano.a(lib_a-strcpy.o)
                              build/Driver_USBdrive.o (strcpy)
/usr/bin/../lib/gcc/arm-none-eabi/7.3.1/../../../../arm-none-eabi/lib/thumb/v7-m/libc_nano.a(lib_a-strtod.o)
                              /usr/bin/../lib/gcc/arm-none-eabi/7.3.1/../../../../arm-none-eabi/lib/thumb/v7-m/libc_nano.a(lib_a-atof.o) (strtod)
/usr/bin/../lib/gcc/arm-none-eabi/7.3.1/../../../../arm-none-eabi/lib/thumb/v7-m/libc_nano.a(lib_a-strtol.o)
                              /usr/bin/../lib/gcc/arm-none-eabi/7.3.1/../../../../arm-none-eabi/lib/thumb/v7-m/libc_nano.a(lib_a-atoi.o) (_strtol_r)
/usr/bin/../lib/gcc/arm-none-eabi/7.3.1/../../../../arm-none-eabi/lib/thumb/v7-m/libc_nano.a(lib_a-swprintf.o)
                              build/TextConverter_LCD.o (swprintf)
/usr/bin/../lib/gcc/arm-none-eabi/7.3.1/../../../../arm-none-eabi/lib/thumb/v7-m/libc_nano.a(lib_a-wcscpy.o)
                              build/TextConverter_LCD.o (wcscpy)
/usr/bin/../lib/gcc/arm-none-eabi/7.3.1/../../../../arm-none-eabi/lib/thumb/v7-m/libc_nano.a(lib_a-wcslen.o)
                              build/TextConverter_LCD.o (wcslen)
/usr/bin/../lib/gcc/arm-none-eabi/7.3.1/../../../../arm-none-eabi/lib/thumb/v7-m/libc_nano.a(lib_a-wcsstr.o)
                              build/TextConverter_LCD.o (wcsstr)
/usr/bin/../lib/gcc/arm-none-eabi/7.3.1/../../../../arm-none-eabi/lib/thumb/v7-m/libc_nano.a(lib_a-wmemcpy.o)
                              build/TextConverter_LCD.o (wmemcpy)
/usr/bin/../lib/gcc/arm-none-eabi/7.3.1/../../../../arm-none-eabi/lib/thumb/v7-m/libc_nano.a(lib_a-findfp.o)
                              /usr/bin/../lib/gcc/arm-none-eabi/7.3.1/../../../../arm-none-eabi/lib/thumb/v7-m/libc_nano.a(lib_a-printf.o) (__sinit)
/usr/bin/../lib/gcc/arm-none-eabi/7.3.1/../../../../arm-none-eabi/lib/thumb/v7-m/libc_nano.a(lib_a-fwalk.o)
                              /usr/bin/../lib/gcc/arm-none-eabi/7.3.1/../../../../arm-none-eabi/lib/thumb/v7-m/libc_nano.a(lib_a-findfp.o) (_fwalk)
[...]
Memory Configuration

Name             Origin             Length             Attributes
RAM              0x0000000020000000 0x0000000000010000 xrw
FLASH            0x0000000008000000 0x0000000000040000 xr
*default*        0x0000000000000000 0xffffffffffffffff

Linker script and memory map

LOAD /usr/bin/../lib/gcc/arm-none-eabi/7.3.1/thumb/v7-m/crti.o
LOAD /usr/bin/../lib/gcc/arm-none-eabi/7.3.1/thumb/v7-m/crtbegin.o
LOAD /usr/bin/../lib/gcc/arm-none-eabi/7.3.1/../../../../arm-none-eabi/lib/thumb/v7-m/crt0.o
LOAD build/main.o
LOAD build/gpio.o
LOAD build/fatfs.o
LOAD build/sys.o
LOAD build/tim.o
LOAD build/usart.o
LOAD build/usb_host.o
LOAD build/usbh_conf.o
LOAD build/usbh_platform.o
LOAD build/stm32f1xx_it.o
LOAD build/stm32f1xx_hal_msp.o
LOAD build/stm32f1xx_hal_gpio_ex.o
LOAD build/stm32f1xx_hal_hcd.o
LOAD build/stm32f1xx_ll_usb.o
LOAD build/stm32f1xx_hal.o
LOAD build/stm32f1xx_hal_rcc.o
LOAD build/stm32f1xx_hal_rcc_ex.o
LOAD build/stm32f1xx_hal_gpio.o
LOAD build/stm32f1xx_hal_dma.o
LOAD build/stm32f1xx_hal_cortex.o
LOAD build/stm32f1xx_hal_pwr.o
LOAD build/stm32f1xx_hal_flash.o
LOAD build/stm32f1xx_hal_flash_ex.o
LOAD build/stm32f1xx_hal_tim.o
LOAD build/stm32f1xx_hal_tim_ex.o
LOAD build/stm32f1xx_hal_uart.o
LOAD build/system_stm32f1xx.o
LOAD build/diskio.o
LOAD build/ff.o
LOAD build/ff_gen_drv.o
LOAD build/syscall.o
LOAD build/ccsbcs.o
LOAD build/usbh_diskio.o
LOAD build/usbh_core.o
LOAD build/usbh_ctlreq.o
LOAD build/usbh_ioreq.o
LOAD build/usbh_pipes.o
LOAD build/usbh_msc.o
LOAD build/usbh_msc_bot.o
LOAD build/usbh_msc_scsi.o
LOAD build/Buffer_Gcode.o
LOAD build/Descritization_Gcode.o
LOAD build/GcodeConverter_Gcode.o
LOAD build/VirtualPrinters_Gcode.o
LOAD build/CharacterConverter_LCD.o
LOAD build/Driver_LCD.o
LOAD build/GPIOandTIM_LCD.o
LOAD build/Interface_LCD.o
LOAD build/TextConverter_LCD.o
LOAD build/Constructor_Menu.o
LOAD build/MainMenu_Menu.o
LOAD build/FunctionsForButtons.o
LOAD build/Driver_Motors.o
LOAD build/GPIO_Motors.o
LOAD build/State_USBdrive.o
LOAD build/Driver_USBdrive.o
LOAD build/coordinates.o
LOAD build/startup_stm32f105xc.o
LOAD /usr/bin/../lib/gcc/arm-none-eabi/7.3.1/../../../../arm-none-eabi/lib/thumb/v7-m/libc_nano.a
LOAD /usr/bin/../lib/gcc/arm-none-eabi/7.3.1/../../../../arm-none-eabi/lib/thumb/v7-m/libm.a
LOAD /usr/bin/../lib/gcc/arm-none-eabi/7.3.1/../../../../arm-none-eabi/lib/thumb/v7-m/libnosys.a
START GROUP
LOAD /usr/bin/../lib/gcc/arm-none-eabi/7.3.1/thumb/v7-m/libgcc.a
LOAD /usr/bin/../lib/gcc/arm-none-eabi/7.3.1/../../../../arm-none-eabi/lib/thumb/v7-m/libc_nano.a
END GROUP
START GROUP
LOAD /usr/bin/../lib/gcc/arm-none-eabi/7.3.1/thumb/v7-m/libgcc.a
LOAD /usr/bin/../lib/gcc/arm-none-eabi/7.3.1/../../../../arm-none-eabi/lib/thumb/v7-m/libc_nano.a
END GROUP
LOAD /usr/bin/../lib/gcc/arm-none-eabi/7.3.1/thumb/v7-m/crtend.o
LOAD /usr/bin/../lib/gcc/arm-none-eabi/7.3.1/thumb/v7-m/crtn.o
                0x0000000020010000                _estack = 0x20010000
                0x0000000000000200                _Min_Heap_Size = 0x200
                0x0000000000000400                _Min_Stack_Size = 0x400

.isr_vector     0x0000000008000000      0x1e4
                0x0000000008000000                . = ALIGN (0x4)
 *(.isr_vector)
 .isr_vector    0x0000000008000000      0x1e4 build/startup_stm32f105xc.o
                0x0000000008000000                g_pfnVectors
                0x00000000080001e4                . = ALIGN (0x4)

.text           0x00000000080001e8    0x13514
                0x00000000080001e8                . = ALIGN (0x4)
 *(.text)
 .text          0x00000000080001e8       0x40 /usr/bin/../lib/gcc/arm-none-eabi/7.3.1/thumb/v7-m/crtbegin.o
 .text          0x0000000008000228       0x10 /usr/bin/../lib/gcc/arm-none-eabi/7.3.1/../../../../arm-none-eabi/lib/thumb/v7-m/libc_nano.a(lib_a-strlen.o)
                0x0000000008000228                strlen
 .text          0x0000000008000238      0x378 /usr/bin/../lib/gcc/arm-none-eabi/7.3.1/thumb/v7-m/libgcc.a(_arm_addsubdf3.o)
                0x0000000008000238                __aeabi_drsub
                0x0000000008000240                __aeabi_dsub
                0x0000000008000240                __subdf3
                0x0000000008000244                __adddf3
                0x0000000008000244                __aeabi_dadd
                0x00000000080004bc                __aeabi_ui2d
                0x00000000080004bc                __floatunsidf
                0x00000000080004dc                __floatsidf
                0x00000000080004dc                __aeabi_i2d
                0x0000000008000500                __extendsfdf2
                0x0000000008000500                __aeabi_f2d
                0x0000000008000544                __aeabi_ul2d
                0x0000000008000544                __floatundidf
                0x0000000008000554                __floatdidf
                0x0000000008000554                __aeabi_l2d
 .text          0x00000000080005b0      0x424 /usr/bin/../lib/gcc/arm-none-eabi/7.3.1/thumb/v7-m/libgcc.a(_arm_muldivdf3.o)
                0x00000000080005b0                __aeabi_dmul
                0x00000000080005b0                __muldf3
                0x0000000008000804                __aeabi_ddiv
                0x0000000008000804                __divdf3
 .text          0x00000000080009d4      0x110 /usr/bin/../lib/gcc/arm-none-eabi/7.3.1/thumb/v7-m/libgcc.a(_arm_cmpdf2.o)
                0x00000000080009d4                __gtdf2
                0x00000000080009d4                __gedf2
                0x00000000080009dc                __ltdf2
                0x00000000080009dc                __ledf2
                0x00000000080009e4                __cmpdf2
                0x00000000080009e4                __eqdf2
                0x00000000080009e4                __nedf2
                0x0000000008000a60                __aeabi_cdrcmple
                0x0000000008000a70                __aeabi_cdcmple
                0x0000000008000a70                __aeabi_cdcmpeq
                0x0000000008000a80                __aeabi_dcmpeq
                0x0000000008000a94                __aeabi_dcmplt
                0x0000000008000aa8                __aeabi_dcmple
                0x0000000008000abc                __aeabi_dcmpge
                0x0000000008000ad0                __aeabi_dcmpgt
 .text          0x0000000008000ae4       0x2c /usr/bin/../lib/gcc/arm-none-eabi/7.3.1/thumb/v7-m/libgcc.a(_arm_unorddf2.o)
                0x0000000008000ae4                __aeabi_dcmpun
                0x0000000008000ae4                __unorddf2
 .text          0x0000000008000b10       0x50 /usr/bin/../lib/gcc/arm-none-eabi/7.3.1/thumb/v7-m/libgcc.a(_arm_fixdfsi.o)
                0x0000000008000b10                __fixdfsi
                0x0000000008000b10                __aeabi_d2iz
 .text          0x0000000008000b60       0x40 /usr/bin/../lib/gcc/arm-none-eabi/7.3.1/thumb/v7-m/libgcc.a(_arm_fixunsdfsi.o)
                0x0000000008000b60                __fixunsdfsi
                0x0000000008000b60                __aeabi_d2uiz
 .text          0x0000000008000ba0       0xa0 /usr/bin/../lib/gcc/arm-none-eabi/7.3.1/thumb/v7-m/libgcc.a(_arm_truncdfsf2.o)
                0x0000000008000ba0                __aeabi_d2f
                0x0000000008000ba0                __truncdfsf2
 .text          0x0000000008000c40      0x21c /usr/bin/../lib/gcc/arm-none-eabi/7.3.1/thumb/v7-m/libgcc.a(_arm_addsubsf3.o)
                0x0000000008000c40                __aeabi_frsub
                0x0000000008000c48                __subsf3
                0x0000000008000c48                __aeabi_fsub
                0x0000000008000c4c                __aeabi_fadd
                0x0000000008000c4c                __addsf3
                0x0000000008000dac                __aeabi_ui2f
                0x0000000008000dac                __floatunsisf
                0x0000000008000db4                __aeabi_i2f
                0x0000000008000db4                __floatsisf
                0x0000000008000dd0                __floatundisf
                0x0000000008000dd0                __aeabi_ul2f
                0x0000000008000de0                __floatdisf
                0x0000000008000de0                __aeabi_l2f
 .text          0x0000000008000e5c      0x2a0 /usr/bin/../lib/gcc/arm-none-eabi/7.3.1/thumb/v7-m/libgcc.a(_arm_muldivsf3.o)
                0x0000000008000e5c                __mulsf3
                0x0000000008000e5c                __aeabi_fmul
                0x0000000008000fc4                __divsf3
                0x0000000008000fc4                __aeabi_fdiv
 .text          0x00000000080010fc       0xec /usr/bin/../lib/gcc/arm-none-eabi/7.3.1/thumb/v7-m/libgcc.a(_arm_cmpsf2.o)
                0x00000000080010fc                __gtsf2
                0x00000000080010fc                __gesf2
                0x0000000008001104                __lesf2
                0x0000000008001104                __ltsf2
                0x000000000800110c                __nesf2
                0x000000000800110c                __eqsf2
                0x000000000800110c                __cmpsf2
                0x000000000800116c                __aeabi_cfrcmple
                0x0000000008001174                __aeabi_cfcmple
                0x0000000008001174                __aeabi_cfcmpeq
                0x0000000008001184                __aeabi_fcmpeq
                0x0000000008001198                __aeabi_fcmplt
                0x00000000080011ac                __aeabi_fcmple
                0x00000000080011c0                __aeabi_fcmpge
                0x00000000080011d4                __aeabi_fcmpgt
 .text          0x00000000080011e8       0x2c /usr/bin/../lib/gcc/arm-none-eabi/7.3.1/thumb/v7-m/libgcc.a(_arm_unordsf2.o)
                0x00000000080011e8                __aeabi_fcmpun
                0x00000000080011e8                __unordsf2
 .text          0x0000000008001214       0x4c /usr/bin/../lib/gcc/arm-none-eabi/7.3.1/thumb/v7-m/libgcc.a(_arm_fixsfsi.o)
                0x0000000008001214                __fixsfsi
                0x0000000008001214                __aeabi_f2iz
 .text          0x0000000008001260       0x30 /usr/bin/../lib/gcc/arm-none-eabi/7.3.1/thumb/v7-m/libgcc.a(_aeabi_uldivmod.o)
                0x0000000008001260                __aeabi_uldivmod
 .text          0x0000000008001290      0x2d0 /usr/bin/../lib/gcc/arm-none-eabi/7.3.1/thumb/v7-m/libgcc.a(_udivmoddi4.o)
                0x0000000008001290                __udivmoddi4
 .text          0x0000000008001560        0x4 /usr/bin/../lib/gcc/arm-none-eabi/7.3.1/thumb/v7-m/libgcc.a(_dvmd_tls.o)
                0x0000000008001560                __aeabi_ldiv0
                0x0000000008001560                __aeabi_idiv0
 *(.text*)
 .text._write   0x0000000008001564       0x18 build/main.o
                0x0000000008001564                _write
 .text.SystemClock_Config
                0x000000000800157c       0x74 build/main.o
                0x000000000800157c                SystemClock_Config
 .text.main     0x00000000080015f0      0x180 build/main.o
                0x00000000080015f0                main
 .text.Error_Handler
                0x0000000008001770        0x2 build/main.o
                0x0000000008001770                Error_Handler
 *fill*         0x0000000008001772        0x2 
 .text.MX_GPIO_Init
                0x0000000008001774      0x174 build/gpio.o
                0x0000000008001774                MX_GPIO_Init
 .text.MX_FATFS_Init
                0x00000000080018e8       0x1c build/fatfs.o
                0x00000000080018e8                MX_FATFS_Init
 .text.get_fattime
                0x0000000008001904        0x4 build/fatfs.o
                0x0000000008001904                get_fattime
 .text.MX_TIM2_Init
                0x0000000008001908       0x6c build/tim.o
                0x0000000008001908                MX_TIM2_Init
 .text.MX_TIM3_Init
                0x0000000008001974       0x70 build/tim.o
                0x0000000008001974                MX_TIM3_Init
 .text.MX_TIM4_Init
                0x00000000080019e4       0x70 build/tim.o
                0x00000000080019e4                MX_TIM4_Init
 .text.MX_TIM5_Init
                0x0000000008001a54       0x74 build/tim.o
                0x0000000008001a54                MX_TIM5_Init
 .text.HAL_TIM_Base_MspInit
                0x0000000008001ac8       0xd0 build/tim.o
                0x0000000008001ac8                HAL_TIM_Base_MspInit
 .text.MX_USART2_UART_Init
                0x0000000008001b98       0x34 build/usart.o
                0x0000000008001b98                MX_USART2_UART_Init
 .text.HAL_UART_MspInit
                0x0000000008001bcc       0x88 build/usart.o
                0x0000000008001bcc                HAL_UART_MspInit
 .text.USBH_UserProcess
                0x0000000008001c54       0x44 build/usb_host.o
 .text.MX_USB_HOST_Init
                0x0000000008001c98       0x40 build/usb_host.o
                0x0000000008001c98                MX_USB_HOST_Init
 .text.MX_USB_HOST_Process
                0x0000000008001cd8       0x10 build/usb_host.o
                0x0000000008001cd8                MX_USB_HOST_Process
 .text.HAL_HCD_MspInit
                0x0000000008001ce8       0x6c build/usbh_conf.o
                0x0000000008001ce8                HAL_HCD_MspInit
 .text.HAL_HCD_SOF_Callback
                0x0000000008001d54        0xc build/usbh_conf.o
                0x0000000008001d54                HAL_HCD_SOF_Callback
 .text.HAL_HCD_Connect_Callback
                0x0000000008001d60        0xc build/usbh_conf.o
                0x0000000008001d60                HAL_HCD_Connect_Callback
 .text.HAL_HCD_Disconnect_Callback
                0x0000000008001d6c        0xc build/usbh_conf.o
                0x0000000008001d6c                HAL_HCD_Disconnect_Callback
 .text.HAL_HCD_HC_NotifyURBChange_Callback
                0x0000000008001d78        0x2 build/usbh_conf.o
                0x0000000008001d78                HAL_HCD_HC_NotifyURBChange_Callback
 *fill*         0x0000000008001d7a        0x2 
 .text.USBH_LL_Init
                0x0000000008001d7c       0x50 build/usbh_conf.o
                0x0000000008001d7c                USBH_LL_Init
 .text.USBH_LL_GetSpeed
                0x0000000008001dcc       0x1c build/usbh_conf.o
                0x0000000008001dcc                USBH_LL_GetSpeed
 .text.USBH_LL_GetLastXferSize
                0x0000000008001de8        0xc build/usbh_conf.o
                0x0000000008001de8                USBH_LL_GetLastXferSize
 .text.USBH_LL_GetURBState
                0x0000000008001df4        0xc build/usbh_conf.o
                0x0000000008001df4                USBH_LL_GetURBState
 .text.USBH_LL_DriverVBUS
                0x0000000008001e00       0x1c build/usbh_conf.o
                0x0000000008001e00                USBH_LL_DriverVBUS
 .text.USBH_LL_SetToggle
                0x0000000008001e1c       0x30 build/usbh_conf.o
                0x0000000008001e1c                USBH_LL_SetToggle
 .text.USBH_LL_GetToggle
                0x0000000008001e4c       0x2a build/usbh_conf.o
                0x0000000008001e4c                USBH_LL_GetToggle
 .text.USBH_Delay
                0x0000000008001e76        0x8 build/usbh_conf.o
                0x0000000008001e76                USBH_Delay
 .text.USBH_Get_USB_Status
                0x0000000008001e7e       0x12 build/usbh_conf.o
                0x0000000008001e7e                USBH_Get_USB_Status
 .text.USBH_LL_Start
                0x0000000008001e90       0x10 build/usbh_conf.o
                0x0000000008001e90                USBH_LL_Start
 .text.USBH_LL_Stop
                0x0000000008001ea0       0x10 build/usbh_conf.o
                0x0000000008001ea0                USBH_LL_Stop
 .text.USBH_LL_ResetPort
                0x0000000008001eb0       0x10 build/usbh_conf.o
                0x0000000008001eb0                USBH_LL_ResetPort
 .text.USBH_LL_OpenPipe
                0x0000000008001ec0       0x26 build/usbh_conf.o
                0x0000000008001ec0                USBH_LL_OpenPipe
 .text.USBH_LL_ClosePipe
                0x0000000008001ee6       0x10 build/usbh_conf.o
                0x0000000008001ee6                USBH_LL_ClosePipe
 .text.USBH_LL_SubmitURB
                0x0000000008001ef6       0x2a build/usbh_conf.o
                0x0000000008001ef6                USBH_LL_SubmitURB
 .text.MX_DriverVbusFS
                0x0000000008001f20       0x1c build/usbh_platform.o
                0x0000000008001f20                MX_DriverVbusFS
 .text.NMI_Handler
                0x0000000008001f3c        0x2 build/stm32f1xx_it.o
                0x0000000008001f3c                NMI_Handler
 .text.HardFault_Handler
                0x0000000008001f3e        0x2 build/stm32f1xx_it.o
                0x0000000008001f3e                HardFault_Handler
 .text.MemManage_Handler
                0x0000000008001f40        0x2 build/stm32f1xx_it.o
                0x0000000008001f40                MemManage_Handler
 .text.BusFault_Handler
                0x0000000008001f42        0x2 build/stm32f1xx_it.o
                0x0000000008001f42                BusFault_Handler
 .text.UsageFault_Handler
                0x0000000008001f44        0x2 build/stm32f1xx_it.o
                0x0000000008001f44                UsageFault_Handler
 .text.SVC_Handler
                0x0000000008001f46        0x2 build/stm32f1xx_it.o
                0x0000000008001f46                SVC_Handler
 .text.DebugMon_Handler
                0x0000000008001f48        0x2 build/stm32f1xx_it.o
                0x0000000008001f48                DebugMon_Handler
 .text.PendSV_Handler
                0x0000000008001f4a        0x2 build/stm32f1xx_it.o
                0x0000000008001f4a                PendSV_Handler
 .text.SysTick_Handler
                0x0000000008001f4c        0x8 build/stm32f1xx_it.o
                0x0000000008001f4c                SysTick_Handler
 .text.TIM2_IRQHandler
                0x0000000008001f54       0x10 build/stm32f1xx_it.o
                0x0000000008001f54                TIM2_IRQHandler
 .text.TIM3_IRQHandler
                0x0000000008001f64       0x44 build/stm32f1xx_it.o
                0x0000000008001f64                TIM3_IRQHandler
 .text.TIM4_IRQHandler
                0x0000000008001fa8       0x14 build/stm32f1xx_it.o
                0x0000000008001fa8                TIM4_IRQHandler
 .text.TIM5_IRQHandler
                0x0000000008001fbc       0x3c build/stm32f1xx_it.o
                0x0000000008001fbc                TIM5_IRQHandler
 .text.OTG_FS_IRQHandler
                0x0000000008001ff8       0x10 build/stm32f1xx_it.o
                0x0000000008001ff8                OTG_FS_IRQHandler
 .text.HAL_MspInit
                0x0000000008002008       0x44 build/stm32f1xx_hal_msp.o
                0x0000000008002008                HAL_MspInit
 .text.HCD_RXQLVL_IRQHandler
                0x000000000800204c       0x88 build/stm32f1xx_hal_hcd.o
 .text.HAL_HCD_HC_Init
                0x00000000080020d4       0x82 build/stm32f1xx_hal_hcd.o
                0x00000000080020d4                HAL_HCD_HC_Init
 .text.HAL_HCD_HC_Halt
                0x0000000008002156       0x24 build/stm32f1xx_hal_hcd.o
                0x0000000008002156                HAL_HCD_HC_Halt
 .text.HAL_HCD_Init
                0x000000000800217a       0x74 build/stm32f1xx_hal_hcd.o
                0x000000000800217a                HAL_HCD_Init
 .text.HAL_HCD_HC_SubmitRequest
                0x00000000080021ee      0x1d6 build/stm32f1xx_hal_hcd.o
                0x00000000080021ee                HAL_HCD_HC_SubmitRequest
 .text.HCD_Port_IRQHandler
                0x00000000080023c4       0xb6 build/stm32f1xx_hal_hcd.o
 .text.HCD_HC_IN_IRQHandler
                0x000000000800247a      0x260 build/stm32f1xx_hal_hcd.o
 .text.HCD_HC_OUT_IRQHandler
                0x00000000080026da      0x2aa build/stm32f1xx_hal_hcd.o
 .text.HAL_HCD_IRQHandler
                0x0000000008002984      0x142 build/stm32f1xx_hal_hcd.o
                0x0000000008002984                HAL_HCD_IRQHandler
 .text.HAL_HCD_Start
                0x0000000008002ac6       0x2c build/stm32f1xx_hal_hcd.o
                0x0000000008002ac6                HAL_HCD_Start
 .text.HAL_HCD_Stop
                0x0000000008002af2       0x24 build/stm32f1xx_hal_hcd.o
                0x0000000008002af2                HAL_HCD_Stop
 .text.HAL_HCD_ResetPort
                0x0000000008002b16        0xa build/stm32f1xx_hal_hcd.o
                0x0000000008002b16                HAL_HCD_ResetPort
 .text.HAL_HCD_HC_GetURBState
                0x0000000008002b20        0xe build/stm32f1xx_hal_hcd.o
                0x0000000008002b20                HAL_HCD_HC_GetURBState
 .text.HAL_HCD_HC_GetXferCount
                0x0000000008002b2e        0xc build/stm32f1xx_hal_hcd.o
                0x0000000008002b2e                HAL_HCD_HC_GetXferCount
 .text.HAL_HCD_GetCurrentFrame
                0x0000000008002b3a        0xa build/stm32f1xx_hal_hcd.o
                0x0000000008002b3a                HAL_HCD_GetCurrentFrame
 .text.HAL_HCD_GetCurrentSpeed
                0x0000000008002b44        0xa build/stm32f1xx_hal_hcd.o
                0x0000000008002b44                HAL_HCD_GetCurrentSpeed
 .text.USB_CoreInit
                0x0000000008002b4e       0x28 build/stm32f1xx_ll_usb.o
                0x0000000008002b4e                USB_CoreInit
 .text.USB_EnableGlobalInt
                0x0000000008002b76        0xc build/stm32f1xx_ll_usb.o
                0x0000000008002b76                USB_EnableGlobalInt
 .text.USB_DisableGlobalInt
                0x0000000008002b82        0xc build/stm32f1xx_ll_usb.o
                0x0000000008002b82                USB_DisableGlobalInt
 .text.USB_SetCurrentMode
                0x0000000008002b8e       0x2c build/stm32f1xx_ll_usb.o
                0x0000000008002b8e                USB_SetCurrentMode
 *fill*         0x0000000008002bba        0x2 
 .text.USB_FlushTxFifo
                0x0000000008002bbc       0x28 build/stm32f1xx_ll_usb.o
                0x0000000008002bbc                USB_FlushTxFifo
 .text.USB_FlushRxFifo
                0x0000000008002be4       0x24 build/stm32f1xx_ll_usb.o
                0x0000000008002be4                USB_FlushRxFifo
 .text.USB_WritePacket
                0x0000000008002c08       0x24 build/stm32f1xx_ll_usb.o
                0x0000000008002c08                USB_WritePacket
 .text.USB_ReadPacket
                0x0000000008002c2c       0x26 build/stm32f1xx_ll_usb.o
                0x0000000008002c2c                USB_ReadPacket
 .text.USB_ReadInterrupts
                0x0000000008002c52        0x8 build/stm32f1xx_ll_usb.o
                0x0000000008002c52                USB_ReadInterrupts
 .text.USB_GetMode
                0x0000000008002c5a        0x8 build/stm32f1xx_ll_usb.o
                0x0000000008002c5a                USB_GetMode
 *fill*         0x0000000008002c62        0x2 
 .text.USB_HostInit
                0x0000000008002c64       0xc8 build/stm32f1xx_ll_usb.o
                0x0000000008002c64                USB_HostInit
 .text.USB_InitFSLSPClkSel
                0x0000000008002d2c       0x3e build/stm32f1xx_ll_usb.o
                0x0000000008002d2c                USB_InitFSLSPClkSel
 .text.USB_ResetPort
                0x0000000008002d6a       0x38 build/stm32f1xx_ll_usb.o
                0x0000000008002d6a                USB_ResetPort
 .text.USB_DriveVbus
                0x0000000008002da2       0x46 build/stm32f1xx_ll_usb.o
                0x0000000008002da2                USB_DriveVbus
 .text.USB_GetHostSpeed
                0x0000000008002de8       0x16 build/stm32f1xx_ll_usb.o
                0x0000000008002de8                USB_GetHostSpeed
 .text.USB_GetCurrentFrame
                0x0000000008002dfe        0xa build/stm32f1xx_ll_usb.o
                0x0000000008002dfe                USB_GetCurrentFrame
 .text.USB_HC_Init
                0x0000000008002e08       0xd0 build/stm32f1xx_ll_usb.o
                0x0000000008002e08                USB_HC_Init
 .text.USB_HC_StartXfer
                0x0000000008002ed8      0x1e8 build/stm32f1xx_ll_usb.o
                0x0000000008002ed8                USB_HC_StartXfer
 .text.USB_HC_ReadInterrupt
                0x00000000080030c0       0x1c build/stm32f1xx_ll_usb.o
                0x00000000080030c0                USB_HC_ReadInterrupt
 .text.USB_HC_Halt
                0x00000000080030dc      0x1fe build/stm32f1xx_ll_usb.o
                0x00000000080030dc                USB_HC_Halt
 .text.USB_StopHost
                0x00000000080032da      0x10c build/stm32f1xx_ll_usb.o
                0x00000000080032da                USB_StopHost
 *fill*         0x00000000080033e6        0x2 
 .text.USB_CoreReset
                0x00000000080033e8       0x64 build/stm32f1xx_ll_usb.o
 .text.HAL_InitTick
                0x000000000800344c       0x4c build/stm32f1xx_hal.o
                0x000000000800344c                HAL_InitTick
 .text.HAL_Init
                0x0000000008003498       0x24 build/stm32f1xx_hal.o
                0x0000000008003498                HAL_Init
 .text.HAL_IncTick
                0x00000000080034bc       0x18 build/stm32f1xx_hal.o
                0x00000000080034bc                HAL_IncTick
 .text.HAL_GetTick
                0x00000000080034d4        0xc build/stm32f1xx_hal.o
                0x00000000080034d4                HAL_GetTick
 .text.HAL_Delay
                0x00000000080034e0       0x28 build/stm32f1xx_hal.o
                0x00000000080034e0                HAL_Delay
 .text.RCC_Delay
                0x0000000008003508       0x2c build/stm32f1xx_hal_rcc.o
 .text.HAL_RCC_OscConfig
                0x0000000008003534      0x4c0 build/stm32f1xx_hal_rcc.o
                0x0000000008003534                HAL_RCC_OscConfig
 .text.HAL_RCC_GetSysClockFreq
                0x00000000080039f4       0xe4 build/stm32f1xx_hal_rcc.o
                0x00000000080039f4                HAL_RCC_GetSysClockFreq
 .text.HAL_RCC_ClockConfig
                0x0000000008003ad8      0x19c build/stm32f1xx_hal_rcc.o
                0x0000000008003ad8                HAL_RCC_ClockConfig
 .text.HAL_RCC_GetHCLKFreq
                0x0000000008003c74        0xc build/stm32f1xx_hal_rcc.o
                0x0000000008003c74                HAL_RCC_GetHCLKFreq
 .text.HAL_RCC_GetPCLK1Freq
                0x0000000008003c80       0x20 build/stm32f1xx_hal_rcc.o
                0x0000000008003c80                HAL_RCC_GetPCLK1Freq
 .text.HAL_RCC_GetPCLK2Freq
                0x0000000008003ca0       0x20 build/stm32f1xx_hal_rcc.o
                0x0000000008003ca0                HAL_RCC_GetPCLK2Freq
 .text.HAL_RCCEx_PeriphCLKConfig
                0x0000000008003cc0      0x1cc build/stm32f1xx_hal_rcc_ex.o
                0x0000000008003cc0                HAL_RCCEx_PeriphCLKConfig
 .text.HAL_GPIO_Init
                0x0000000008003e8c      0x1d4 build/stm32f1xx_hal_gpio.o
                0x0000000008003e8c                HAL_GPIO_Init
 .text.HAL_GPIO_ReadPin
                0x0000000008004060        0xe build/stm32f1xx_hal_gpio.o
                0x0000000008004060                HAL_GPIO_ReadPin
 .text.HAL_GPIO_WritePin
                0x000000000800406e        0xc build/stm32f1xx_hal_gpio.o
                0x000000000800406e                HAL_GPIO_WritePin
 *fill*         0x000000000800407a        0x2 
 .text.HAL_NVIC_SetPriorityGrouping
                0x000000000800407c       0x24 build/stm32f1xx_hal_cortex.o
                0x000000000800407c                HAL_NVIC_SetPriorityGrouping
 .text.HAL_NVIC_SetPriority
                0x00000000080040a0       0x68 build/stm32f1xx_hal_cortex.o
                0x00000000080040a0                HAL_NVIC_SetPriority
 .text.HAL_NVIC_EnableIRQ
                0x0000000008004108       0x18 build/stm32f1xx_hal_cortex.o
                0x0000000008004108                HAL_NVIC_EnableIRQ
 .text.HAL_SYSTICK_Config
                0x0000000008004120       0x2c build/stm32f1xx_hal_cortex.o
                0x0000000008004120                HAL_SYSTICK_Config
 .text.TIM_TI1_ConfigInputStage
                0x000000000800414c       0x24 build/stm32f1xx_hal_tim.o
 .text.TIM_TI2_ConfigInputStage
                0x0000000008004170       0x26 build/stm32f1xx_hal_tim.o
 .text.TIM_ITRx_SetConfig
                0x0000000008004196       0x10 build/stm32f1xx_hal_tim.o
 .text.TIM_ETR_SetConfig
                0x00000000080041a6       0x16 build/stm32f1xx_hal_tim.o
 .text.HAL_TIM_Base_Start_IT
                0x00000000080041bc       0x18 build/stm32f1xx_hal_tim.o
                0x00000000080041bc                HAL_TIM_Base_Start_IT
 .text.HAL_TIM_ConfigClockSource
                0x00000000080041d4      0x108 build/stm32f1xx_hal_tim.o
                0x00000000080041d4                HAL_TIM_ConfigClockSource
 .text.HAL_TIM_PeriodElapsedCallback
                0x00000000080042dc        0x2 build/stm32f1xx_hal_tim.o
                0x00000000080042dc                HAL_TIM_PeriodElapsedCallback
 .text.HAL_TIM_OC_DelayElapsedCallback
                0x00000000080042de        0x2 build/stm32f1xx_hal_tim.o
                0x00000000080042de                HAL_TIM_OC_DelayElapsedCallback
 .text.HAL_TIM_IC_CaptureCallback
                0x00000000080042e0        0x2 build/stm32f1xx_hal_tim.o
                0x00000000080042e0                HAL_TIM_IC_CaptureCallback
 .text.HAL_TIM_PWM_PulseFinishedCallback
                0x00000000080042e2        0x2 build/stm32f1xx_hal_tim.o
                0x00000000080042e2                HAL_TIM_PWM_PulseFinishedCallback
 .text.HAL_TIM_TriggerCallback
                0x00000000080042e4        0x2 build/stm32f1xx_hal_tim.o
                0x00000000080042e4                HAL_TIM_TriggerCallback
 .text.HAL_TIM_IRQHandler
                0x00000000080042e6      0x17a build/stm32f1xx_hal_tim.o
                0x00000000080042e6                HAL_TIM_IRQHandler
 .text.TIM_Base_SetConfig
                0x0000000008004460       0x84 build/stm32f1xx_hal_tim.o
                0x0000000008004460                TIM_Base_SetConfig
 .text.HAL_TIM_Base_Init
                0x00000000080044e4       0x32 build/stm32f1xx_hal_tim.o
                0x00000000080044e4                HAL_TIM_Base_Init
 .text.HAL_TIMEx_MasterConfigSynchronization
                0x0000000008004516       0x52 build/stm32f1xx_hal_tim_ex.o
                0x0000000008004516                HAL_TIMEx_MasterConfigSynchronization
 .text.HAL_TIMEx_CommutationCallback
                0x0000000008004568        0x2 build/stm32f1xx_hal_tim_ex.o
                0x0000000008004568                HAL_TIMEx_CommutationCallback
 .text.HAL_TIMEx_BreakCallback
                0x000000000800456a        0x2 build/stm32f1xx_hal_tim_ex.o
                0x000000000800456a                HAL_TIMEx_BreakCallback
 .text.UART_SetConfig
                0x000000000800456c      0x1ac build/stm32f1xx_hal_uart.o
 .text.UART_WaitOnFlagUntilTimeout
                0x0000000008004718       0x62 build/stm32f1xx_hal_uart.o
 .text.HAL_UART_Init
                0x000000000800477a       0x5e build/stm32f1xx_hal_uart.o
                0x000000000800477a                HAL_UART_Init
 .text.HAL_UART_Transmit
                0x00000000080047d8       0xe0 build/stm32f1xx_hal_uart.o
                0x00000000080047d8                HAL_UART_Transmit
 .text.SystemInit
                0x00000000080048b8       0x58 build/system_stm32f1xx.o
                0x00000000080048b8                SystemInit
 .text.disk_status
                0x0000000008004910       0x18 build/diskio.o
                0x0000000008004910                disk_status
 .text.disk_initialize
                0x0000000008004928       0x28 build/diskio.o
                0x0000000008004928                disk_initialize
 .text.disk_read
                0x0000000008004950       0x18 build/diskio.o
                0x0000000008004950                disk_read
 .text.disk_write
                0x0000000008004968       0x18 build/diskio.o
                0x0000000008004968                disk_write
 .text.disk_ioctl
                0x0000000008004980       0x18 build/diskio.o
                0x0000000008004980                disk_ioctl
 .text.mem_cpy  0x0000000008004998       0x14 build/ff.o
 .text.mem_set  0x00000000080049ac       0x10 build/ff.o
 .text.mem_cmp  0x00000000080049bc       0x22 build/ff.o
 .text.chk_chr  0x00000000080049de       0x10 build/ff.o
 *fill*         0x00000000080049ee        0x2 
 .text.chk_lock
                0x00000000080049f0       0x90 build/ff.o
 .text.enq_lock
                0x0000000008004a80       0x24 build/ff.o
 .text.inc_lock
                0x0000000008004aa4       0xe0 build/ff.o
 .text.dec_lock
                0x0000000008004b84       0x44 build/ff.o
 .text.clear_lock
                0x0000000008004bc8       0x34 build/ff.o
 .text.clmt_clust
                0x0000000008004bfc       0x36 build/ff.o
 .text.ld_clust
                0x0000000008004c32       0x24 build/ff.o
 .text.st_clust
                0x0000000008004c56       0x12 build/ff.o
 .text.pick_lfn
                0x0000000008004c68       0x74 build/ff.o
 .text.fit_lfn  0x0000000008004cdc       0x64 build/ff.o
 .text.gen_numname
                0x0000000008004d40       0xa0 build/ff.o
 .text.sum_sfn  0x0000000008004de0       0x1c build/ff.o
 .text.get_ldnumber
                0x0000000008004dfc       0x52 build/ff.o
 .text.sync_window
                0x0000000008004e4e       0x76 build/ff.o
 .text.move_window
                0x0000000008004ec4       0x3e build/ff.o
 *fill*         0x0000000008004f02        0x2 
 .text.check_fs
                0x0000000008004f04       0x94 build/ff.o
 .text.validate
                0x0000000008004f98       0x4e build/ff.o
 *fill*         0x0000000008004fe6        0x2 
 .text.find_volume
                0x0000000008004fe8      0x418 build/ff.o
 .text.sync_fs  0x0000000008005400       0xd6 build/ff.o
 *fill*         0x00000000080054d6        0x2 
 .text.create_name
                0x00000000080054d8      0x234 build/ff.o
 .text.get_fileinfo
                0x000000000800570c       0xf2 build/ff.o
 *fill*         0x00000000080057fe        0x2 
 .text.cmp_lfn  0x0000000008005800       0x8c build/ff.o
 .text.clust2sect
                0x000000000800588c       0x24 build/ff.o
                0x000000000800588c                clust2sect
 .text.get_fat  0x00000000080058b0      0x136 build/ff.o
                0x00000000080058b0                get_fat
 .text.dir_sdi  0x00000000080059e6       0xf6 build/ff.o
 .text.put_fat  0x0000000008005adc      0x182 build/ff.o
                0x0000000008005adc                put_fat
 .text.create_chain
                0x0000000008005c5e       0xdc build/ff.o
 .text.dir_next
                0x0000000008005d3a      0x19e build/ff.o
 .text.dir_find
                0x0000000008005ed8       0xfa build/ff.o
 .text.follow_path
                0x0000000008005fd2       0x94 build/ff.o
 .text.dir_alloc
                0x0000000008006066       0x5a build/ff.o
 .text.dir_register
                0x00000000080060c0      0x174 build/ff.o
 .text.dir_read
                0x0000000008006234       0xde build/ff.o
 .text.remove_chain
                0x0000000008006312       0x7c build/ff.o
 *fill*         0x000000000800638e        0x2 
 .text.f_mount  0x0000000008006390       0x64 build/ff.o
                0x0000000008006390                f_mount
 .text.f_open   0x00000000080063f4      0x22c build/ff.o
                0x00000000080063f4                f_open
 .text.f_read   0x0000000008006620      0x25e build/ff.o
                0x0000000008006620                f_read
 .text.f_sync   0x000000000800687e       0xda build/ff.o
                0x000000000800687e                f_sync
 .text.f_close  0x0000000008006958       0x36 build/ff.o
                0x0000000008006958                f_close
 *fill*         0x000000000800698e        0x2 
 .text.f_opendir
                0x0000000008006990       0xbc build/ff.o
                0x0000000008006990                f_opendir
 .text.f_closedir
                0x0000000008006a4c       0x2a build/ff.o
                0x0000000008006a4c                f_closedir
 *fill*         0x0000000008006a76        0x2 
 .text.f_readdir
                0x0000000008006a78       0x74 build/ff.o
                0x0000000008006a78                f_readdir
 .text.f_gets   0x0000000008006aec       0x54 build/ff.o
                0x0000000008006aec                f_gets
 .text.FATFS_LinkDriverEx
                0x0000000008006b40       0x4c build/ff_gen_drv.o
                0x0000000008006b40                FATFS_LinkDriverEx
 .text.FATFS_LinkDriver
                0x0000000008006b8c        0xa build/ff_gen_drv.o
                0x0000000008006b8c                FATFS_LinkDriver
 *fill*         0x0000000008006b96        0x2 
 .text.ff_convert
                0x0000000008006b98       0x38 build/ccsbcs.o
                0x0000000008006b98                ff_convert
 .text.ff_wtoupper
                0x0000000008006bd0       0x24 build/ccsbcs.o
                0x0000000008006bd0                ff_wtoupper
 .text.USBH_initialize
                0x0000000008006bf4        0x4 build/usbh_diskio.o
                0x0000000008006bf4                USBH_initialize
 .text.USBH_status
                0x0000000008006bf8       0x18 build/usbh_diskio.o
                0x0000000008006bf8                USBH_status
 .text.USBH_read
                0x0000000008006c10       0x4c build/usbh_diskio.o
                0x0000000008006c10                USBH_read
 .text.USBH_ioctl
                0x0000000008006c5c       0x68 build/usbh_diskio.o
                0x0000000008006c5c                USBH_ioctl
 .text.USBH_write
                0x0000000008006cc4       0x58 build/usbh_diskio.o
                0x0000000008006cc4                USBH_write
 .text.DeInitStateMachine
                0x0000000008006d1c       0x4c build/usbh_core.o
 .text.USBH_HandleSof
                0x0000000008006d68       0x1a build/usbh_core.o
 .text.USBH_HandleEnum
                0x0000000008006d82      0x16e build/usbh_core.o
 .text.USBH_Init
                0x0000000008006ef0       0x2e build/usbh_core.o
                0x0000000008006ef0                USBH_Init
 .text.USBH_RegisterClass
                0x0000000008006f1e       0x22 build/usbh_core.o
                0x0000000008006f1e                USBH_RegisterClass
 .text.USBH_SelectInterface
                0x0000000008006f40       0x14 build/usbh_core.o
                0x0000000008006f40                USBH_SelectInterface
 .text.USBH_FindInterface
                0x0000000008006f54       0x52 build/usbh_core.o
                0x0000000008006f54                USBH_FindInterface
 .text.USBH_Start
                0x0000000008006fa6       0x14 build/usbh_core.o
                0x0000000008006fa6                USBH_Start
 .text.USBH_Process
                0x0000000008006fba      0x192 build/usbh_core.o
                0x0000000008006fba                USBH_Process
 .text.USBH_LL_SetTimer
                0x000000000800714c        0x6 build/usbh_core.o
                0x000000000800714c                USBH_LL_SetTimer
 .text.USBH_LL_IncTimer
                0x0000000008007152       0x12 build/usbh_core.o
                0x0000000008007152                USBH_LL_IncTimer
 .text.USBH_LL_Connect
                0x0000000008007164       0x28 build/usbh_core.o
                0x0000000008007164                USBH_LL_Connect
 .text.USBH_LL_Disconnect
                0x000000000800718c       0x38 build/usbh_core.o
                0x000000000800718c                USBH_LL_Disconnect
 .text.USBH_ParseDevDesc
                0x00000000080071c4       0x5a build/usbh_ctlreq.o
 .text.USBH_ParseInterfaceDesc
                0x000000000800721e       0x26 build/usbh_ctlreq.o
 .text.USBH_ParseEPDesc
                0x0000000008007244       0x20 build/usbh_ctlreq.o
 .text.USBH_ParseStringDesc
                0x0000000008007264       0x3a build/usbh_ctlreq.o
 .text.USBH_HandleControl
                0x000000000800729e      0x1cc build/usbh_ctlreq.o
 .text.USBH_GetNextDesc
                0x000000000800746a        0xe build/usbh_ctlreq.o
                0x000000000800746a                USBH_GetNextDesc
 .text.USBH_ParseCfgDesc
                0x0000000008007478       0xca build/usbh_ctlreq.o
 .text.USBH_CtlReq
                0x0000000008007542       0x40 build/usbh_ctlreq.o
                0x0000000008007542                USBH_CtlReq
 .text.USBH_GetDescriptor
                0x0000000008007582       0x3c build/usbh_ctlreq.o
                0x0000000008007582                USBH_GetDescriptor
 .text.USBH_Get_DevDesc
                0x00000000080075be       0x32 build/usbh_ctlreq.o
                0x00000000080075be                USBH_Get_DevDesc
 .text.USBH_Get_CfgDesc
                0x00000000080075f0       0x32 build/usbh_ctlreq.o
                0x00000000080075f0                USBH_Get_CfgDesc
 .text.USBH_Get_StringDesc
                0x0000000008007622       0x30 build/usbh_ctlreq.o
                0x0000000008007622                USBH_Get_StringDesc
 .text.USBH_SetAddress
                0x0000000008007652       0x22 build/usbh_ctlreq.o
                0x0000000008007652                USBH_SetAddress
 .text.USBH_SetCfg
                0x0000000008007674       0x22 build/usbh_ctlreq.o
                0x0000000008007674                USBH_SetCfg
 .text.USBH_ClrFeature
                0x0000000008007696       0x24 build/usbh_ctlreq.o
                0x0000000008007696                USBH_ClrFeature
 .text.USBH_CtlSendSetup
                0x00000000080076ba       0x22 build/usbh_ioreq.o
                0x00000000080076ba                USBH_CtlSendSetup
 .text.USBH_CtlSendData
                0x00000000080076dc       0x2c build/usbh_ioreq.o
                0x00000000080076dc                USBH_CtlSendData
 .text.USBH_CtlReceiveData
                0x0000000008007708       0x20 build/usbh_ioreq.o
                0x0000000008007708                USBH_CtlReceiveData
 .text.USBH_BulkSendData
                0x0000000008007728       0x2c build/usbh_ioreq.o
                0x0000000008007728                USBH_BulkSendData
 .text.USBH_BulkReceiveData
                0x0000000008007754       0x20 build/usbh_ioreq.o
                0x0000000008007754                USBH_BulkReceiveData
 .text.USBH_GetFreePipe
                0x0000000008007774       0x26 build/usbh_pipes.o
 .text.USBH_OpenPipe
                0x000000000800779a       0x20 build/usbh_pipes.o
                0x000000000800779a                USBH_OpenPipe
 .text.USBH_ClosePipe
                0x00000000080077ba        0xa build/usbh_pipes.o
                0x00000000080077ba                USBH_ClosePipe
 .text.USBH_AllocPipe
                0x00000000080077c4       0x24 build/usbh_pipes.o
                0x00000000080077c4                USBH_AllocPipe
 .text.USBH_FreePipe
                0x00000000080077e8       0x16 build/usbh_pipes.o
                0x00000000080077e8                USBH_FreePipe
 .text.USBH_MSC_SOFProcess
                0x00000000080077fe        0x4 build/usbh_msc.o
 .text.USBH_MSC_Process
                0x0000000008007802      0x2a0 build/usbh_msc.o
 .text.USBH_MSC_ClassRequest
                0x0000000008007aa2       0x66 build/usbh_msc.o
 .text.USBH_MSC_InterfaceDeInit
                0x0000000008007b08       0x50 build/usbh_msc.o
 .text.USBH_MSC_InterfaceInit
                0x0000000008007b58      0x130 build/usbh_msc.o
 .text.USBH_MSC_RdWrProcess
                0x0000000008007c88       0xfc build/usbh_msc.o
 .text.USBH_MSC_UnitIsReady
                0x0000000008007d84       0x24 build/usbh_msc.o
                0x0000000008007d84                USBH_MSC_UnitIsReady
 .text.USBH_MSC_GetLUNInfo
                0x0000000008007da8       0x44 build/usbh_msc.o
                0x0000000008007da8                USBH_MSC_GetLUNInfo
 .text.USBH_MSC_Read
                0x0000000008007dec       0x94 build/usbh_msc.o
                0x0000000008007dec                USBH_MSC_Read
 .text.USBH_MSC_Write
                0x0000000008007e80       0x94 build/usbh_msc.o
                0x0000000008007e80                USBH_MSC_Write
 .text.USBH_MSC_DecodeCSW
                0x0000000008007f14       0x50 build/usbh_msc_bot.o
 .text.USBH_MSC_BOT_Abort
                0x0000000008007f64       0x22 build/usbh_msc_bot.o
 .text.USBH_MSC_BOT_REQ_Reset
                0x0000000008007f86       0x1a build/usbh_msc_bot.o
                0x0000000008007f86                USBH_MSC_BOT_REQ_Reset
 .text.USBH_MSC_BOT_REQ_GetMaxLUN
                0x0000000008007fa0       0x1a build/usbh_msc_bot.o
                0x0000000008007fa0                USBH_MSC_BOT_REQ_GetMaxLUN
 *fill*         0x0000000008007fba        0x2 
 .text.USBH_MSC_BOT_Init
                0x0000000008007fbc       0x24 build/usbh_msc_bot.o
                0x0000000008007fbc                USBH_MSC_BOT_Init
 .text.USBH_MSC_BOT_Process
                0x0000000008007fe0      0x262 build/usbh_msc_bot.o
                0x0000000008007fe0                USBH_MSC_BOT_Process
 .text.USBH_MSC_SCSI_TestUnitReady
                0x0000000008008242       0x4e build/usbh_msc_scsi.o
                0x0000000008008242                USBH_MSC_SCSI_TestUnitReady
 .text.USBH_MSC_SCSI_ReadCapacity
                0x0000000008008290       0x8e build/usbh_msc_scsi.o
                0x0000000008008290                USBH_MSC_SCSI_ReadCapacity
 .text.USBH_MSC_SCSI_Inquiry
                0x000000000800831e       0xcc build/usbh_msc_scsi.o
                0x000000000800831e                USBH_MSC_SCSI_Inquiry
 .text.USBH_MSC_SCSI_RequestSense
                0x00000000080083ea       0x94 build/usbh_msc_scsi.o
                0x00000000080083ea                USBH_MSC_SCSI_RequestSense
 .text.USBH_MSC_SCSI_Write
                0x000000000800847e       0x84 build/usbh_msc_scsi.o
                0x000000000800847e                USBH_MSC_SCSI_Write
 .text.USBH_MSC_SCSI_Read
                0x0000000008008502       0x86 build/usbh_msc_scsi.o
                0x0000000008008502                USBH_MSC_SCSI_Read
 .text.number   0x0000000008008588        0x4 build/Buffer_Gcode.o
 .text.sign     0x000000000800858c       0x14 build/Buffer_Gcode.o
 .text.distanceStartFastMove
                0x00000000080085a0       0x58 build/Buffer_Gcode.o
 .text.speedMaxFastMove
                0x00000000080085f8       0x96 build/Buffer_Gcode.o
 *fill*         0x000000000800868e        0x2 
 .text.createDescreteCommandBuffer_Gcode
                0x0000000008008690       0x50 build/Buffer_Gcode.o
                0x0000000008008690                createDescreteCommandBuffer_Gcode
 .text.addElementToDescreteCommandBuffer_Gcode
                0x00000000080086e0       0x8c build/Buffer_Gcode.o
                0x00000000080086e0                addElementToDescreteCommandBuffer_Gcode
 .text.getDescreteCommandBufferElement_Gcode
                0x000000000800876c       0x3c build/Buffer_Gcode.o
                0x000000000800876c                getDescreteCommandBufferElement_Gcode
 .text.conserveSpeedFinish
                0x00000000080087a8      0x108 build/Buffer_Gcode.o
 .text.createCommandBuffer_Gcode
                0x00000000080088b0       0x48 build/Buffer_Gcode.o
                0x00000000080088b0                createCommandBuffer_Gcode
 .text.getCommandBufferElement_Gcode
                0x00000000080088f8       0x40 build/Buffer_Gcode.o
                0x00000000080088f8                getCommandBufferElement_Gcode
 .text.lastCommand
                0x0000000008008938       0x1c build/Buffer_Gcode.o
 *fill*         0x0000000008008954        0x4 
 .text.conserveSpeedStart
                0x0000000008008958      0x100 build/Buffer_Gcode.o
 .text.firstInCommandBuffer_Gcode
                0x0000000008008a58       0x74 build/Buffer_Gcode.o
                0x0000000008008a58                firstInCommandBuffer_Gcode
 .text.MoveZ_Analyser
                0x0000000008008acc      0x338 build/Buffer_Gcode.o
 .text.MoveXY_Analyser
                0x0000000008008e04      0x840 build/Buffer_Gcode.o
 .text.MoveE_Analyser
                0x0000000008009644       0x94 build/Buffer_Gcode.o
 .text.HomeX_Analyser
                0x00000000080096d8      0x2d0 build/Buffer_Gcode.o
 .text.HomeY_Analyser
                0x00000000080099a8      0x2d0 build/Buffer_Gcode.o
 .text.HomeZ_Analyser
                0x0000000008009c78      0x2e8 build/Buffer_Gcode.o
 .text.HomeXY_Analyser
                0x0000000008009f60      0x3f0 build/Buffer_Gcode.o
 .text.SetExtrTemp_Analyser
                0x000000000800a350       0x42 build/Buffer_Gcode.o
 .text.SetBedTemp_Analyser
                0x000000000800a392       0x42 build/Buffer_Gcode.o
 .text.WaitExtrTemp_Analyser
                0x000000000800a3d4       0x42 build/Buffer_Gcode.o
 .text.WaitBedTemp_Analyser
                0x000000000800a416       0x42 build/Buffer_Gcode.o
 .text.firstOutCommandBuffer_Gcode
                0x000000000800a458       0x38 build/Buffer_Gcode.o
                0x000000000800a458                firstOutCommandBuffer_Gcode
 .text.eraseFirstCommandBuffer_Gcode
                0x000000000800a490       0x5c build/Buffer_Gcode.o
                0x000000000800a490                eraseFirstCommandBuffer_Gcode
 .text.checkFreeSpaceCommandBuffer_Gcode
                0x000000000800a4ec       0x34 build/Buffer_Gcode.o
                0x000000000800a4ec                checkFreeSpaceCommandBuffer_Gcode
 .text.enoghSpaceIsReservedCommandBuffer_Gcode
                0x000000000800a520       0x10 build/Buffer_Gcode.o
                0x000000000800a520                enoghSpaceIsReservedCommandBuffer_Gcode
 .text.descreteCommandAnalyser_Gcode
                0x000000000800a530      0x112 build/Buffer_Gcode.o
                0x000000000800a530                descreteCommandAnalyser_Gcode
 *fill*         0x000000000800a642        0x2 
 .text.setCommand
                0x000000000800a644       0x28 build/Descritization_Gcode.o
 .text.descreteSpeedXY
                0x000000000800a66c       0x18 build/Descritization_Gcode.o
 .text.descreteSpeedZ
                0x000000000800a684       0x18 build/Descritization_Gcode.o
 .text.descreteSpeedE
                0x000000000800a69c       0x18 build/Descritization_Gcode.o
 .text.descreteXY
                0x000000000800a6b4       0x14 build/Descritization_Gcode.o
 .text.descreteZ
                0x000000000800a6c8       0x14 build/Descritization_Gcode.o
 .text.descreteE
                0x000000000800a6dc       0x14 build/Descritization_Gcode.o
 .text.createDescretization_Gcode
                0x000000000800a6f0       0x48 build/Descritization_Gcode.o
                0x000000000800a6f0                createDescretization_Gcode
 .text.getDescreteCommand_Gcode
                0x000000000800a738       0x24 build/Descritization_Gcode.o
                0x000000000800a738                getDescreteCommand_Gcode
 .text.setDescreteCommand_Gcode
                0x000000000800a75c       0x7c build/Descritization_Gcode.o
                0x000000000800a75c                setDescreteCommand_Gcode
 .text.setCommand
                0x000000000800a7d8       0x68 build/GcodeConverter_Gcode.o
 .text.createGcodeConverter_Gcode
                0x000000000800a840       0x3c build/GcodeConverter_Gcode.o
                0x000000000800a840                createGcodeConverter_Gcode
 .text.getConvertedCommand_Gcode
                0x000000000800a87c       0x20 build/GcodeConverter_Gcode.o
                0x000000000800a87c                getConvertedCommand_Gcode
 .text.convertCommand_Gcode
                0x000000000800a89c      0x474 build/GcodeConverter_Gcode.o
                0x000000000800a89c                convertCommand_Gcode
 .text.sign     0x000000000800ad10       0x14 build/VirtualPrinters_Gcode.o
 .text.makeStepX_Gcode
                0x000000000800ad24       0x1c build/VirtualPrinters_Gcode.o
 .text.makeStepY_Gcode
                0x000000000800ad40       0x1c build/VirtualPrinters_Gcode.o
 .text.makeStepZ_Gcode
                0x000000000800ad5c       0x1c build/VirtualPrinters_Gcode.o
 .text.makeStepE_Gcode
                0x000000000800ad78       0x1c build/VirtualPrinters_Gcode.o
 .text.virtualPrintersCreate_Gcode
                0x000000000800ad94       0x44 build/VirtualPrinters_Gcode.o
                0x000000000800ad94                virtualPrintersCreate_Gcode
 .text.sendCommandToPrinter_Gcode
                0x000000000800add8       0xa0 build/VirtualPrinters_Gcode.o
                0x000000000800add8                sendCommandToPrinter_Gcode
 .text.moveComleted
                0x000000000800ae78       0x38 build/VirtualPrinters_Gcode.o
                0x000000000800ae78                moveComleted
 .text.evaluatePrinter_Gcode
                0x000000000800aeb0      0x1a4 build/VirtualPrinters_Gcode.o
                0x000000000800aeb0                evaluatePrinter_Gcode
 .text.convertCharacter_LCD
                0x000000000800b054      0xaa8 build/CharacterConverter_LCD.o
                0x000000000800b054                convertCharacter_LCD
 .text.first_line_DDRAM_address
                0x000000000800bafc       0x24 build/Driver_LCD.o
 .text.third_line_DDRAM_address
                0x000000000800bb20       0x24 build/Driver_LCD.o
 .text.second_line_DDRAM_address
                0x000000000800bb44       0x24 build/Driver_LCD.o
 .text.fourth_line_DDRAM_address
                0x000000000800bb68       0x24 build/Driver_LCD.o
 .text.char_2_data_LCD
                0x000000000800bb8c       0x84 build/Driver_LCD.o
 .text.clear_display_LCD
                0x000000000800bc10       0x58 build/Driver_LCD.o
                0x000000000800bc10                clear_display_LCD
 .text.return_home_LCD
                0x000000000800bc68       0x58 build/Driver_LCD.o
                0x000000000800bc68                return_home_LCD
 .text.set_dataLenght_numberOfLines_fontType_LCD
                0x000000000800bcc0       0x58 build/Driver_LCD.o
                0x000000000800bcc0                set_dataLenght_numberOfLines_fontType_LCD
 .text.set_do_not_display_cursor_LCD
                0x000000000800bd18       0x58 build/Driver_LCD.o
                0x000000000800bd18                set_do_not_display_cursor_LCD
 .text.set_cursor_moving_to_the_right_LCD
                0x000000000800bd70       0x58 build/Driver_LCD.o
                0x000000000800bd70                set_cursor_moving_to_the_right_LCD
 .text.move_to_line_LCD
                0x000000000800bdc8       0x6a build/Driver_LCD.o
                0x000000000800bdc8                move_to_line_LCD
 .text.write_character
                0x000000000800be32       0x40 build/Driver_LCD.o
                0x000000000800be32                write_character
 *fill*         0x000000000800be72        0x2 
 .text.RS_high_LCD
                0x000000000800be74       0x14 build/GPIOandTIM_LCD.o
                0x000000000800be74                RS_high_LCD
 .text.RS_low_LCD
                0x000000000800be88       0x14 build/GPIOandTIM_LCD.o
                0x000000000800be88                RS_low_LCD
 .text.RW_low_LCD
                0x000000000800be9c       0x14 build/GPIOandTIM_LCD.o
                0x000000000800be9c                RW_low_LCD
 .text.E_high_LCD
                0x000000000800beb0       0x14 build/GPIOandTIM_LCD.o
                0x000000000800beb0                E_high_LCD
 .text.E_low_LCD
                0x000000000800bec4       0x14 build/GPIOandTIM_LCD.o
                0x000000000800bec4                E_low_LCD
 .text.DB0_high_LCD
                0x000000000800bed8       0x14 build/GPIOandTIM_LCD.o
                0x000000000800bed8                DB0_high_LCD
 .text.DB0_low_LCD
                0x000000000800beec       0x14 build/GPIOandTIM_LCD.o
                0x000000000800beec                DB0_low_LCD
 .text.DB1_high_LCD
                0x000000000800bf00       0x14 build/GPIOandTIM_LCD.o
                0x000000000800bf00                DB1_high_LCD
 .text.DB1_low_LCD
                0x000000000800bf14       0x14 build/GPIOandTIM_LCD.o
                0x000000000800bf14                DB1_low_LCD
 .text.DB2_high_LCD
                0x000000000800bf28       0x14 build/GPIOandTIM_LCD.o
                0x000000000800bf28                DB2_high_LCD
 .text.DB2_low_LCD
                0x000000000800bf3c       0x14 build/GPIOandTIM_LCD.o
                0x000000000800bf3c                DB2_low_LCD
 .text.DB3_high_LCD
                0x000000000800bf50       0x14 build/GPIOandTIM_LCD.o
                0x000000000800bf50                DB3_high_LCD
 .text.DB3_low_LCD
                0x000000000800bf64       0x14 build/GPIOandTIM_LCD.o
                0x000000000800bf64                DB3_low_LCD
 .text.DB4_high_LCD
                0x000000000800bf78       0x14 build/GPIOandTIM_LCD.o
                0x000000000800bf78                DB4_high_LCD
 .text.DB4_low_LCD
                0x000000000800bf8c       0x14 build/GPIOandTIM_LCD.o
                0x000000000800bf8c                DB4_low_LCD
 .text.DB5_high_LCD
                0x000000000800bfa0       0x14 build/GPIOandTIM_LCD.o
                0x000000000800bfa0                DB5_high_LCD
 .text.DB5_low_LCD
                0x000000000800bfb4       0x14 build/GPIOandTIM_LCD.o
                0x000000000800bfb4                DB5_low_LCD
 .text.DB6_high_LCD
                0x000000000800bfc8       0x14 build/GPIOandTIM_LCD.o
                0x000000000800bfc8                DB6_high_LCD
 .text.DB6_low_LCD
                0x000000000800bfdc       0x14 build/GPIOandTIM_LCD.o
                0x000000000800bfdc                DB6_low_LCD
 .text.DB7_high_LCD
                0x000000000800bff0       0x14 build/GPIOandTIM_LCD.o
                0x000000000800bff0                DB7_high_LCD
 .text.DB7_low_LCD
                0x000000000800c004       0x14 build/GPIOandTIM_LCD.o
                0x000000000800c004                DB7_low_LCD
 .text.Ready_LCD
                0x000000000800c018        0xc build/GPIOandTIM_LCD.o
                0x000000000800c018                Ready_LCD
 .text.wrongInterfaceLine_LCD
                0x000000000800c024       0x14 build/Interface_LCD.o
 .text.create_LCD
                0x000000000800c038       0x18 build/Interface_LCD.o
                0x000000000800c038                create_LCD
 .text.printLine_LCD
                0x000000000800c050       0x32 build/Interface_LCD.o
                0x000000000800c050                printLine_LCD
 .text.lineNumber
                0x000000000800c082        0x4 build/TextConverter_LCD.o
 .text.wrongLine
                0x000000000800c086       0x14 build/TextConverter_LCD.o
 *fill*         0x000000000800c09a        0x2 
 .text.create_TextConverter_LCD
                0x000000000800c09c       0x34 build/TextConverter_LCD.o
                0x000000000800c09c                create_TextConverter_LCD
 .text.putLine_TextConverter_LCD
                0x000000000800c0d0       0x6c build/TextConverter_LCD.o
                0x000000000800c0d0                putLine_TextConverter_LCD
 .text.updateLine_TextConverter_LCD
                0x000000000800c13c       0x28 build/TextConverter_LCD.o
                0x000000000800c13c                updateLine_TextConverter_LCD
 .text.createFirstNode_Menu
                0x000000000800c164       0x50 build/Constructor_Menu.o
                0x000000000800c164                createFirstNode_Menu
 .text.createRightNode_Menu
                0x000000000800c1b4       0x78 build/Constructor_Menu.o
                0x000000000800c1b4                createRightNode_Menu
 .text.createDownNode_Menu
                0x000000000800c22c       0x7c build/Constructor_Menu.o
                0x000000000800c22c                createDownNode_Menu
 .text.destroyRightNode_Menu
                0x000000000800c2a8       0x1c build/Constructor_Menu.o
                0x000000000800c2a8                destroyRightNode_Menu
 .text.getCurrentNode_Menu
                0x000000000800c2c4        0xc build/Constructor_Menu.o
                0x000000000800c2c4                getCurrentNode_Menu
 .text.getTitle_Menu
                0x000000000800c2d0        0xc build/Constructor_Menu.o
                0x000000000800c2d0                getTitle_Menu
 .text.getName_Menu
                0x000000000800c2dc        0xc build/Constructor_Menu.o
                0x000000000800c2dc                getName_Menu
 .text.ThereIsNodeBelow_Menu
                0x000000000800c2e8       0x14 build/Constructor_Menu.o
                0x000000000800c2e8                ThereIsNodeBelow_Menu
 .text.ThereIsNodeAbove_Menu
                0x000000000800c2fc       0x14 build/Constructor_Menu.o
                0x000000000800c2fc                ThereIsNodeAbove_Menu
 .text.moveDown_Menu
                0x000000000800c310       0x14 build/Constructor_Menu.o
                0x000000000800c310                moveDown_Menu
 .text.moveUp_Menu
                0x000000000800c324       0x14 build/Constructor_Menu.o
                0x000000000800c324                moveUp_Menu
 .text.moveRight_Menu
                0x000000000800c338       0x14 build/Constructor_Menu.o
                0x000000000800c338                moveRight_Menu
 .text.moveLeft_Menu
                0x000000000800c34c       0x14 build/Constructor_Menu.o
                0x000000000800c34c                moveLeft_Menu
 .text.moveToTheFirstNode_Menu
                0x000000000800c360       0x2c build/Constructor_Menu.o
                0x000000000800c360                moveToTheFirstNode_Menu
 .text.setFunctionOk
                0x000000000800c38c       0x10 build/Constructor_Menu.o
                0x000000000800c38c                setFunctionOk
 .text.setFunctionBack
                0x000000000800c39c       0x10 build/Constructor_Menu.o
                0x000000000800c39c                setFunctionBack
 .text.setFunctionUp
                0x000000000800c3ac       0x10 build/Constructor_Menu.o
                0x000000000800c3ac                setFunctionUp
 .text.setFunctionDown
                0x000000000800c3bc       0x10 build/Constructor_Menu.o
                0x000000000800c3bc                setFunctionDown
 .text.setMainMenu_Menu
                0x000000000800c3cc      0x16c build/MainMenu_Menu.o
                0x000000000800c3cc                setMainMenu_Menu
 .text.openDirectory_Menu
                0x000000000800c538        0x2 build/FunctionsForButtons.o
                0x000000000800c538                openDirectory_Menu
 *fill*         0x000000000800c53a        0x2 
 .text.wchar_t2TCHAR
                0x000000000800c53c      0x4a8 build/FunctionsForButtons.o
 .text.getFileNameTCHAR
                0x000000000800c9e4       0x20 build/FunctionsForButtons.o
 .text.simpleNavigationDown_Menu
                0x000000000800ca04       0xe8 build/FunctionsForButtons.o
                0x000000000800ca04                simpleNavigationDown_Menu
 .text.simpleNavigationUp_Menu
                0x000000000800caec       0xa4 build/FunctionsForButtons.o
                0x000000000800caec                simpleNavigationUp_Menu
 .text.returnFirstLine
                0x000000000800cb90       0x14 build/FunctionsForButtons.o
 .text.simpleNavigationBack_Menu
                0x000000000800cba4      0x11c build/FunctionsForButtons.o
                0x000000000800cba4                simpleNavigationBack_Menu
 .text.GcodeFormat
                0x000000000800ccc0       0x1c build/FunctionsForButtons.o
 .text.wait     0x000000000800ccdc        0xc build/FunctionsForButtons.o
 .text.runGcode_Menu
                0x000000000800cce8       0xf0 build/FunctionsForButtons.o
                0x000000000800cce8                runGcode_Menu
 .text.simpleNavigationOk_Menu
                0x000000000800cdd8       0xb4 build/FunctionsForButtons.o
                0x000000000800cdd8                simpleNavigationOk_Menu
 .text.printOk_Menu
                0x000000000800ce8c      0x1a0 build/FunctionsForButtons.o
                0x000000000800ce8c                printOk_Menu
 .text.changeFilamentOk_Menu
                0x000000000800d02c        0x8 build/FunctionsForButtons.o
                0x000000000800d02c                changeFilamentOk_Menu
 .text.setTheTemperatureOk_Menu
                0x000000000800d034        0x2 build/FunctionsForButtons.o
                0x000000000800d034                setTheTemperatureOk_Menu
 .text.setTheTemperatureBack_Menu
                0x000000000800d036        0x8 build/FunctionsForButtons.o
                0x000000000800d036                setTheTemperatureBack_Menu
 .text.setTheTemperatureUp_Menu
                0x000000000800d03e        0x2 build/FunctionsForButtons.o
                0x000000000800d03e                setTheTemperatureUp_Menu
 .text.setTheTemperatureDown_Menu
                0x000000000800d040        0x2 build/FunctionsForButtons.o
                0x000000000800d040                setTheTemperatureDown_Menu
 .text.englishOk_Menu
                0x000000000800d042        0x2 build/FunctionsForButtons.o
                0x000000000800d042                englishOk_Menu
 .text.russianOk_Menu
                0x000000000800d044        0x2 build/FunctionsForButtons.o
                0x000000000800d044                russianOk_Menu
 .text.helpOk_Menu
                0x000000000800d046        0x2 build/FunctionsForButtons.o
                0x000000000800d046                helpOk_Menu
 .text.helpBack_Menu
                0x000000000800d048        0x2 build/FunctionsForButtons.o
                0x000000000800d048                helpBack_Menu
 .text.emptyFunction_Menu
                0x000000000800d04a        0x2 build/FunctionsForButtons.o
                0x000000000800d04a                emptyFunction_Menu
 .text.doStepX_Motors
                0x000000000800d04c       0x28 build/Driver_Motors.o
                0x000000000800d04c                doStepX_Motors
 .text.doStepY_Motors
                0x000000000800d074       0x28 build/Driver_Motors.o
                0x000000000800d074                doStepY_Motors
 .text.doStepZ_Motors
                0x000000000800d09c       0x28 build/Driver_Motors.o
                0x000000000800d09c                doStepZ_Motors
 .text.doStepE_Motors
                0x000000000800d0c4       0x28 build/Driver_Motors.o
                0x000000000800d0c4                doStepE_Motors
 .text.evaluate_Motors
                0x000000000800d0ec       0xe8 build/Driver_Motors.o
                0x000000000800d0ec                evaluate_Motors
 .text.ForwardX_Motors
                0x000000000800d1d4       0x18 build/GPIO_Motors.o
                0x000000000800d1d4                ForwardX_Motors
 .text.BackwardX_Motors
                0x000000000800d1ec       0x18 build/GPIO_Motors.o
                0x000000000800d1ec                BackwardX_Motors
 .text.StepOnX_Motors
                0x000000000800d204       0x14 build/GPIO_Motors.o
                0x000000000800d204                StepOnX_Motors
 .text.StepOffX_Motors
                0x000000000800d218       0x14 build/GPIO_Motors.o
                0x000000000800d218                StepOffX_Motors
 .text.ForwardY_Motors
                0x000000000800d22c       0x18 build/GPIO_Motors.o
                0x000000000800d22c                ForwardY_Motors
 .text.BackwardY_Motors
                0x000000000800d244       0x18 build/GPIO_Motors.o
                0x000000000800d244                BackwardY_Motors
 .text.StepOnY_Motors
                0x000000000800d25c       0x14 build/GPIO_Motors.o
                0x000000000800d25c                StepOnY_Motors
 .text.StepOffY_Motors
                0x000000000800d270       0x14 build/GPIO_Motors.o
                0x000000000800d270                StepOffY_Motors
 .text.ForwardZ_Motors
                0x000000000800d284       0x28 build/GPIO_Motors.o
                0x000000000800d284                ForwardZ_Motors
 .text.BackwardZ_Motors
                0x000000000800d2ac       0x28 build/GPIO_Motors.o
                0x000000000800d2ac                BackwardZ_Motors
 .text.StepOnZ_Motors
                0x000000000800d2d4       0x24 build/GPIO_Motors.o
                0x000000000800d2d4                StepOnZ_Motors
 .text.StepOffZ_Motors
                0x000000000800d2f8       0x24 build/GPIO_Motors.o
                0x000000000800d2f8                StepOffZ_Motors
 .text.createState_USBdrive
                0x000000000800d31c        0xc build/State_USBdrive.o
                0x000000000800d31c                createState_USBdrive
 .text.setState_USBdrive
                0x000000000800d328        0xc build/State_USBdrive.o
                0x000000000800d328                setState_USBdrive
 .text.getState_USBdrive
                0x000000000800d334        0xc build/State_USBdrive.o
                0x000000000800d334                getState_USBdrive
 .text.TCHAR2wchar_t
                0x000000000800d340      0x3a0 build/Driver_USBdrive.o
 .text.convertLongNameToWideLongName
                0x000000000800d6e0       0x40 build/Driver_USBdrive.o
 .text.createDriver_USBdrive
                0x000000000800d720       0x30 build/Driver_USBdrive.o
                0x000000000800d720                createDriver_USBdrive
 .text.mount_USBdrive
                0x000000000800d750       0x40 build/Driver_USBdrive.o
                0x000000000800d750                mount_USBdrive
 .text.unmount_USBdrive
                0x000000000800d790       0x48 build/Driver_USBdrive.o
                0x000000000800d790                unmount_USBdrive
 .text.getMountedStatus
                0x000000000800d7d8        0xc build/Driver_USBdrive.o
                0x000000000800d7d8                getMountedStatus
 .text.getPath_USBdrive
                0x000000000800d7e4        0x8 build/Driver_USBdrive.o
                0x000000000800d7e4                getPath_USBdrive
 .text.openDirectory_USBdrive
                0x000000000800d7ec       0x3c build/Driver_USBdrive.o
                0x000000000800d7ec                openDirectory_USBdrive
 .text.readItem_USBdrive
                0x000000000800d828       0x20 build/Driver_USBdrive.o
                0x000000000800d828                readItem_USBdrive
 .text.getName_USBdrive
                0x000000000800d848        0x8 build/Driver_USBdrive.o
                0x000000000800d848                getName_USBdrive
 .text.getWideLongName_USBdrive
                0x000000000800d850       0x18 build/Driver_USBdrive.o
                0x000000000800d850                getWideLongName_USBdrive
 .text.getItemType_USBdrive
                0x000000000800d868       0x24 build/Driver_USBdrive.o
                0x000000000800d868                getItemType_USBdrive
 .text.openFile_USBdrive
                0x000000000800d88c       0x28 build/Driver_USBdrive.o
                0x000000000800d88c                openFile_USBdrive
 .text.getStringFromFile_USBdrive
                0x000000000800d8b4       0x2c build/Driver_USBdrive.o
                0x000000000800d8b4                getStringFromFile_USBdrive
 .text.endOfFile_USBdrive
                0x000000000800d8e0       0x20 build/Driver_USBdrive.o
                0x000000000800d8e0                endOfFile_USBdrive
 .text.create_coordinates
                0x000000000800d900       0x24 build/coordinates.o
                0x000000000800d900                create_coordinates
 .text.getX_coordinates
                0x000000000800d924        0xc build/coordinates.o
                0x000000000800d924                getX_coordinates
 .text.getY_coordinates
                0x000000000800d930        0xc build/coordinates.o
                0x000000000800d930                getY_coordinates
 .text.getZ_coordinates
                0x000000000800d93c        0xc build/coordinates.o
                0x000000000800d93c                getZ_coordinates
 .text.getE_coordinates
                0x000000000800d948        0xc build/coordinates.o
                0x000000000800d948                getE_coordinates
 .text.incX_coordinates
                0x000000000800d954       0x10 build/coordinates.o
                0x000000000800d954                incX_coordinates
 .text.incY_coordinates
                0x000000000800d964       0x10 build/coordinates.o
                0x000000000800d964                incY_coordinates
 .text.incZ_coordinates
                0x000000000800d974       0x10 build/coordinates.o
                0x000000000800d974                incZ_coordinates
 .text.decX_coordinates
                0x000000000800d984       0x10 build/coordinates.o
                0x000000000800d984                decX_coordinates
 .text.decY_coordinates
                0x000000000800d994       0x10 build/coordinates.o
                0x000000000800d994                decY_coordinates
 .text.decZ_coordinates
                0x000000000800d9a4       0x10 build/coordinates.o
                0x000000000800d9a4                decZ_coordinates
 .text.Reset_Handler
                0x000000000800d9b4       0x44 build/startup_stm32f105xc.o
                0x000000000800d9b4                Reset_Handler
 .text.Default_Handler
                0x000000000800d9f8        0x2 build/startup_stm32f105xc.o
                0x000000000800d9f8                RTC_Alarm_IRQHandler
                0x000000000800d9f8                EXTI2_IRQHandler
                0x000000000800d9f8                TIM1_CC_IRQHandler
                0x000000000800d9f8                TIM6_IRQHandler
                0x000000000800d9f8                PVD_IRQHandler
                0x000000000800d9f8                CAN2_RX1_IRQHandler
                0x000000000800d9f8                EXTI3_IRQHandler
                0x000000000800d9f8                EXTI0_IRQHandler
                0x000000000800d9f8                I2C2_EV_IRQHandler
                0x000000000800d9f8                CAN1_RX0_IRQHandler
                0x000000000800d9f8                CAN2_SCE_IRQHandler
                0x000000000800d9f8                ADC1_2_IRQHandler
                0x000000000800d9f8                SPI1_IRQHandler
                0x000000000800d9f8                TAMPER_IRQHandler
                0x000000000800d9f8                CAN2_RX0_IRQHandler
                0x000000000800d9f8                DMA2_Channel2_IRQHandler
                0x000000000800d9f8                DMA1_Channel4_IRQHandler
                0x000000000800d9f8                USART3_IRQHandler
                0x000000000800d9f8                RTC_IRQHandler
                0x000000000800d9f8                DMA1_Channel7_IRQHandler
                0x000000000800d9f8                CAN1_RX1_IRQHandler
                0x000000000800d9f8                UART5_IRQHandler
                0x000000000800d9f8                DMA2_Channel1_IRQHandler
                0x000000000800d9f8                I2C1_EV_IRQHandler
                0x000000000800d9f8                DMA1_Channel6_IRQHandler
                0x000000000800d9f8                UART4_IRQHandler
                0x000000000800d9f8                DMA2_Channel4_IRQHandler
                0x000000000800d9f8                RCC_IRQHandler
                0x000000000800d9f8                TIM1_TRG_COM_IRQHandler
                0x000000000800d9f8                DMA1_Channel1_IRQHandler
                0x000000000800d9f8                Default_Handler
                0x000000000800d9f8                EXTI15_10_IRQHandler
                0x000000000800d9f8                TIM7_IRQHandler
                0x000000000800d9f8                CAN2_TX_IRQHandler
                0x000000000800d9f8                EXTI9_5_IRQHandler
                0x000000000800d9f8                SPI2_IRQHandler
                0x000000000800d9f8                CAN1_TX_IRQHandler
                0x000000000800d9f8                DMA2_Channel5_IRQHandler
                0x000000000800d9f8                DMA1_Channel5_IRQHandler
                0x000000000800d9f8                EXTI4_IRQHandler
                0x000000000800d9f8                DMA1_Channel3_IRQHandler
                0x000000000800d9f8                TIM1_UP_IRQHandler
                0x000000000800d9f8                WWDG_IRQHandler
                0x000000000800d9f8                OTG_FS_WKUP_IRQHandler
                0x000000000800d9f8                TIM1_BRK_IRQHandler
                0x000000000800d9f8                EXTI1_IRQHandler
                0x000000000800d9f8                USART2_IRQHandler
                0x000000000800d9f8                I2C2_ER_IRQHandler
                0x000000000800d9f8                DMA1_Channel2_IRQHandler
                0x000000000800d9f8                CAN1_SCE_IRQHandler
                0x000000000800d9f8                FLASH_IRQHandler
                0x000000000800d9f8                USART1_IRQHandler
                0x000000000800d9f8                SPI3_IRQHandler
                0x000000000800d9f8                I2C1_ER_IRQHandler
                0x000000000800d9f8                DMA2_Channel3_IRQHandler
 .text.atof     0x000000000800d9fa        0x6 /usr/bin/../lib/gcc/arm-none-eabi/7.3.1/../../../../arm-none-eabi/lib/thumb/v7-m/libc_nano.a(lib_a-atof.o)
                0x000000000800d9fa                atof
 .text.atoi     0x000000000800da00        0x8 /usr/bin/../lib/gcc/arm-none-eabi/7.3.1/../../../../arm-none-eabi/lib/thumb/v7-m/libc_nano.a(lib_a-atoi.o)
                0x000000000800da00                atoi
 .text.malloc   0x000000000800da08       0x10 /usr/bin/../lib/gcc/arm-none-eabi/7.3.1/../../../../arm-none-eabi/lib/thumb/v7-m/libc_nano.a(lib_a-malloc.o)
                0x000000000800da08                malloc
 .text.free     0x000000000800da18       0x10 /usr/bin/../lib/gcc/arm-none-eabi/7.3.1/../../../../arm-none-eabi/lib/thumb/v7-m/libc_nano.a(lib_a-malloc.o)
                0x000000000800da18                free
 .text.memset   0x000000000800da28       0x10 /usr/bin/../lib/gcc/arm-none-eabi/7.3.1/../../../../arm-none-eabi/lib/thumb/v7-m/libc_nano.a(lib_a-memset.o)
                0x000000000800da28                memset
 .text._free_r  0x000000000800da38       0x98 /usr/bin/../lib/gcc/arm-none-eabi/7.3.1/../../../../arm-none-eabi/lib/thumb/v7-m/libc_nano.a(lib_a-nano-freer.o)
                0x000000000800da38                _free_r
 .text._malloc_r
                0x000000000800dad0       0xb4 /usr/bin/../lib/gcc/arm-none-eabi/7.3.1/../../../../arm-none-eabi/lib/thumb/v7-m/libc_nano.a(lib_a-nano-mallocr.o)
                0x000000000800dad0                _malloc_r
 .text.printf   0x000000000800db84       0x30 /usr/bin/../lib/gcc/arm-none-eabi/7.3.1/../../../../arm-none-eabi/lib/thumb/v7-m/libc_nano.a(lib_a-printf.o)
                0x000000000800db84                printf
                0x000000000800db84                iprintf
 .text._sbrk_r  0x000000000800dbb4       0x20 /usr/bin/../lib/gcc/arm-none-eabi/7.3.1/../../../../arm-none-eabi/lib/thumb/v7-m/libc_nano.a(lib_a-sbrkr.o)
                0x000000000800dbb4                _sbrk_r
 .text.sprintf  0x000000000800dbd4       0x40 /usr/bin/../lib/gcc/arm-none-eabi/7.3.1/../../../../arm-none-eabi/lib/thumb/v7-m/libc_nano.a(lib_a-sprintf.o)
                0x000000000800dbd4                sprintf
                0x000000000800dbd4                siprintf
 .text.strchr   0x000000000800dc14       0x1a /usr/bin/../lib/gcc/arm-none-eabi/7.3.1/../../../../arm-none-eabi/lib/thumb/v7-m/libc_nano.a(lib_a-strchr.o)
                0x000000000800dc14                strchr
 .text.strcpy   0x000000000800dc2e       0x10 /usr/bin/../lib/gcc/arm-none-eabi/7.3.1/../../../../arm-none-eabi/lib/thumb/v7-m/libc_nano.a(lib_a-strcpy.o)
                0x000000000800dc2e                strcpy
 .text.unlikely.sulp
                0x000000000800dc3e       0x42 /usr/bin/../lib/gcc/arm-none-eabi/7.3.1/../../../../arm-none-eabi/lib/thumb/v7-m/libc_nano.a(lib_a-strtod.o)
 .text._strtod_l
                0x000000000800dc80      0xc00 /usr/bin/../lib/gcc/arm-none-eabi/7.3.1/../../../../arm-none-eabi/lib/thumb/v7-m/libc_nano.a(lib_a-strtod.o)
                0x000000000800dc80                _strtod_l
 .text.strtod   0x000000000800e880       0x24 /usr/bin/../lib/gcc/arm-none-eabi/7.3.1/../../../../arm-none-eabi/lib/thumb/v7-m/libc_nano.a(lib_a-strtod.o)
                0x000000000800e880                strtod
 .text._strtol_l.isra.0
                0x000000000800e8a4       0xf6 /usr/bin/../lib/gcc/arm-none-eabi/7.3.1/../../../../arm-none-eabi/lib/thumb/v7-m/libc_nano.a(lib_a-strtol.o)
 *fill*         0x000000000800e99a        0x2 
 .text.strtol   0x000000000800e99c       0x2c /usr/bin/../lib/gcc/arm-none-eabi/7.3.1/../../../../arm-none-eabi/lib/thumb/v7-m/libc_nano.a(lib_a-strtol.o)
                0x000000000800e99c                strtol
 .text.swprintf
                0x000000000800e9c8       0x6c /usr/bin/../lib/gcc/arm-none-eabi/7.3.1/../../../../arm-none-eabi/lib/thumb/v7-m/libc_nano.a(lib_a-swprintf.o)
                0x000000000800e9c8                swprintf
 .text.wcscpy   0x000000000800ea34       0x18 /usr/bin/../lib/gcc/arm-none-eabi/7.3.1/../../../../arm-none-eabi/lib/thumb/v7-m/libc_nano.a(lib_a-wcscpy.o)
                0x000000000800ea34                wcscpy
 .text.wcslen   0x000000000800ea4c       0x12 /usr/bin/../lib/gcc/arm-none-eabi/7.3.1/../../../../arm-none-eabi/lib/thumb/v7-m/libc_nano.a(lib_a-wcslen.o)
                0x000000000800ea4c                wcslen
 .text.wcsstr   0x000000000800ea5e       0x48 /usr/bin/../lib/gcc/arm-none-eabi/7.3.1/../../../../arm-none-eabi/lib/thumb/v7-m/libc_nano.a(lib_a-wcsstr.o)
                0x000000000800ea5e                wcsstr
 .text.wmemcpy  0x000000000800eaa6        0x6 /usr/bin/../lib/gcc/arm-none-eabi/7.3.1/../../../../arm-none-eabi/lib/thumb/v7-m/libc_nano.a(lib_a-wmemcpy.o)
                0x000000000800eaa6                wmemcpy
 .text.std      0x000000000800eaac       0x48 /usr/bin/../lib/gcc/arm-none-eabi/7.3.1/../../../../arm-none-eabi/lib/thumb/v7-m/libc_nano.a(lib_a-findfp.o)
 .text._cleanup_r
                0x000000000800eaf4        0xc /usr/bin/../lib/gcc/arm-none-eabi/7.3.1/../../../../arm-none-eabi/lib/thumb/v7-m/libc_nano.a(lib_a-findfp.o)
                0x000000000800eaf4                _cleanup_r
 .text.__sfmoreglue
                0x000000000800eb00       0x2c /usr/bin/../lib/gcc/arm-none-eabi/7.3.1/../../../../arm-none-eabi/lib/thumb/v7-m/libc_nano.a(lib_a-findfp.o)
                0x000000000800eb00                __sfmoreglue
 .text.__sinit  0x000000000800eb2c       0x60 /usr/bin/../lib/gcc/arm-none-eabi/7.3.1/../../../../arm-none-eabi/lib/thumb/v7-m/libc_nano.a(lib_a-findfp.o)
                0x000000000800eb2c                __sinit
 .text.__sfp    0x000000000800eb8c       0x78 /usr/bin/../lib/gcc/arm-none-eabi/7.3.1/../../../../arm-none-eabi/lib/thumb/v7-m/libc_nano.a(lib_a-findfp.o)
                0x000000000800eb8c                __sfp
 .text._fwalk_reent
                0x000000000800ec04       0x3c /usr/bin/../lib/gcc/arm-none-eabi/7.3.1/../../../../arm-none-eabi/lib/thumb/v7-m/libc_nano.a(lib_a-fwalk.o)
                0x000000000800ec04                _fwalk_reent
 .text.rshift   0x000000000800ec40       0x76 /usr/bin/../lib/gcc/arm-none-eabi/7.3.1/../../../../arm-none-eabi/lib/thumb/v7-m/libc_nano.a(lib_a-gdtoa-gethex.o)
 .text.__hexdig_fun
                0x000000000800ecb6       0x2a /usr/bin/../lib/gcc/arm-none-eabi/7.3.1/../../../../arm-none-eabi/lib/thumb/v7-m/libc_nano.a(lib_a-gdtoa-gethex.o)
                0x000000000800ecb6                __hexdig_fun
 .text.__gethex
                0x000000000800ece0      0x444 /usr/bin/../lib/gcc/arm-none-eabi/7.3.1/../../../../arm-none-eabi/lib/thumb/v7-m/libc_nano.a(lib_a-gdtoa-gethex.o)
                0x000000000800ece0                __gethex
 .text.L_shift  0x000000000800f124       0x24 /usr/bin/../lib/gcc/arm-none-eabi/7.3.1/../../../../arm-none-eabi/lib/thumb/v7-m/libc_nano.a(lib_a-gdtoa-hexnan.o)
 .text.__match  0x000000000800f148       0x28 /usr/bin/../lib/gcc/arm-none-eabi/7.3.1/../../../../arm-none-eabi/lib/thumb/v7-m/libc_nano.a(lib_a-gdtoa-hexnan.o)
                0x000000000800f148                __match
 .text.__hexnan
                0x000000000800f170      0x120 /usr/bin/../lib/gcc/arm-none-eabi/7.3.1/../../../../arm-none-eabi/lib/thumb/v7-m/libc_nano.a(lib_a-gdtoa-hexnan.o)
                0x000000000800f170                __hexnan
 .text.__locale_ctype_ptr_l
                0x000000000800f290        0x6 /usr/bin/../lib/gcc/arm-none-eabi/7.3.1/../../../../arm-none-eabi/lib/thumb/v7-m/libc_nano.a(lib_a-locale.o)
                0x000000000800f290                __locale_ctype_ptr_l
 .text.__localeconv_l
                0x000000000800f296        0x4 /usr/bin/../lib/gcc/arm-none-eabi/7.3.1/../../../../arm-none-eabi/lib/thumb/v7-m/libc_nano.a(lib_a-localeconv.o)
                0x000000000800f296                __localeconv_l
 *fill*         0x000000000800f29a        0x2 
 .text._localeconv_r
                0x000000000800f29c       0x1c /usr/bin/../lib/gcc/arm-none-eabi/7.3.1/../../../../arm-none-eabi/lib/thumb/v7-m/libc_nano.a(lib_a-localeconv.o)
                0x000000000800f29c                _localeconv_r
 .text.__ascii_mbtowc
                0x000000000800f2b8       0x24 /usr/bin/../lib/gcc/arm-none-eabi/7.3.1/../../../../arm-none-eabi/lib/thumb/v7-m/libc_nano.a(lib_a-mbtowc_r.o)
                0x000000000800f2b8                __ascii_mbtowc
 .text.memcpy   0x000000000800f2dc       0x16 /usr/bin/../lib/gcc/arm-none-eabi/7.3.1/../../../../arm-none-eabi/lib/thumb/v7-m/libc_nano.a(lib_a-memcpy-stub.o)
                0x000000000800f2dc                memcpy
 .text.__malloc_lock
                0x000000000800f2f2        0x2 /usr/bin/../lib/gcc/arm-none-eabi/7.3.1/../../../../arm-none-eabi/lib/thumb/v7-m/libc_nano.a(lib_a-mlock.o)
                0x000000000800f2f2                __malloc_lock
 .text.__malloc_unlock
                0x000000000800f2f4        0x2 /usr/bin/../lib/gcc/arm-none-eabi/7.3.1/../../../../arm-none-eabi/lib/thumb/v7-m/libc_nano.a(lib_a-mlock.o)
                0x000000000800f2f4                __malloc_unlock
 .text._Balloc  0x000000000800f2f6       0x68 /usr/bin/../lib/gcc/arm-none-eabi/7.3.1/../../../../arm-none-eabi/lib/thumb/v7-m/libc_nano.a(lib_a-mprec.o)
                0x000000000800f2f6                _Balloc
 .text._Bfree   0x000000000800f35e       0x2e /usr/bin/../lib/gcc/arm-none-eabi/7.3.1/../../../../arm-none-eabi/lib/thumb/v7-m/libc_nano.a(lib_a-mprec.o)
                0x000000000800f35e                _Bfree
 .text.__multadd
                0x000000000800f38c       0x76 /usr/bin/../lib/gcc/arm-none-eabi/7.3.1/../../../../arm-none-eabi/lib/thumb/v7-m/libc_nano.a(lib_a-mprec.o)
                0x000000000800f38c                __multadd
 .text.__s2b    0x000000000800f402       0x7c /usr/bin/../lib/gcc/arm-none-eabi/7.3.1/../../../../arm-none-eabi/lib/thumb/v7-m/libc_nano.a(lib_a-mprec.o)
                0x000000000800f402                __s2b
 .text.__hi0bits
                0x000000000800f47e       0x3e /usr/bin/../lib/gcc/arm-none-eabi/7.3.1/../../../../arm-none-eabi/lib/thumb/v7-m/libc_nano.a(lib_a-mprec.o)
                0x000000000800f47e                __hi0bits
 .text.__lo0bits
                0x000000000800f4bc       0x5e /usr/bin/../lib/gcc/arm-none-eabi/7.3.1/../../../../arm-none-eabi/lib/thumb/v7-m/libc_nano.a(lib_a-mprec.o)
                0x000000000800f4bc                __lo0bits
 .text.__i2b    0x000000000800f51a       0x12 /usr/bin/../lib/gcc/arm-none-eabi/7.3.1/../../../../arm-none-eabi/lib/thumb/v7-m/libc_nano.a(lib_a-mprec.o)
                0x000000000800f51a                __i2b
 .text.__multiply
                0x000000000800f52c      0x12a /usr/bin/../lib/gcc/arm-none-eabi/7.3.1/../../../../arm-none-eabi/lib/thumb/v7-m/libc_nano.a(lib_a-mprec.o)
                0x000000000800f52c                __multiply
 *fill*         0x000000000800f656        0x2 
 .text.__pow5mult
                0x000000000800f658       0x9c /usr/bin/../lib/gcc/arm-none-eabi/7.3.1/../../../../arm-none-eabi/lib/thumb/v7-m/libc_nano.a(lib_a-mprec.o)
                0x000000000800f658                __pow5mult
 .text.__lshift
                0x000000000800f6f4       0xa8 /usr/bin/../lib/gcc/arm-none-eabi/7.3.1/../../../../arm-none-eabi/lib/thumb/v7-m/libc_nano.a(lib_a-mprec.o)
                0x000000000800f6f4                __lshift
 .text.__mcmp   0x000000000800f79c       0x34 /usr/bin/../lib/gcc/arm-none-eabi/7.3.1/../../../../arm-none-eabi/lib/thumb/v7-m/libc_nano.a(lib_a-mprec.o)
                0x000000000800f79c                __mcmp
 .text.__mdiff  0x000000000800f7d0       0xbc /usr/bin/../lib/gcc/arm-none-eabi/7.3.1/../../../../arm-none-eabi/lib/thumb/v7-m/libc_nano.a(lib_a-mprec.o)
                0x000000000800f7d0                __mdiff
 .text.__ulp    0x000000000800f88c       0x48 /usr/bin/../lib/gcc/arm-none-eabi/7.3.1/../../../../arm-none-eabi/lib/thumb/v7-m/libc_nano.a(lib_a-mprec.o)
                0x000000000800f88c                __ulp
 .text.__b2d    0x000000000800f8d4       0xa4 /usr/bin/../lib/gcc/arm-none-eabi/7.3.1/../../../../arm-none-eabi/lib/thumb/v7-m/libc_nano.a(lib_a-mprec.o)
                0x000000000800f8d4                __b2d
 .text.__d2b    0x000000000800f978       0x9e /usr/bin/../lib/gcc/arm-none-eabi/7.3.1/../../../../arm-none-eabi/lib/thumb/v7-m/libc_nano.a(lib_a-mprec.o)
                0x000000000800f978                __d2b
 .text.__ratio  0x000000000800fa16       0x5c /usr/bin/../lib/gcc/arm-none-eabi/7.3.1/../../../../arm-none-eabi/lib/thumb/v7-m/libc_nano.a(lib_a-mprec.o)
                0x000000000800fa16                __ratio
 .text.__copybits
                0x000000000800fa72       0x34 /usr/bin/../lib/gcc/arm-none-eabi/7.3.1/../../../../arm-none-eabi/lib/thumb/v7-m/libc_nano.a(lib_a-mprec.o)
                0x000000000800fa72                __copybits
 .text.__any_on
                0x000000000800faa6       0x42 /usr/bin/../lib/gcc/arm-none-eabi/7.3.1/../../../../arm-none-eabi/lib/thumb/v7-m/libc_nano.a(lib_a-mprec.o)
                0x000000000800faa6                __any_on
 .text._calloc_r
                0x000000000800fae8       0x1c /usr/bin/../lib/gcc/arm-none-eabi/7.3.1/../../../../arm-none-eabi/lib/thumb/v7-m/libc_nano.a(lib_a-nano-callocr.o)
                0x000000000800fae8                _calloc_r
 .text.__ssputs_r
                0x000000000800fb04       0xb4 /usr/bin/../lib/gcc/arm-none-eabi/7.3.1/../../../../arm-none-eabi/lib/thumb/v7-m/libc_nano.a(lib_a-nano-svfprintf.o)
                0x000000000800fb04                __ssputs_r
 .text._svfprintf_r
                0x000000000800fbb8      0x1f0 /usr/bin/../lib/gcc/arm-none-eabi/7.3.1/../../../../arm-none-eabi/lib/thumb/v7-m/libc_nano.a(lib_a-nano-svfprintf.o)
                0x000000000800fbb8                _svfprintf_r
                0x000000000800fbb8                _svfiprintf_r
 .text.__sfputc_r
                0x000000000800fda8       0x2a /usr/bin/../lib/gcc/arm-none-eabi/7.3.1/../../../../arm-none-eabi/lib/thumb/v7-m/libc_nano.a(lib_a-nano-vfprintf.o)
 .text.__sfputs_r
                0x000000000800fdd2       0x24 /usr/bin/../lib/gcc/arm-none-eabi/7.3.1/../../../../arm-none-eabi/lib/thumb/v7-m/libc_nano.a(lib_a-nano-vfprintf.o)
                0x000000000800fdd2                __sfputs_r
 *fill*         0x000000000800fdf6        0x2 
 .text._vfprintf_r
                0x000000000800fdf8      0x22c /usr/bin/../lib/gcc/arm-none-eabi/7.3.1/../../../../arm-none-eabi/lib/thumb/v7-m/libc_nano.a(lib_a-nano-vfprintf.o)
                0x000000000800fdf8                _vfiprintf_r
                0x000000000800fdf8                _vfprintf_r
 .text._printf_common
                0x0000000008010024       0xec /usr/bin/../lib/gcc/arm-none-eabi/7.3.1/../../../../arm-none-eabi/lib/thumb/v7-m/libc_nano.a(lib_a-nano-vfprintf_i.o)
                0x0000000008010024                _printf_common
 .text._printf_i
                0x0000000008010110      0x224 /usr/bin/../lib/gcc/arm-none-eabi/7.3.1/../../../../arm-none-eabi/lib/thumb/v7-m/libc_nano.a(lib_a-nano-vfprintf_i.o)
                0x0000000008010110                _printf_i
 .text.__sread  0x0000000008010334       0x22 /usr/bin/../lib/gcc/arm-none-eabi/7.3.1/../../../../arm-none-eabi/lib/thumb/v7-m/libc_nano.a(lib_a-stdio.o)
                0x0000000008010334                __sread
 .text.__swrite
                0x0000000008010356       0x38 /usr/bin/../lib/gcc/arm-none-eabi/7.3.1/../../../../arm-none-eabi/lib/thumb/v7-m/libc_nano.a(lib_a-stdio.o)
                0x0000000008010356                __swrite
 .text.__sseek  0x000000000801038e       0x24 /usr/bin/../lib/gcc/arm-none-eabi/7.3.1/../../../../arm-none-eabi/lib/thumb/v7-m/libc_nano.a(lib_a-stdio.o)
                0x000000000801038e                __sseek
 .text.__sclose
                0x00000000080103b2        0x8 /usr/bin/../lib/gcc/arm-none-eabi/7.3.1/../../../../arm-none-eabi/lib/thumb/v7-m/libc_nano.a(lib_a-stdio.o)
                0x00000000080103b2                __sclose
 .text.strncmp  0x00000000080103ba       0x24 /usr/bin/../lib/gcc/arm-none-eabi/7.3.1/../../../../arm-none-eabi/lib/thumb/v7-m/libc_nano.a(lib_a-strncmp.o)
                0x00000000080103ba                strncmp
 .text.wcvt     0x00000000080103de       0xdc /usr/bin/../lib/gcc/arm-none-eabi/7.3.1/../../../../arm-none-eabi/lib/thumb/v7-m/libc_nano.a(lib_a-svfwprintf.o)
 *fill*         0x00000000080104ba        0x2 
 .text._svfwprintf_r
                0x00000000080104bc      0xb18 /usr/bin/../lib/gcc/arm-none-eabi/7.3.1/../../../../arm-none-eabi/lib/thumb/v7-m/libc_nano.a(lib_a-svfwprintf.o)
                0x00000000080104bc                _svfwprintf_r
 .text.__swbuf_r
                0x0000000008010fd4       0xa4 /usr/bin/../lib/gcc/arm-none-eabi/7.3.1/../../../../arm-none-eabi/lib/thumb/v7-m/libc_nano.a(lib_a-wbuf.o)
                0x0000000008010fd4                __swbuf_r
 .text.__ascii_wctomb
                0x0000000008011078       0x1a /usr/bin/../lib/gcc/arm-none-eabi/7.3.1/../../../../arm-none-eabi/lib/thumb/v7-m/libc_nano.a(lib_a-wctomb_r.o)
                0x0000000008011078                __ascii_wctomb
 .text.wmemchr  0x0000000008011092       0x1c /usr/bin/../lib/gcc/arm-none-eabi/7.3.1/../../../../arm-none-eabi/lib/thumb/v7-m/libc_nano.a(lib_a-wmemchr.o)
                0x0000000008011092                wmemchr
 *fill*         0x00000000080110ae        0x2 
 .text._write_r